Archive member included to satisfy reference by file (symbol)

c:/users/simas/appdata/roaming/xpacks/@xpack-dev-tools/arm-none-eabi-gcc/10.2.1-1.1.2/.content/bin/../lib/gcc/arm-none-eabi/10.2.1/thumb/v7e-m/nofp\libgcc.a(_aeabi_uldivmod.o)
                              ./system/src/stm32f4-hal/stm32f4xx_hal_rcc.o (__aeabi_uldivmod)
c:/users/simas/appdata/roaming/xpacks/@xpack-dev-tools/arm-none-eabi-gcc/10.2.1-1.1.2/.content/bin/../lib/gcc/arm-none-eabi/10.2.1/thumb/v7e-m/nofp\libgcc.a(_udivmoddi4.o)
                              c:/users/simas/appdata/roaming/xpacks/@xpack-dev-tools/arm-none-eabi-gcc/10.2.1-1.1.2/.content/bin/../lib/gcc/arm-none-eabi/10.2.1/thumb/v7e-m/nofp\libgcc.a(_aeabi_uldivmod.o) (__udivmoddi4)
c:/users/simas/appdata/roaming/xpacks/@xpack-dev-tools/arm-none-eabi-gcc/10.2.1-1.1.2/.content/bin/../lib/gcc/arm-none-eabi/10.2.1/thumb/v7e-m/nofp\libgcc.a(_dvmd_tls.o)
                              c:/users/simas/appdata/roaming/xpacks/@xpack-dev-tools/arm-none-eabi-gcc/10.2.1-1.1.2/.content/bin/../lib/gcc/arm-none-eabi/10.2.1/thumb/v7e-m/nofp\libgcc.a(_aeabi_uldivmod.o) (__aeabi_ldiv0)
c:/users/simas/appdata/roaming/xpacks/@xpack-dev-tools/arm-none-eabi-gcc/10.2.1-1.1.2/.content/bin/../lib/gcc/arm-none-eabi/10.2.1/../../../../arm-none-eabi/lib/thumb/v7e-m/nofp\libg_nano.a(lib_a-ctype_.o)
                              ./system/src/newlib/syscalls.o (_ctype_)
c:/users/simas/appdata/roaming/xpacks/@xpack-dev-tools/arm-none-eabi-gcc/10.2.1-1.1.2/.content/bin/../lib/gcc/arm-none-eabi/10.2.1/../../../../arm-none-eabi/lib/thumb/v7e-m/nofp\libg_nano.a(lib_a-errno.o)
                              ./system/src/newlib/sbrk.o (__errno)
c:/users/simas/appdata/roaming/xpacks/@xpack-dev-tools/arm-none-eabi-gcc/10.2.1-1.1.2/.content/bin/../lib/gcc/arm-none-eabi/10.2.1/../../../../arm-none-eabi/lib/thumb/v7e-m/nofp\libg_nano.a(lib_a-findfp.o)
                              ./system/src/newlib/syscalls.o (__sinit)
c:/users/simas/appdata/roaming/xpacks/@xpack-dev-tools/arm-none-eabi-gcc/10.2.1-1.1.2/.content/bin/../lib/gcc/arm-none-eabi/10.2.1/../../../../arm-none-eabi/lib/thumb/v7e-m/nofp\libg_nano.a(lib_a-fwalk.o)
                              c:/users/simas/appdata/roaming/xpacks/@xpack-dev-tools/arm-none-eabi-gcc/10.2.1-1.1.2/.content/bin/../lib/gcc/arm-none-eabi/10.2.1/../../../../arm-none-eabi/lib/thumb/v7e-m/nofp\libg_nano.a(lib_a-findfp.o) (_fwalk)
c:/users/simas/appdata/roaming/xpacks/@xpack-dev-tools/arm-none-eabi-gcc/10.2.1-1.1.2/.content/bin/../lib/gcc/arm-none-eabi/10.2.1/../../../../arm-none-eabi/lib/thumb/v7e-m/nofp\libg_nano.a(lib_a-impure.o)
                              c:/users/simas/appdata/roaming/xpacks/@xpack-dev-tools/arm-none-eabi-gcc/10.2.1-1.1.2/.content/bin/../lib/gcc/arm-none-eabi/10.2.1/../../../../arm-none-eabi/lib/thumb/v7e-m/nofp\libg_nano.a(lib_a-findfp.o) (_global_impure_ptr)
c:/users/simas/appdata/roaming/xpacks/@xpack-dev-tools/arm-none-eabi-gcc/10.2.1-1.1.2/.content/bin/../lib/gcc/arm-none-eabi/10.2.1/../../../../arm-none-eabi/lib/thumb/v7e-m/nofp\libg_nano.a(lib_a-lock.o)
                              c:/users/simas/appdata/roaming/xpacks/@xpack-dev-tools/arm-none-eabi-gcc/10.2.1-1.1.2/.content/bin/../lib/gcc/arm-none-eabi/10.2.1/../../../../arm-none-eabi/lib/thumb/v7e-m/nofp\libg_nano.a(lib_a-findfp.o) (__retarget_lock_init_recursive)
c:/users/simas/appdata/roaming/xpacks/@xpack-dev-tools/arm-none-eabi-gcc/10.2.1-1.1.2/.content/bin/../lib/gcc/arm-none-eabi/10.2.1/../../../../arm-none-eabi/lib/thumb/v7e-m/nofp\libg_nano.a(lib_a-memset.o)
                              ./system/src/newlib/syscalls.o (memset)
c:/users/simas/appdata/roaming/xpacks/@xpack-dev-tools/arm-none-eabi-gcc/10.2.1-1.1.2/.content/bin/../lib/gcc/arm-none-eabi/10.2.1/../../../../arm-none-eabi/lib/thumb/v7e-m/nofp\libg_nano.a(lib_a-nano-mallocr.o)
                              c:/users/simas/appdata/roaming/xpacks/@xpack-dev-tools/arm-none-eabi-gcc/10.2.1-1.1.2/.content/bin/../lib/gcc/arm-none-eabi/10.2.1/../../../../arm-none-eabi/lib/thumb/v7e-m/nofp\libg_nano.a(lib_a-findfp.o) (_malloc_r)
c:/users/simas/appdata/roaming/xpacks/@xpack-dev-tools/arm-none-eabi-gcc/10.2.1-1.1.2/.content/bin/../lib/gcc/arm-none-eabi/10.2.1/../../../../arm-none-eabi/lib/thumb/v7e-m/nofp\libg_nano.a(lib_a-sbrkr.o)
                              c:/users/simas/appdata/roaming/xpacks/@xpack-dev-tools/arm-none-eabi-gcc/10.2.1-1.1.2/.content/bin/../lib/gcc/arm-none-eabi/10.2.1/../../../../arm-none-eabi/lib/thumb/v7e-m/nofp\libg_nano.a(lib_a-nano-mallocr.o) (_sbrk_r)
c:/users/simas/appdata/roaming/xpacks/@xpack-dev-tools/arm-none-eabi-gcc/10.2.1-1.1.2/.content/bin/../lib/gcc/arm-none-eabi/10.2.1/../../../../arm-none-eabi/lib/thumb/v7e-m/nofp\libg_nano.a(lib_a-stdio.o)
                              c:/users/simas/appdata/roaming/xpacks/@xpack-dev-tools/arm-none-eabi-gcc/10.2.1-1.1.2/.content/bin/../lib/gcc/arm-none-eabi/10.2.1/../../../../arm-none-eabi/lib/thumb/v7e-m/nofp\libg_nano.a(lib_a-findfp.o) (__sread)
[...]
Memory Configuration

Name             Origin             Length             Attributes
RAM              0x0000000020000000 0x0000000000020000 xrw
CCMRAM           0x0000000010000000 0x0000000000010000 xrw
FLASH            0x0000000008000000 0x0000000000100000 xr
FLASHB1          0x0000000000000000 0x0000000000000000 xr
EXTMEMB0         0x0000000000000000 0x0000000000000000 xr
EXTMEMB1         0x0000000000000000 0x0000000000000000 xr
EXTMEMB2         0x0000000000000000 0x0000000000000000 xr
EXTMEMB3         0x0000000000000000 0x0000000000000000 xr
MEMORY_ARRAY     0x0000000020002000 0x0000000000000020 xrw
*default*        0x0000000000000000 0xffffffffffffffff

Linker script and memory map

LOAD ./system/src/stm32f4-hal/stm32f4xx_hal.o
LOAD ./system/src/stm32f4-hal/stm32f4xx_hal_cortex.o
LOAD ./system/src/stm32f4-hal/stm32f4xx_hal_flash.o
LOAD ./system/src/stm32f4-hal/stm32f4xx_hal_flash_ex.o
LOAD ./system/src/stm32f4-hal/stm32f4xx_hal_flash_ramfunc.o
LOAD ./system/src/stm32f4-hal/stm32f4xx_hal_gpio.o
LOAD ./system/src/stm32f4-hal/stm32f4xx_hal_iwdg.o
LOAD ./system/src/stm32f4-hal/stm32f4xx_hal_pwr.o
LOAD ./system/src/stm32f4-hal/stm32f4xx_hal_rcc.o
LOAD ./system/src/stm32f4-hal/stm32f4xx_hal_tim.o
LOAD ./system/src/newlib/assert.o
LOAD ./system/src/newlib/cxx.o
LOAD ./system/src/newlib/exit.o
LOAD ./system/src/newlib/sbrk.o
LOAD ./system/src/newlib/startup.o
LOAD ./system/src/newlib/syscalls.o
LOAD ./system/src/diag/trace-impl.o
LOAD ./system/src/diag/trace.o
LOAD ./system/src/cortexm/exception-handlers.o
LOAD ./system/src/cortexm/initialize-hardware.o
LOAD ./system/src/cortexm/reset-hardware.o
LOAD ./system/src/cmsis/system_stm32f4xx.o
LOAD ./system/src/cmsis/vectors_stm32f407xx.o
LOAD ./src/initialize-hardware.o
LOAD ./src/led.o
LOAD ./src/main.o
LOAD ./src/stm32f4xx_hal_msp.o
LOAD ./src/timer.o
LOAD ./src/write.o
LOAD c:/users/simas/appdata/roaming/xpacks/@xpack-dev-tools/arm-none-eabi-gcc/10.2.1-1.1.2/.content/bin/../lib/gcc/arm-none-eabi/10.2.1/../../../../arm-none-eabi/lib/thumb/v7e-m/nofp\libstdc++_nano.a
LOAD c:/users/simas/appdata/roaming/xpacks/@xpack-dev-tools/arm-none-eabi-gcc/10.2.1-1.1.2/.content/bin/../lib/gcc/arm-none-eabi/10.2.1/../../../../arm-none-eabi/lib/thumb/v7e-m/nofp\libm.a
START GROUP
LOAD c:/users/simas/appdata/roaming/xpacks/@xpack-dev-tools/arm-none-eabi-gcc/10.2.1-1.1.2/.content/bin/../lib/gcc/arm-none-eabi/10.2.1/thumb/v7e-m/nofp\libgcc.a
LOAD c:/users/simas/appdata/roaming/xpacks/@xpack-dev-tools/arm-none-eabi-gcc/10.2.1-1.1.2/.content/bin/../lib/gcc/arm-none-eabi/10.2.1/../../../../arm-none-eabi/lib/thumb/v7e-m/nofp\libg_nano.a
LOAD c:/users/simas/appdata/roaming/xpacks/@xpack-dev-tools/arm-none-eabi-gcc/10.2.1-1.1.2/.content/bin/../lib/gcc/arm-none-eabi/10.2.1/../../../../arm-none-eabi/lib/thumb/v7e-m/nofp\libc_nano.a
END GROUP
START GROUP
LOAD c:/users/simas/appdata/roaming/xpacks/@xpack-dev-tools/arm-none-eabi-gcc/10.2.1-1.1.2/.content/bin/../lib/gcc/arm-none-eabi/10.2.1/thumb/v7e-m/nofp\libgcc.a
LOAD c:/users/simas/appdata/roaming/xpacks/@xpack-dev-tools/arm-none-eabi-gcc/10.2.1-1.1.2/.content/bin/../lib/gcc/arm-none-eabi/10.2.1/../../../../arm-none-eabi/lib/thumb/v7e-m/nofp\libc_nano.a
END GROUP
                0x0000000020020000                __stack = (ORIGIN (RAM) + LENGTH (RAM))
                0x0000000020020000                _estack = __stack
                0x0000000000000400                __Main_Stack_Size = 0x400
                [!provide]                        PROVIDE (_Main_Stack_Size = __Main_Stack_Size)
                0x000000002001fc00                __Main_Stack_Limit = (__stack - __Main_Stack_Size)
                [!provide]                        PROVIDE (_Main_Stack_Limit = __Main_Stack_Limit)
                0x0000000000000100                _Minimum_Stack_Size = 0x100
                0x00000000200002c0                PROVIDE (_Heap_Begin = _end_noinit)
                0x000000002001fc00                PROVIDE (_Heap_Limit = (__stack - __Main_Stack_Size))

.isr_vector     0x0000000008000000      0x3e8
 FILL mask 0xff
                0x0000000008000000                __vectors_start = ABSOLUTE (.)
                0x0000000008000000                __vectors_start__ = ABSOLUTE (.)
 *(.isr_vector)
 .isr_vector    0x0000000008000000      0x188 ./system/src/cmsis/vectors_stm32f407xx.o
                0x0000000008000000                __isr_vectors
 *(.cfmconfig)
 *(.after_vectors .after_vectors.*)
 .after_vectors
                0x0000000008000188      0x130 ./system/src/newlib/startup.o
                0x0000000008000188                _start
 .after_vectors
                0x00000000080002b8      0x12c ./system/src/cortexm/exception-handlers.o
                0x00000000080002b8                Reset_Handler
                0x00000000080002be                NMI_Handler
                0x00000000080002c2                HardFault_Handler
                0x00000000080002d6                HardFault_Handler_C
                0x0000000008000334                MemManage_Handler
                0x0000000008000338                BusFault_Handler
                0x000000000800034c                BusFault_Handler_C
                0x0000000008000380                UsageFault_Handler
                0x0000000008000394                UsageFault_Handler_C
                0x00000000080003c8                SVC_Handler
                0x00000000080003cc                DebugMon_Handler
                0x00000000080003d0                PendSV_Handler
 .after_vectors
                0x00000000080003e4        0x4 ./system/src/cmsis/vectors_stm32f407xx.o
                0x00000000080003e4                RTC_Alarm_IRQHandler
                0x00000000080003e4                HASH_RNG_IRQHandler
                0x00000000080003e4                EXTI2_IRQHandler
                0x00000000080003e4                TIM8_CC_IRQHandler
                0x00000000080003e4                TIM1_CC_IRQHandler
                0x00000000080003e4                DMA2_Stream5_IRQHandler
                0x00000000080003e4                DMA1_Stream5_IRQHandler
                0x00000000080003e4                PVD_IRQHandler
                0x00000000080003e4                SDIO_IRQHandler
                0x00000000080003e4                TAMP_STAMP_IRQHandler
                0x00000000080003e4                CAN2_RX1_IRQHandler
                0x00000000080003e4                EXTI3_IRQHandler
                0x00000000080003e4                TIM8_TRG_COM_TIM14_IRQHandler
                0x00000000080003e4                TIM1_UP_TIM10_IRQHandler
                0x00000000080003e4                TIM8_UP_TIM13_IRQHandler
                0x00000000080003e4                I2C3_ER_IRQHandler
                0x00000000080003e4                EXTI0_IRQHandler
                0x00000000080003e4                I2C2_EV_IRQHandler
                0x00000000080003e4                DMA1_Stream2_IRQHandler
                0x00000000080003e4                CAN1_RX0_IRQHandler
                0x00000000080003e4                FPU_IRQHandler
                0x00000000080003e4                OTG_HS_WKUP_IRQHandler
                0x00000000080003e4                CAN2_SCE_IRQHandler
                0x00000000080003e4                DMA2_Stream2_IRQHandler
                0x00000000080003e4                SPI1_IRQHandler
                0x00000000080003e4                TIM6_DAC_IRQHandler
                0x00000000080003e4                TIM1_BRK_TIM9_IRQHandler
                0x00000000080003e4                DCMI_IRQHandler
                0x00000000080003e4                CAN2_RX0_IRQHandler
                0x00000000080003e4                DMA2_Stream3_IRQHandler
                0x00000000080003e4                USART6_IRQHandler
                0x00000000080003e4                USART3_IRQHandler
                0x00000000080003e4                CAN1_RX1_IRQHandler
                0x00000000080003e4                UART5_IRQHandler
                0x00000000080003e4                DMA2_Stream0_IRQHandler
                0x00000000080003e4                TIM4_IRQHandler
                0x00000000080003e4                I2C1_EV_IRQHandler
                0x00000000080003e4                DMA1_Stream6_IRQHandler
                0x00000000080003e4                DMA1_Stream1_IRQHandler
                0x00000000080003e4                UART4_IRQHandler
                0x00000000080003e4                TIM3_IRQHandler
                0x00000000080003e4                RCC_IRQHandler
                0x00000000080003e4                TIM8_BRK_TIM12_IRQHandler
                0x00000000080003e4                Default_Handler
                0x00000000080003e4                EXTI15_10_IRQHandler
                0x00000000080003e4                ADC_IRQHandler
                0x00000000080003e4                DMA1_Stream7_IRQHandler
                0x00000000080003e4                TIM7_IRQHandler
                0x00000000080003e4                CAN2_TX_IRQHandler
                0x00000000080003e4                TIM5_IRQHandler
                0x00000000080003e4                DMA2_Stream7_IRQHandler
                0x00000000080003e4                I2C3_EV_IRQHandler
                0x00000000080003e4                EXTI9_5_IRQHandler
                0x00000000080003e4                RTC_WKUP_IRQHandler
                0x00000000080003e4                ETH_WKUP_IRQHandler
                0x00000000080003e4                SPI2_IRQHandler
                0x00000000080003e4                OTG_HS_EP1_IN_IRQHandler
                0x00000000080003e4                DMA1_Stream0_IRQHandler
                0x00000000080003e4                CAN1_TX_IRQHandler
                0x00000000080003e4                EXTI4_IRQHandler
                0x00000000080003e4                ETH_IRQHandler
                0x00000000080003e4                OTG_HS_EP1_OUT_IRQHandler
                0x00000000080003e4                WWDG_IRQHandler
                0x00000000080003e4                TIM2_IRQHandler
                0x00000000080003e4                OTG_FS_WKUP_IRQHandler
                0x00000000080003e4                TIM1_TRG_COM_TIM11_IRQHandler
                0x00000000080003e4                OTG_HS_IRQHandler
                0x00000000080003e4                EXTI1_IRQHandler
                0x00000000080003e4                USART2_IRQHandler
                0x00000000080003e4                I2C2_ER_IRQHandler
                0x00000000080003e4                DMA2_Stream1_IRQHandler
                0x00000000080003e4                CAN1_SCE_IRQHandler
                0x00000000080003e4                FLASH_IRQHandler
                0x00000000080003e4                DMA2_Stream4_IRQHandler
                0x00000000080003e4                USART1_IRQHandler
                0x00000000080003e4                OTG_FS_IRQHandler
                0x00000000080003e4                SPI3_IRQHandler
                0x00000000080003e4                DMA1_Stream4_IRQHandler
                0x00000000080003e4                I2C1_ER_IRQHandler
                0x00000000080003e4                FMC_IRQHandler
                0x00000000080003e4                DMA2_Stream6_IRQHandler
                0x00000000080003e4                DMA1_Stream3_IRQHandler

.inits          0x00000000080003e8       0x2c
                0x00000000080003e8                __data_regions_array_start = .
                0x00000000080003e8        0x4 LONG 0x8003398 LOADADDR (.data)
                0x00000000080003ec        0x4 LONG 0x20000000 ADDR (.data)
                0x00000000080003f0        0x4 LONG 0x200000b8 (ADDR (.data) + SIZEOF (.data))
                0x00000000080003f4        0x4 LONG 0x8003398 LOADADDR (.data_CCMRAM)
                0x00000000080003f8        0x4 LONG 0x10000000 ADDR (.data_CCMRAM)
                0x00000000080003fc        0x4 LONG 0x10000000 (ADDR (.data_CCMRAM) + SIZEOF (.data_CCMRAM))
                0x0000000008000400                __data_regions_array_end = .
                0x0000000008000400                __bss_regions_array_start = .
                0x0000000008000400        0x4 LONG 0x200000b8 ADDR (.bss)
                0x0000000008000404        0x4 LONG 0x200002c0 (ADDR (.bss) + SIZEOF (.bss))
                0x0000000008000408        0x4 LONG 0x10000000 ADDR (.bss_CCMRAM)
                0x000000000800040c        0x4 LONG 0x10000000 (ADDR (.bss_CCMRAM) + SIZEOF (.bss_CCMRAM))
                0x0000000008000410                __bss_regions_array_end = .
 *(.init)
 *(.fini)
                0x0000000008000410                . = ALIGN (0x4)
                0x0000000008000410                PROVIDE (__preinit_array_start = .)
 *(.preinit_array_sysinit .preinit_array_sysinit.*)
 *(.preinit_array_platform .preinit_array_platform.*)
 *(.preinit_array .preinit_array.*)
                0x0000000008000410                PROVIDE (__preinit_array_end = .)
                0x0000000008000410                . = ALIGN (0x4)
                0x0000000008000410                PROVIDE (__init_array_start = .)
 *(SORT_BY_NAME(.init_array.*))
 *(.init_array)
 .init_array    0x0000000008000410        0x4 ./src/main.o
                0x0000000008000414                PROVIDE (__init_array_end = .)
                0x0000000008000414                . = ALIGN (0x4)
                0x0000000008000414                PROVIDE (__fini_array_start = .)
 *(SORT_BY_NAME(.fini_array.*))
 *(.fini_array)
                0x0000000008000414                PROVIDE (__fini_array_end = .)

.flashtext
 *(.flashtext .flashtext.*)

.text           0x0000000008000420     0x2f6f
 *(.text .text.*)
 .text.HAL_InitTick
                0x0000000008000420       0x4c ./system/src/stm32f4-hal/stm32f4xx_hal.o
                0x0000000008000420                HAL_InitTick
 .text.HAL_Init
                0x000000000800046c       0x34 ./system/src/stm32f4-hal/stm32f4xx_hal.o
                0x000000000800046c                HAL_Init
 .text.HAL_IncTick
                0x00000000080004a0       0x18 ./system/src/stm32f4-hal/stm32f4xx_hal.o
                0x00000000080004a0                HAL_IncTick
 .text.HAL_GetTick
                0x00000000080004b8        0xc ./system/src/stm32f4-hal/stm32f4xx_hal.o
                0x00000000080004b8                HAL_GetTick
 .text.HAL_Delay
                0x00000000080004c4       0x28 ./system/src/stm32f4-hal/stm32f4xx_hal.o
                0x00000000080004c4                HAL_Delay
 .text.HAL_NVIC_SetPriorityGrouping
                0x00000000080004ec       0x3c ./system/src/stm32f4-hal/stm32f4xx_hal_cortex.o
                0x00000000080004ec                HAL_NVIC_SetPriorityGrouping
 .text.HAL_NVIC_SetPriority
                0x0000000008000528       0x8c ./system/src/stm32f4-hal/stm32f4xx_hal_cortex.o
                0x0000000008000528                HAL_NVIC_SetPriority
 .text.HAL_SYSTICK_Config
                0x00000000080005b4       0x28 ./system/src/stm32f4-hal/stm32f4xx_hal_cortex.o
                0x00000000080005b4                HAL_SYSTICK_Config
 .text.HAL_SYSTICK_CLKSourceConfig
                0x00000000080005dc       0x3c ./system/src/stm32f4-hal/stm32f4xx_hal_cortex.o
                0x00000000080005dc                HAL_SYSTICK_CLKSourceConfig
 .text.HAL_GPIO_Init
                0x0000000008000618      0x2f4 ./system/src/stm32f4-hal/stm32f4xx_hal_gpio.o
                0x0000000008000618                HAL_GPIO_Init
 .text.HAL_GPIO_ReadPin
                0x000000000800090c       0x28 ./system/src/stm32f4-hal/stm32f4xx_hal_gpio.o
                0x000000000800090c                HAL_GPIO_ReadPin
 .text.HAL_GPIO_WritePin
                0x0000000008000934       0x38 ./system/src/stm32f4-hal/stm32f4xx_hal_gpio.o
                0x0000000008000934                HAL_GPIO_WritePin
 .text.HAL_RCC_OscConfig
                0x000000000800096c      0x4f0 ./system/src/stm32f4-hal/stm32f4xx_hal_rcc.o
                0x000000000800096c                HAL_RCC_OscConfig
 .text.HAL_RCC_GetSysClockFreq
                0x0000000008000e5c       0xd4 ./system/src/stm32f4-hal/stm32f4xx_hal_rcc.o
                0x0000000008000e5c                HAL_RCC_GetSysClockFreq
 .text.HAL_RCC_ClockConfig
                0x0000000008000f30      0x21c ./system/src/stm32f4-hal/stm32f4xx_hal_rcc.o
                0x0000000008000f30                HAL_RCC_ClockConfig
 .text.HAL_RCC_GetHCLKFreq
                0x000000000800114c        0xc ./system/src/stm32f4-hal/stm32f4xx_hal_rcc.o
                0x000000000800114c                HAL_RCC_GetHCLKFreq
 .text.TIM_OC1_SetConfig
                0x0000000008001158       0xb4 ./system/src/stm32f4-hal/stm32f4xx_hal_tim.o
 .text.TIM_OC3_SetConfig
                0x000000000800120c       0xbc ./system/src/stm32f4-hal/stm32f4xx_hal_tim.o
 .text.TIM_OC4_SetConfig
                0x00000000080012c8       0x74 ./system/src/stm32f4-hal/stm32f4xx_hal_tim.o
 .text.HAL_TIM_Base_MspInit
                0x000000000800133c        0x2 ./system/src/stm32f4-hal/stm32f4xx_hal_tim.o
                0x000000000800133c                HAL_TIM_Base_MspInit
 *fill*         0x000000000800133e        0x2 
 .text.HAL_TIM_Base_Start
                0x0000000008001340       0xa8 ./system/src/stm32f4-hal/stm32f4xx_hal_tim.o
                0x0000000008001340                HAL_TIM_Base_Start
 .text.HAL_TIM_PWM_MspInit
                0x00000000080013e8        0x2 ./system/src/stm32f4-hal/stm32f4xx_hal_tim.o
                0x00000000080013e8                HAL_TIM_PWM_MspInit
 *fill*         0x00000000080013ea        0x2 
 .text.TIM_Base_SetConfig
                0x00000000080013ec       0xc8 ./system/src/stm32f4-hal/stm32f4xx_hal_tim.o
                0x00000000080013ec                TIM_Base_SetConfig
 .text.HAL_TIM_Base_Init
                0x00000000080014b4      0x108 ./system/src/stm32f4-hal/stm32f4xx_hal_tim.o
                0x00000000080014b4                HAL_TIM_Base_Init
 .text.HAL_TIM_PWM_Init
                0x00000000080015bc      0x108 ./system/src/stm32f4-hal/stm32f4xx_hal_tim.o
                0x00000000080015bc                HAL_TIM_PWM_Init
 .text.TIM_OC2_SetConfig
                0x00000000080016c4       0xc0 ./system/src/stm32f4-hal/stm32f4xx_hal_tim.o
                0x00000000080016c4                TIM_OC2_SetConfig
 .text.HAL_TIM_PWM_ConfigChannel
                0x0000000008001784      0x278 ./system/src/stm32f4-hal/stm32f4xx_hal_tim.o
                0x0000000008001784                HAL_TIM_PWM_ConfigChannel
 .text.TIM_CCxChannelCmd
                0x00000000080019fc       0xb4 ./system/src/stm32f4-hal/stm32f4xx_hal_tim.o
                0x00000000080019fc                TIM_CCxChannelCmd
 .text.HAL_TIM_PWM_Start
                0x0000000008001ab0       0xf8 ./system/src/stm32f4-hal/stm32f4xx_hal_tim.o
                0x0000000008001ab0                HAL_TIM_PWM_Start
 .text._sbrk    0x0000000008001ba8       0x44 ./system/src/newlib/sbrk.o
                0x0000000008001ba8                _sbrk
 .text._exit    0x0000000008001bec       0x20 ./system/src/newlib/syscalls.o
                0x0000000008001bec                _exit
 .text.initialise_monitor_handles
                0x0000000008001c0c       0xa8 ./system/src/newlib/syscalls.o
                0x0000000008001c0c                initialise_monitor_handles
 .text.__initialize_args
                0x0000000008001cb4       0xc0 ./system/src/newlib/syscalls.o
                0x0000000008001cb4                __initialize_args
 .text._trace_write_semihosting_debug
                0x0000000008001d74       0x60 ./system/src/diag/trace-impl.o
 .text.trace_write
                0x0000000008001dd4        0x8 ./system/src/diag/trace-impl.o
                0x0000000008001dd4                trace_write
 .text.trace_printf
                0x0000000008001ddc       0x34 ./system/src/diag/trace.o
                0x0000000008001ddc                trace_printf
 .text.dumpExceptionStack
                0x0000000008001e10       0xf4 ./system/src/cortexm/exception-handlers.o
                0x0000000008001e10                dumpExceptionStack
 .text.isSemihosting
                0x0000000008001f04      0x100 ./system/src/cortexm/exception-handlers.o
                0x0000000008001f04                isSemihosting
 .text.__initialize_hardware_early
                0x0000000008002004       0x18 ./system/src/cortexm/initialize-hardware.o
                0x0000000008002004                __initialize_hardware_early
 .text.SystemInit
                0x000000000800201c       0x10 ./system/src/cmsis/system_stm32f4xx.o
                0x000000000800201c                SystemInit
 .text.SystemCoreClockUpdate
                0x000000000800202c       0xa0 ./system/src/cmsis/system_stm32f4xx.o
                0x000000000800202c                SystemCoreClockUpdate
 .text.SystemClock_Config
                0x00000000080020cc       0xa0 ./src/initialize-hardware.o
                0x00000000080020cc                SystemClock_Config
 .text.__initialize_hardware
                0x000000000800216c       0x10 ./src/initialize-hardware.o
                0x000000000800216c                __initialize_hardware
 .text.assert_failed
                0x000000000800217c       0x14 ./src/initialize-hardware.o
                0x000000000800217c                assert_failed
 .text._ZN3ledC2Ejjb
                0x0000000008002190       0x10 ./src/led.o
                0x0000000008002190                led::led(unsigned int, unsigned int, bool)
                0x0000000008002190                led::led(unsigned int, unsigned int, bool)
 .text._Z41__static_initialization_and_destruction_0ii
                0x00000000080021a0       0x50 ./src/main.o
 .text._Z15initializeTimerv
                0x00000000080021f0       0x44 ./src/main.o
                0x00000000080021f0                initializeTimer()
 .text._Z14initializeLED2v
                0x0000000008002234       0x44 ./src/main.o
                0x0000000008002234                initializeLED2()
 .text._Z18InitializeTimerPWMi
                0x0000000008002278       0x38 ./src/main.o
                0x0000000008002278                InitializeTimerPWM(int)
 .text.main     0x00000000080022b0       0x7c ./src/main.o
                0x00000000080022b0                main
 .text._GLOBAL__sub_I_blinkLeds
                0x000000000800232c        0xe ./src/main.o
 .text.HAL_MspInit
                0x000000000800233a        0x2 ./src/stm32f4xx_hal_msp.o
                0x000000000800233a                HAL_MspInit
 .text._ZN5timer4tickEv
                0x000000000800233c       0x14 ./src/timer.o
                0x000000000800233c                timer::tick()
 .text.SysTick_Handler
                0x0000000008002350        0xc ./src/timer.o
                0x0000000008002350                SysTick_Handler
 .text          0x000000000800235c       0x30 c:/users/simas/appdata/roaming/xpacks/@xpack-dev-tools/arm-none-eabi-gcc/10.2.1-1.1.2/.content/bin/../lib/gcc/arm-none-eabi/10.2.1/thumb/v7e-m/nofp\libgcc.a(_aeabi_uldivmod.o)
                0x000000000800235c                __aeabi_uldivmod
 .text.__udivmoddi4
                0x000000000800238c      0x2d0 c:/users/simas/appdata/roaming/xpacks/@xpack-dev-tools/arm-none-eabi-gcc/10.2.1-1.1.2/.content/bin/../lib/gcc/arm-none-eabi/10.2.1/thumb/v7e-m/nofp\libgcc.a(_udivmoddi4.o)
                0x000000000800238c                __udivmoddi4
 .text          0x000000000800265c        0x4 c:/users/simas/appdata/roaming/xpacks/@xpack-dev-tools/arm-none-eabi-gcc/10.2.1-1.1.2/.content/bin/../lib/gcc/arm-none-eabi/10.2.1/thumb/v7e-m/nofp\libgcc.a(_dvmd_tls.o)
                0x000000000800265c                __aeabi_idiv0
                0x000000000800265c                __aeabi_ldiv0
 .text.__errno  0x0000000008002660        0xc c:/users/simas/appdata/roaming/xpacks/@xpack-dev-tools/arm-none-eabi-gcc/10.2.1-1.1.2/.content/bin/../lib/gcc/arm-none-eabi/10.2.1/../../../../arm-none-eabi/lib/thumb/v7e-m/nofp\libg_nano.a(lib_a-errno.o)
                0x0000000008002660                __errno
 .text.__retarget_lock_acquire_recursive
                0x000000000800266c        0x2 c:/users/simas/appdata/roaming/xpacks/@xpack-dev-tools/arm-none-eabi-gcc/10.2.1-1.1.2/.content/bin/../lib/gcc/arm-none-eabi/10.2.1/../../../../arm-none-eabi/lib/thumb/v7e-m/nofp\libg_nano.a(lib_a-lock.o)
                0x000000000800266c                __retarget_lock_acquire_recursive
 .text.__retarget_lock_release_recursive
                0x000000000800266e        0x2 c:/users/simas/appdata/roaming/xpacks/@xpack-dev-tools/arm-none-eabi-gcc/10.2.1-1.1.2/.content/bin/../lib/gcc/arm-none-eabi/10.2.1/../../../../arm-none-eabi/lib/thumb/v7e-m/nofp\libg_nano.a(lib_a-lock.o)
                0x000000000800266e                __retarget_lock_release_recursive
 .text._malloc_r
                0x0000000008002670       0xb4 c:/users/simas/appdata/roaming/xpacks/@xpack-dev-tools/arm-none-eabi-gcc/10.2.1-1.1.2/.content/bin/../lib/gcc/arm-none-eabi/10.2.1/../../../../arm-none-eabi/lib/thumb/v7e-m/nofp\libg_nano.a(lib_a-nano-mallocr.o)
                0x0000000008002670                _malloc_r
 .text._sbrk_r  0x0000000008002724       0x20 c:/users/simas/appdata/roaming/xpacks/@xpack-dev-tools/arm-none-eabi-gcc/10.2.1-1.1.2/.content/bin/../lib/gcc/arm-none-eabi/10.2.1/../../../../arm-none-eabi/lib/thumb/v7e-m/nofp\libg_nano.a(lib_a-sbrkr.o)
                0x0000000008002724                _sbrk_r
 .text          0x0000000008002744       0x14 c:/users/simas/appdata/roaming/xpacks/@xpack-dev-tools/arm-none-eabi-gcc/10.2.1-1.1.2/.content/bin/../lib/gcc/arm-none-eabi/10.2.1/../../../../arm-none-eabi/lib/thumb/v7e-m/nofp\libg_nano.a(lib_a-strcmp.o)
                0x0000000008002744                strcmp
 .text._vsnprintf_r
                0x0000000008002758       0x56 c:/users/simas/appdata/roaming/xpacks/@xpack-dev-tools/arm-none-eabi-gcc/10.2.1-1.1.2/.content/bin/../lib/gcc/arm-none-eabi/10.2.1/../../../../arm-none-eabi/lib/thumb/v7e-m/nofp\libg_nano.a(lib_a-vsnprintf.o)
                0x0000000008002758                _vsniprintf_r
                0x0000000008002758                _vsnprintf_r
 *fill*         0x00000000080027ae        0x2 
 .text.vsnprintf
                0x00000000080027b0       0x1c c:/users/simas/appdata/roaming/xpacks/@xpack-dev-tools/arm-none-eabi-gcc/10.2.1-1.1.2/.content/bin/../lib/gcc/arm-none-eabi/10.2.1/../../../../arm-none-eabi/lib/thumb/v7e-m/nofp\libg_nano.a(lib_a-vsnprintf.o)
                0x00000000080027b0                vsniprintf
                0x00000000080027b0                vsnprintf
 .text.__malloc_lock
                0x00000000080027cc        0xc c:/users/simas/appdata/roaming/xpacks/@xpack-dev-tools/arm-none-eabi-gcc/10.2.1-1.1.2/.content/bin/../lib/gcc/arm-none-eabi/10.2.1/../../../../arm-none-eabi/lib/thumb/v7e-m/nofp\libg_nano.a(lib_a-mlock.o)
                0x00000000080027cc                __malloc_lock
 .text.__malloc_unlock
                0x00000000080027d8        0xc c:/users/simas/appdata/roaming/xpacks/@xpack-dev-tools/arm-none-eabi-gcc/10.2.1-1.1.2/.content/bin/../lib/gcc/arm-none-eabi/10.2.1/../../../../arm-none-eabi/lib/thumb/v7e-m/nofp\libg_nano.a(lib_a-mlock.o)
                0x00000000080027d8                __malloc_unlock
 .text._free_r  0x00000000080027e4       0x94 c:/users/simas/appdata/roaming/xpacks/@xpack-dev-tools/arm-none-eabi-gcc/10.2.1-1.1.2/.content/bin/../lib/gcc/arm-none-eabi/10.2.1/../../../../arm-none-eabi/lib/thumb/v7e-m/nofp\libg_nano.a(lib_a-nano-freer.o)
                0x00000000080027e4                _free_r
 .text.__ssputs_r
                0x0000000008002878       0xb6 c:/users/simas/appdata/roaming/xpacks/@xpack-dev-tools/arm-none-eabi-gcc/10.2.1-1.1.2/.content/bin/../lib/gcc/arm-none-eabi/10.2.1/../../../../arm-none-eabi/lib/thumb/v7e-m/nofp\libg_nano.a(lib_a-nano-svfprintf.o)
                0x0000000008002878                __ssputs_r
 *fill*         0x000000000800292e        0x2 
 .text._svfprintf_r
                0x0000000008002930      0x200 c:/users/simas/appdata/roaming/xpacks/@xpack-dev-tools/arm-none-eabi-gcc/10.2.1-1.1.2/.content/bin/../lib/gcc/arm-none-eabi/10.2.1/../../../../arm-none-eabi/lib/thumb/v7e-m/nofp\libg_nano.a(lib_a-nano-svfprintf.o)
                0x0000000008002930                _svfiprintf_r
                0x0000000008002930                _svfprintf_r
 .text._printf_common
                0x0000000008002b30       0xda c:/users/simas/appdata/roaming/xpacks/@xpack-dev-tools/arm-none-eabi-gcc/10.2.1-1.1.2/.content/bin/../lib/gcc/arm-none-eabi/10.2.1/../../../../arm-none-eabi/lib/thumb/v7e-m/nofp\libg_nano.a(lib_a-nano-vfprintf_i.o)
                0x0000000008002b30                _printf_common
 *fill*         0x0000000008002c0a        0x2 
 .text._printf_i
                0x0000000008002c0c      0x24c c:/users/simas/appdata/roaming/xpacks/@xpack-dev-tools/arm-none-eabi-gcc/10.2.1-1.1.2/.content/bin/../lib/gcc/arm-none-eabi/10.2.1/../../../../arm-none-eabi/lib/thumb/v7e-m/nofp\libg_nano.a(lib_a-nano-vfprintf_i.o)
                0x0000000008002c0c                _printf_i
 *fill*         0x0000000008002e58        0x8 
 .text          0x0000000008002e60       0xa0 c:/users/simas/appdata/roaming/xpacks/@xpack-dev-tools/arm-none-eabi-gcc/10.2.1-1.1.2/.content/bin/../lib/gcc/arm-none-eabi/10.2.1/../../../../arm-none-eabi/lib/thumb/v7e-m/nofp\libg_nano.a(lib_a-memchr.o)
                0x0000000008002e60                memchr
 .text.memcpy   0x0000000008002f00       0x1c c:/users/simas/appdata/roaming/xpacks/@xpack-dev-tools/arm-none-eabi-gcc/10.2.1-1.1.2/.content/bin/../lib/gcc/arm-none-eabi/10.2.1/../../../../arm-none-eabi/lib/thumb/v7e-m/nofp\libg_nano.a(lib_a-memcpy-stub.o)
                0x0000000008002f00                memcpy
 .text.memmove  0x0000000008002f1c       0x34 c:/users/simas/appdata/roaming/xpacks/@xpack-dev-tools/arm-none-eabi-gcc/10.2.1-1.1.2/.content/bin/../lib/gcc/arm-none-eabi/10.2.1/../../../../arm-none-eabi/lib/thumb/v7e-m/nofp\libg_nano.a(lib_a-memmove.o)
                0x0000000008002f1c                memmove
 .text._realloc_r
                0x0000000008002f50       0x4c c:/users/simas/appdata/roaming/xpacks/@xpack-dev-tools/arm-none-eabi-gcc/10.2.1-1.1.2/.content/bin/../lib/gcc/arm-none-eabi/10.2.1/../../../../arm-none-eabi/lib/thumb/v7e-m/nofp\libg_nano.a(lib_a-nano-reallocr.o)
                0x0000000008002f50                _realloc_r
 .text._malloc_usable_size_r
                0x0000000008002f9c       0x10 c:/users/simas/appdata/roaming/xpacks/@xpack-dev-tools/arm-none-eabi-gcc/10.2.1-1.1.2/.content/bin/../lib/gcc/arm-none-eabi/10.2.1/../../../../arm-none-eabi/lib/thumb/v7e-m/nofp\libg_nano.a(lib_a-nano-msizer.o)
                0x0000000008002f9c                _malloc_usable_size_r
 *(.rodata .rodata.* .constdata .constdata.*)
 .rodata.HAL_NVIC_SetPriorityGrouping.str1.4
                0x0000000008002fac       0x31 ./system/src/stm32f4-hal/stm32f4xx_hal_cortex.o
 *fill*         0x0000000008002fdd        0x3 
 .rodata.HAL_GPIO_Init.str1.4
                0x0000000008002fe0       0x2f ./system/src/stm32f4-hal/stm32f4xx_hal_gpio.o
 *fill*         0x000000000800300f        0x1 
 .rodata.HAL_RCC_OscConfig.str1.4
                0x0000000008003010       0x2e ./system/src/stm32f4-hal/stm32f4xx_hal_rcc.o
 *fill*         0x000000000800303e        0x2 
 .rodata.TIM_OC1_SetConfig.str1.4
                0x0000000008003040       0x2e ./system/src/stm32f4-hal/stm32f4xx_hal_tim.o
 *fill*         0x000000000800306e        0x2 
 .rodata.initialise_monitor_handles.str1.4
                0x0000000008003070        0x4 ./system/src/newlib/syscalls.o
 .rodata.dumpExceptionStack.str1.4
                0x0000000008003074      0x11a ./system/src/cortexm/exception-handlers.o
 .rodata.isSemihosting.str1.4
                0x000000000800318e        0x4 ./system/src/cortexm/exception-handlers.o
 *fill*         0x000000000800318e        0x2 
 .rodata.str1.4
                0x0000000008003190       0x2a ./system/src/cortexm/exception-handlers.o
 *fill*         0x00000000080031ba        0x2 
 .rodata.AHBPrescTable
                0x00000000080031bc       0x10 ./system/src/cmsis/system_stm32f4xx.o
                0x00000000080031bc                AHBPrescTable
 .rodata.assert_failed.str1.4
                0x00000000080031cc       0x2d ./src/initialize-hardware.o
 .rodata._ctype_
                0x00000000080031f9      0x101 c:/users/simas/appdata/roaming/xpacks/@xpack-dev-tools/arm-none-eabi-gcc/10.2.1-1.1.2/.content/bin/../lib/gcc/arm-none-eabi/10.2.1/../../../../arm-none-eabi/lib/thumb/v7e-m/nofp\libg_nano.a(lib_a-ctype_.o)
                0x00000000080031f9                _ctype_
 *fill*         0x00000000080032fa        0x2 
 .rodata.__sf_fake_stderr
                0x00000000080032fc       0x20 c:/users/simas/appdata/roaming/xpacks/@xpack-dev-tools/arm-none-eabi-gcc/10.2.1-1.1.2/.content/bin/../lib/gcc/arm-none-eabi/10.2.1/../../../../arm-none-eabi/lib/thumb/v7e-m/nofp\libg_nano.a(lib_a-findfp.o)
                0x00000000080032fc                __sf_fake_stderr
 .rodata.__sf_fake_stdin
                0x000000000800331c       0x20 c:/users/simas/appdata/roaming/xpacks/@xpack-dev-tools/arm-none-eabi-gcc/10.2.1-1.1.2/.content/bin/../lib/gcc/arm-none-eabi/10.2.1/../../../../arm-none-eabi/lib/thumb/v7e-m/nofp\libg_nano.a(lib_a-findfp.o)
                0x000000000800331c                __sf_fake_stdin
 .rodata.__sf_fake_stdout
                0x000000000800333c       0x20 c:/users/simas/appdata/roaming/xpacks/@xpack-dev-tools/arm-none-eabi-gcc/10.2.1-1.1.2/.content/bin/../lib/gcc/arm-none-eabi/10.2.1/../../../../arm-none-eabi/lib/thumb/v7e-m/nofp\libg_nano.a(lib_a-findfp.o)
                0x000000000800333c                __sf_fake_stdout
 .rodata._svfprintf_r.str1.1
                0x000000000800335c       0x11 c:/users/simas/appdata/roaming/xpacks/@xpack-dev-tools/arm-none-eabi-gcc/10.2.1-1.1.2/.content/bin/../lib/gcc/arm-none-eabi/10.2.1/../../../../arm-none-eabi/lib/thumb/v7e-m/nofp\libg_nano.a(lib_a-nano-svfprintf.o)
 .rodata._printf_i.str1.1
                0x000000000800336d       0x22 c:/users/simas/appdata/roaming/xpacks/@xpack-dev-tools/arm-none-eabi-gcc/10.2.1-1.1.2/.content/bin/../lib/gcc/arm-none-eabi/10.2.1/../../../../arm-none-eabi/lib/thumb/v7e-m/nofp\libg_nano.a(lib_a-nano-vfprintf_i.o)
 *(vtable)
 *(.eh_frame*)
 *(.glue_7)
 .glue_7        0x000000000800338f        0x0 linker stubs
 *(.glue_7t)
 .glue_7t       0x000000000800338f        0x0 linker stubs

.vfp11_veneer   0x0000000008003390        0x0
 .vfp11_veneer  0x0000000008003390        0x0 linker stubs

.v4_bx          0x0000000008003390        0x0
 .v4_bx         0x0000000008003390        0x0 linker stubs

.iplt           0x0000000008003390        0x0
 .iplt          0x0000000008003390        0x0 ./system/src/stm32f4-hal/stm32f4xx_hal.o

.ARM.extab
 *(.ARM.extab* .gnu.linkonce.armextab.*)
                0x0000000008003390                . = ALIGN (0x4)
                0x0000000008003390                __exidx_start = .

.ARM.exidx      0x0000000008003390        0x8
 *(.ARM.exidx* .gnu.linkonce.armexidx.*)
 .ARM.exidx.text.__udivmoddi4
                0x0000000008003390        0x8 c:/users/simas/appdata/roaming/xpacks/@xpack-dev-tools/arm-none-eabi-gcc/10.2.1-1.1.2/.content/bin/../lib/gcc/arm-none-eabi/10.2.1/thumb/v7e-m/nofp\libgcc.a(_udivmoddi4.o)
                0x0000000008003398                __exidx_end = .

.rel.dyn        0x0000000008003398        0x0
 .rel.iplt      0x0000000008003398        0x0 ./system/src/stm32f4-hal/stm32f4xx_hal.o
                0x0000000008003398                . = ALIGN (0x4)
                0x0000000008003398                _etext = .
                0x0000000008003398                __etext = .

.data_CCMRAM    0x0000000010000000        0x0 load address 0x0000000008003398
 FILL mask 0xff
 *(.data.CCMRAM .data.CCMRAM.*)
                0x0000000010000000                . = ALIGN (0x4)
                0x0000000008003398                _sidata = LOADADDR (.data)

.data           0x0000000020000000       0xb8 load address 0x0000000008003398
 FILL mask 0xff
                0x0000000020000000                _sdata = .
                0x0000000020000000                __data_start__ = .
 *(.data_begin .data_begin.*)
 .data_begin    0x0000000020000000        0x4 ./system/src/newlib/startup.o
 *(.data .data.*)
 .data.uwTickFreq
                0x0000000020000004        0x1 ./system/src/stm32f4-hal/stm32f4xx_hal.o
                0x0000000020000004                uwTickFreq
 *fill*         0x0000000020000005        0x3 ff
 .data.uwTickPrio
                0x0000000020000008        0x4 ./system/src/stm32f4-hal/stm32f4xx_hal.o
                0x0000000020000008                uwTickPrio
 .data.SystemCoreClock
                0x000000002000000c        0x4 ./system/src/cmsis/system_stm32f4xx.o
                0x000000002000000c                SystemCoreClock
 .data._ZL15s_TimerInstance
                0x0000000020000010       0x40 ./src/main.o
 .data._impure_ptr
                0x0000000020000050        0x4 c:/users/simas/appdata/roaming/xpacks/@xpack-dev-tools/arm-none-eabi-gcc/10.2.1-1.1.2/.content/bin/../lib/gcc/arm-none-eabi/10.2.1/../../../../arm-none-eabi/lib/thumb/v7e-m/nofp\libg_nano.a(lib_a-impure.o)
                0x0000000020000050                _impure_ptr
 .data.impure_data
                0x0000000020000054       0x60 c:/users/simas/appdata/roaming/xpacks/@xpack-dev-tools/arm-none-eabi-gcc/10.2.1-1.1.2/.content/bin/../lib/gcc/arm-none-eabi/10.2.1/../../../../arm-none-eabi/lib/thumb/v7e-m/nofp\libg_nano.a(lib_a-impure.o)
 *(.data_end .data_end.*)
 .data_end      0x00000000200000b4        0x4 ./system/src/newlib/startup.o
                0x00000000200000b8                . = ALIGN (0x4)
                0x00000000200000b8                _edata = .
                0x00000000200000b8                __data_end__ = .

.igot.plt       0x00000000200000b8        0x0 load address 0x0000000008003450
 .igot.plt      0x00000000200000b8        0x0 ./system/src/stm32f4-hal/stm32f4xx_hal.o

.bss_CCMRAM     0x0000000010000000        0x0
 *(.bss.CCMRAM .bss.CCMRAM.*)

.bss            0x00000000200000b8      0x208
                0x00000000200000b8                __bss_start__ = .
                0x00000000200000b8                _sbss = .
 *(.bss_begin .bss_begin.*)
 .bss_begin     0x00000000200000b8        0x4 ./system/src/newlib/startup.o
 *(.bss .bss.*)
 .bss.uwTick    0x00000000200000bc        0x4 ./system/src/stm32f4-hal/stm32f4xx_hal.o
                0x00000000200000bc                uwTick
 .bss.current_heap_end.0
                0x00000000200000c0        0x4 ./system/src/newlib/sbrk.o
 .bss.args_buf.1
                0x00000000200000c4       0x50 ./system/src/newlib/syscalls.o
 .bss.argv_buf.0
                0x0000000020000114       0x28 ./system/src/newlib/syscalls.o
 .bss.errno     0x000000002000013c        0x4 ./system/src/newlib/syscalls.o
                0x000000002000013c                errno
 .bss.monitor_stderr
                0x0000000020000140        0x4 ./system/src/newlib/syscalls.o
 .bss.monitor_stdin
                0x0000000020000144        0x4 ./system/src/newlib/syscalls.o
 .bss.monitor_stdout
                0x0000000020000148        0x4 ./system/src/newlib/syscalls.o
 .bss.openfiles
                0x000000002000014c       0xa0 ./system/src/newlib/syscalls.o
 .bss.buf.0     0x00000000200001ec       0x80 ./system/src/diag/trace.o
 .bss.blinkLeds
                0x000000002000026c       0x40 ./src/main.o
                0x000000002000026c                blinkLeds
 .bss._ZN5timer13ms_delayCountE
                0x00000000200002ac        0x4 ./src/timer.o
                0x00000000200002ac                timer::ms_delayCount
 .bss.__lock___malloc_recursive_mutex
                0x00000000200002b0        0x1 c:/users/simas/appdata/roaming/xpacks/@xpack-dev-tools/arm-none-eabi-gcc/10.2.1-1.1.2/.content/bin/../lib/gcc/arm-none-eabi/10.2.1/../../../../arm-none-eabi/lib/thumb/v7e-m/nofp\libg_nano.a(lib_a-lock.o)
                0x00000000200002b0                __lock___malloc_recursive_mutex
 *fill*         0x00000000200002b1        0x3 
 .bss.__malloc_free_list
                0x00000000200002b4        0x4 c:/users/simas/appdata/roaming/xpacks/@xpack-dev-tools/arm-none-eabi-gcc/10.2.1-1.1.2/.content/bin/../lib/gcc/arm-none-eabi/10.2.1/../../../../arm-none-eabi/lib/thumb/v7e-m/nofp\libg_nano.a(lib_a-nano-mallocr.o)
                0x00000000200002b4                __malloc_free_list
 .bss.__malloc_sbrk_start
                0x00000000200002b8        0x4 c:/users/simas/appdata/roaming/xpacks/@xpack-dev-tools/arm-none-eabi-gcc/10.2.1-1.1.2/.content/bin/../lib/gcc/arm-none-eabi/10.2.1/../../../../arm-none-eabi/lib/thumb/v7e-m/nofp\libg_nano.a(lib_a-nano-mallocr.o)
                0x00000000200002b8                __malloc_sbrk_start
 *(COMMON)
 *(.bss_end .bss_end.*)
 .bss_end       0x00000000200002bc        0x4 ./system/src/newlib/startup.o
                0x00000000200002c0                . = ALIGN (0x4)
                0x00000000200002c0                __bss_end__ = .
                0x00000000200002c0                _ebss = .

.noinit_CCMRAM
 *(.noinit.CCMRAM .noinit.CCMRAM.*)

.noinit         0x00000000200002c0        0x0
                0x00000000200002c0                _noinit = .
 *(.noinit .noinit.*)
                0x00000000200002c0                . = ALIGN (0x4)
                0x00000000200002c0                _end_noinit = .
                [!provide]                        PROVIDE (end = _end_noinit)
                [!provide]                        PROVIDE (_end = _end_noinit)
                [!provide]                        PROVIDE (__end = _end_noinit)
                [!provide]                        PROVIDE (__end__ = _end_noinit)

._check_stack   0x00000000200002c0      0x100
                0x00000000200003c0                . = (. + _Minimum_Stack_Size)
 *fill*         0x00000000200002c0      0x100 

.b1text
 *(.b1text)
 *(.b1rodata)
 *(.b1rodata.*)

.eb0text
 *(.eb0text)
 *(.eb0rodata)
 *(.eb0rodata.*)

.eb1text
 *(.eb1text)
 *(.eb1rodata)
 *(.eb1rodata.*)

.eb2text
 *(.eb2text)
 *(.eb2rodata)
 *(.eb2rodata.*)

.eb3text
 *(.eb3text)
 *(.eb3rodata)
 *(.eb3rodata.*)

.stab
 *(.stab)

.stabstr
 *(.stabstr)

.stab.excl
 *(.stab.excl)

.stab.exclstr
 *(.stab.exclstr)

.stab.index
 *(.stab.index)

.stab.indexstr
 *(.stab.indexstr)

.comment        0x0000000000000000       0x44
 *(.comment)
 .comment       0x0000000000000000       0x44 ./system/src/stm32f4-hal/stm32f4xx_hal.o
                                         0x45 (size before relaxing)
 .comment       0x0000000000000044       0x45 ./system/src/stm32f4-hal/stm32f4xx_hal_cortex.o
 .comment       0x0000000000000044       0x45 ./system/src/stm32f4-hal/stm32f4xx_hal_gpio.o
 .comment       0x0000000000000044       0x45 ./system/src/stm32f4-hal/stm32f4xx_hal_rcc.o
 .comment       0x0000000000000044       0x45 ./system/src/stm32f4-hal/stm32f4xx_hal_tim.o
 .comment       0x0000000000000044       0x45 ./system/src/newlib/sbrk.o
 .comment       0x0000000000000044       0x45 ./system/src/newlib/startup.o
 .comment       0x0000000000000044       0x45 ./system/src/newlib/syscalls.o
 .comment       0x0000000000000044       0x45 ./system/src/diag/trace-impl.o
 .comment       0x0000000000000044       0x45 ./system/src/diag/trace.o
 .comment       0x0000000000000044       0x45 ./system/src/cortexm/exception-handlers.o
 .comment       0x0000000000000044       0x45 ./system/src/cortexm/initialize-hardware.o
 .comment       0x0000000000000044       0x45 ./system/src/cmsis/system_stm32f4xx.o
 .comment       0x0000000000000044       0x45 ./system/src/cmsis/vectors_stm32f407xx.o
 .comment       0x0000000000000044       0x45 ./src/initialize-hardware.o
 .comment       0x0000000000000044       0x45 ./src/led.o
 .comment       0x0000000000000044       0x45 ./src/main.o
 .comment       0x0000000000000044       0x45 ./src/stm32f4xx_hal_msp.o
 .comment       0x0000000000000044       0x45 ./src/timer.o

.ARM.attributes
                0x0000000000000000       0x2c
 .ARM.attributes
                0x0000000000000000       0x2e ./system/src/stm32f4-hal/stm32f4xx_hal.o
 .ARM.attributes
                0x000000000000002e       0x2e ./system/src/stm32f4-hal/stm32f4xx_hal_cortex.o
 .ARM.attributes
                0x000000000000005c       0x2e ./system/src/stm32f4-hal/stm32f4xx_hal_gpio.o
 .ARM.attributes
                0x000000000000008a       0x2e ./system/src/stm32f4-hal/stm32f4xx_hal_rcc.o
 .ARM.attributes
                0x00000000000000b8       0x2e ./system/src/stm32f4-hal/stm32f4xx_hal_tim.o
 .ARM.attributes
                0x00000000000000e6       0x2e ./system/src/newlib/sbrk.o
 .ARM.attributes
                0x0000000000000114       0x2e ./system/src/newlib/startup.o
 .ARM.attributes
                0x0000000000000142       0x2e ./system/src/newlib/syscalls.o
 .ARM.attributes
                0x0000000000000170       0x2e ./system/src/diag/trace-impl.o
 .ARM.attributes
                0x000000000000019e       0x2e ./system/src/diag/trace.o
 .ARM.attributes
                0x00000000000001cc       0x2e ./system/src/cortexm/exception-handlers.o
 .ARM.attributes
                0x00000000000001fa       0x2e ./system/src/cortexm/initialize-hardware.o
 .ARM.attributes
                0x0000000000000228       0x2e ./system/src/cmsis/system_stm32f4xx.o
 .ARM.attributes
                0x0000000000000256       0x2e ./system/src/cmsis/vectors_stm32f407xx.o
 .ARM.attributes
                0x0000000000000284       0x2e ./src/initialize-hardware.o
 .ARM.attributes
                0x00000000000002b2       0x2e ./src/led.o
 .ARM.attributes
                0x00000000000002e0       0x2e ./src/main.o
 .ARM.attributes
                0x000000000000030e       0x2e ./src/stm32f4xx_hal_msp.o
 .ARM.attributes
                0x000000000000033c       0x2e ./src/timer.o
 .ARM.attributes
                0x000000000000036a       0x1e c:/users/simas/appdata/roaming/xpacks/@xpack-dev-tools/arm-none-eabi-gcc/10.2.1-1.1.2/.content/bin/../lib/gcc/arm-none-eabi/10.2.1/thumb/v7e-m/nofp\libgcc.a(_aeabi_uldivmod.o)
 .ARM.attributes
                0x0000000000000388       0x2e c:/users/simas/appdata/roaming/xpacks/@xpack-dev-tools/arm-none-eabi-gcc/10.2.1-1.1.2/.content/bin/../lib/gcc/arm-none-eabi/10.2.1/thumb/v7e-m/nofp\libgcc.a(_udivmoddi4.o)
 .ARM.attributes
                0x00000000000003b6       0x1e c:/users/simas/appdata/roaming/xpacks/@xpack-dev-tools/arm-none-eabi-gcc/10.2.1-1.1.2/.content/bin/../lib/gcc/arm-none-eabi/10.2.1/thumb/v7e-m/nofp\libgcc.a(_dvmd_tls.o)
 .ARM.attributes
                0x00000000000003d4       0x2e c:/users/simas/appdata/roaming/xpacks/@xpack-dev-tools/arm-none-eabi-gcc/10.2.1-1.1.2/.content/bin/../lib/gcc/arm-none-eabi/10.2.1/../../../../arm-none-eabi/lib/thumb/v7e-m/nofp\libg_nano.a(lib_a-ctype_.o)
 .ARM.attributes
                0x0000000000000402       0x2e c:/users/simas/appdata/roaming/xpacks/@xpack-dev-tools/arm-none-eabi-gcc/10.2.1-1.1.2/.content/bin/../lib/gcc/arm-none-eabi/10.2.1/../../../../arm-none-eabi/lib/thumb/v7e-m/nofp\libg_nano.a(lib_a-errno.o)
 .ARM.attributes
                0x0000000000000430       0x2e c:/users/simas/appdata/roaming/xpacks/@xpack-dev-tools/arm-none-eabi-gcc/10.2.1-1.1.2/.content/bin/../lib/gcc/arm-none-eabi/10.2.1/../../../../arm-none-eabi/lib/thumb/v7e-m/nofp\libg_nano.a(lib_a-findfp.o)
 .ARM.attributes
                0x000000000000045e       0x2e c:/users/simas/appdata/roaming/xpacks/@xpack-dev-tools/arm-none-eabi-gcc/10.2.1-1.1.2/.content/bin/../lib/gcc/arm-none-eabi/10.2.1/../../../../arm-none-eabi/lib/thumb/v7e-m/nofp\libg_nano.a(lib_a-impure.o)
 .ARM.attributes
                0x000000000000048c       0x2e c:/users/simas/appdata/roaming/xpacks/@xpack-dev-tools/arm-none-eabi-gcc/10.2.1-1.1.2/.content/bin/../lib/gcc/arm-none-eabi/10.2.1/../../../../arm-none-eabi/lib/thumb/v7e-m/nofp\libg_nano.a(lib_a-lock.o)
 .ARM.attributes
                0x00000000000004ba       0x2e c:/users/simas/appdata/roaming/xpacks/@xpack-dev-tools/arm-none-eabi-gcc/10.2.1-1.1.2/.content/bin/../lib/gcc/arm-none-eabi/10.2.1/../../../../arm-none-eabi/lib/thumb/v7e-m/nofp\libg_nano.a(lib_a-nano-mallocr.o)
 .ARM.attributes
                0x00000000000004e8       0x2e c:/users/simas/appdata/roaming/xpacks/@xpack-dev-tools/arm-none-eabi-gcc/10.2.1-1.1.2/.content/bin/../lib/gcc/arm-none-eabi/10.2.1/../../../../arm-none-eabi/lib/thumb/v7e-m/nofp\libg_nano.a(lib_a-sbrkr.o)
 .ARM.attributes
                0x0000000000000516       0x1c c:/users/simas/appdata/roaming/xpacks/@xpack-dev-tools/arm-none-eabi-gcc/10.2.1-1.1.2/.content/bin/../lib/gcc/arm-none-eabi/10.2.1/../../../../arm-none-eabi/lib/thumb/v7e-m/nofp\libg_nano.a(lib_a-strcmp.o)
 .ARM.attributes
                0x0000000000000532       0x2e c:/users/simas/appdata/roaming/xpacks/@xpack-dev-tools/arm-none-eabi-gcc/10.2.1-1.1.2/.content/bin/../lib/gcc/arm-none-eabi/10.2.1/../../../../arm-none-eabi/lib/thumb/v7e-m/nofp\libg_nano.a(lib_a-vsnprintf.o)
 .ARM.attributes
                0x0000000000000560       0x2e c:/users/simas/appdata/roaming/xpacks/@xpack-dev-tools/arm-none-eabi-gcc/10.2.1-1.1.2/.content/bin/../lib/gcc/arm-none-eabi/10.2.1/../../../../arm-none-eabi/lib/thumb/v7e-m/nofp\libg_nano.a(lib_a-mlock.o)
 .ARM.attributes
                0x000000000000058e       0x2e c:/users/simas/appdata/roaming/xpacks/@xpack-dev-tools/arm-none-eabi-gcc/10.2.1-1.1.2/.content/bin/../lib/gcc/arm-none-eabi/10.2.1/../../../../arm-none-eabi/lib/thumb/v7e-m/nofp\libg_nano.a(lib_a-nano-freer.o)
 .ARM.attributes
                0x00000000000005bc       0x2e c:/users/simas/appdata/roaming/xpacks/@xpack-dev-tools/arm-none-eabi-gcc/10.2.1-1.1.2/.content/bin/../lib/gcc/arm-none-eabi/10.2.1/../../../../arm-none-eabi/lib/thumb/v7e-m/nofp\libg_nano.a(lib_a-nano-svfprintf.o)
 .ARM.attributes
                0x00000000000005ea       0x2e c:/users/simas/appdata/roaming/xpacks/@xpack-dev-tools/arm-none-eabi-gcc/10.2.1-1.1.2/.content/bin/../lib/gcc/arm-none-eabi/10.2.1/../../../../arm-none-eabi/lib/thumb/v7e-m/nofp\libg_nano.a(lib_a-nano-vfprintf_i.o)
 .ARM.attributes
                0x0000000000000618       0x1c c:/users/simas/appdata/roaming/xpacks/@xpack-dev-tools/arm-none-eabi-gcc/10.2.1-1.1.2/.content/bin/../lib/gcc/arm-none-eabi/10.2.1/../../../../arm-none-eabi/lib/thumb/v7e-m/nofp\libg_nano.a(lib_a-memchr.o)
 .ARM.attributes
                0x0000000000000634       0x2e c:/users/simas/appdata/roaming/xpacks/@xpack-dev-tools/arm-none-eabi-gcc/10.2.1-1.1.2/.content/bin/../lib/gcc/arm-none-eabi/10.2.1/../../../../arm-none-eabi/lib/thumb/v7e-m/nofp\libg_nano.a(lib_a-memcpy-stub.o)
 .ARM.attributes
                0x0000000000000662       0x2e c:/users/simas/appdata/roaming/xpacks/@xpack-dev-tools/arm-none-eabi-gcc/10.2.1-1.1.2/.content/bin/../lib/gcc/arm-none-eabi/10.2.1/../../../../arm-none-eabi/lib/thumb/v7e-m/nofp\libg_nano.a(lib_a-memmove.o)
 .ARM.attributes
                0x0000000000000690       0x2e c:/users/simas/appdata/roaming/xpacks/@xpack-dev-tools/arm-none-eabi-gcc/10.2.1-1.1.2/.content/bin/../lib/gcc/arm-none-eabi/10.2.1/../../../../arm-none-eabi/lib/thumb/v7e-m/nofp\libg_nano.a(lib_a-nano-reallocr.o)
 .ARM.attributes
                0x00000000000006be       0x2e c:/users/simas/appdata/roaming/xpacks/@xpack-dev-tools/arm-none-eabi-gcc/10.2.1-1.1.2/.content/bin/../lib/gcc/arm-none-eabi/10.2.1/../../../../arm-none-eabi/lib/thumb/v7e-m/nofp\libg_nano.a(lib_a-nano-msizer.o)

.debug
 *(.debug)

.line
 *(.line)

.debug_srcinfo
 *(.debug_srcinfo)

.debug_sfnames
 *(.debug_sfnames)

.debug_aranges  0x0000000000000000      0xa50
 *(.debug_aranges)
 .debug_aranges
                0x0000000000000000       0xf0 ./system/src/stm32f4-hal/stm32f4xx_hal.o
 .debug_aranges
                0x00000000000000f0       0xa8 ./system/src/stm32f4-hal/stm32f4xx_hal_cortex.o
 .debug_aranges
                0x0000000000000198       0x58 ./system/src/stm32f4-hal/stm32f4xx_hal_gpio.o
 .debug_aranges
                0x00000000000001f0       0x88 ./system/src/stm32f4-hal/stm32f4xx_hal_rcc.o
 .debug_aranges
                0x0000000000000278      0x3a8 ./system/src/stm32f4-hal/stm32f4xx_hal_tim.o
 .debug_aranges
                0x0000000000000620       0x20 ./system/src/newlib/sbrk.o
 .debug_aranges
                0x0000000000000640       0x40 ./system/src/newlib/startup.o
 .debug_aranges
                0x0000000000000680      0x120 ./system/src/newlib/syscalls.o
 .debug_aranges
                0x00000000000007a0       0x30 ./system/src/diag/trace-impl.o
 .debug_aranges
                0x00000000000007d0       0x38 ./system/src/diag/trace.o
 .debug_aranges
                0x0000000000000808       0x90 ./system/src/cortexm/exception-handlers.o
 .debug_aranges
                0x0000000000000898       0x28 ./system/src/cortexm/initialize-hardware.o
 .debug_aranges
                0x00000000000008c0       0x28 ./system/src/cmsis/system_stm32f4xx.o
 .debug_aranges
                0x00000000000008e8       0x20 ./system/src/cmsis/vectors_stm32f407xx.o
 .debug_aranges
                0x0000000000000908       0x30 ./src/initialize-hardware.o
 .debug_aranges
                0x0000000000000938       0x48 ./src/led.o
 .debug_aranges
                0x0000000000000980       0x60 ./src/main.o
 .debug_aranges
                0x00000000000009e0       0x38 ./src/stm32f4xx_hal_msp.o
 .debug_aranges
                0x0000000000000a18       0x38 ./src/timer.o

.debug_pubnames
 *(.debug_pubnames)

.debug_info     0x0000000000000000     0xef54
 *(.debug_info .gnu.linkonce.wi.*)
 .debug_info    0x0000000000000000      0xa37 ./system/src/stm32f4-hal/stm32f4xx_hal.o
 .debug_info    0x0000000000000a37     0x1340 ./system/src/stm32f4-hal/stm32f4xx_hal_cortex.o
 .debug_info    0x0000000000001d77      0x930 ./system/src/stm32f4-hal/stm32f4xx_hal_gpio.o
 .debug_info    0x00000000000026a7      0xda2 ./system/src/stm32f4-hal/stm32f4xx_hal_rcc.o
 .debug_info    0x0000000000003449     0x4c37 ./system/src/stm32f4-hal/stm32f4xx_hal_tim.o
 .debug_info    0x0000000000008080      0x112 ./system/src/newlib/sbrk.o
 .debug_info    0x0000000000008192      0x57f ./system/src/newlib/startup.o
 .debug_info    0x0000000000008711     0x22f4 ./system/src/newlib/syscalls.o
 .debug_info    0x000000000000aa05      0x320 ./system/src/diag/trace-impl.o
 .debug_info    0x000000000000ad25      0x30b ./system/src/diag/trace.o
 .debug_info    0x000000000000b030      0xa4f ./system/src/cortexm/exception-handlers.o
 .debug_info    0x000000000000ba7f      0x2cb ./system/src/cortexm/initialize-hardware.o
 .debug_info    0x000000000000bd4a      0x53c ./system/src/cmsis/system_stm32f4xx.o
 .debug_info    0x000000000000c286       0xce ./system/src/cmsis/vectors_stm32f407xx.o
 .debug_info    0x000000000000c354      0x59b ./src/initialize-hardware.o
 .debug_info    0x000000000000c8ef      0x60a ./src/led.o
 .debug_info    0x000000000000cef9     0x175f ./src/main.o
 .debug_info    0x000000000000e658       0xbf ./src/stm32f4xx_hal_msp.o
 .debug_info    0x000000000000e717      0x83d ./src/timer.o

.debug_abbrev   0x0000000000000000     0x2838
 *(.debug_abbrev)
 .debug_abbrev  0x0000000000000000      0x209 ./system/src/stm32f4-hal/stm32f4xx_hal.o
 .debug_abbrev  0x0000000000000209      0x38a ./system/src/stm32f4-hal/stm32f4xx_hal_cortex.o
 .debug_abbrev  0x0000000000000593      0x22e ./system/src/stm32f4-hal/stm32f4xx_hal_gpio.o
 .debug_abbrev  0x00000000000007c1      0x2a0 ./system/src/stm32f4-hal/stm32f4xx_hal_rcc.o
 .debug_abbrev  0x0000000000000a61      0x22e ./system/src/stm32f4-hal/stm32f4xx_hal_tim.o
 .debug_abbrev  0x0000000000000c8f       0xcd ./system/src/newlib/sbrk.o
 .debug_abbrev  0x0000000000000d5c      0x1fa ./system/src/newlib/startup.o
 .debug_abbrev  0x0000000000000f56      0x499 ./system/src/newlib/syscalls.o
 .debug_abbrev  0x00000000000013ef      0x1eb ./system/src/diag/trace-impl.o
 .debug_abbrev  0x00000000000015da      0x173 ./system/src/diag/trace.o
 .debug_abbrev  0x000000000000174d      0x2ba ./system/src/cortexm/exception-handlers.o
 .debug_abbrev  0x0000000000001a07       0xe9 ./system/src/cortexm/initialize-hardware.o
 .debug_abbrev  0x0000000000001af0      0x11c ./system/src/cmsis/system_stm32f4xx.o
 .debug_abbrev  0x0000000000001c0c       0xa5 ./system/src/cmsis/vectors_stm32f407xx.o
 .debug_abbrev  0x0000000000001cb1      0x170 ./src/initialize-hardware.o
 .debug_abbrev  0x0000000000001e21      0x235 ./src/led.o
 .debug_abbrev  0x0000000000002056      0x49e ./src/main.o
 .debug_abbrev  0x00000000000024f4       0x47 ./src/stm32f4xx_hal_msp.o
 .debug_abbrev  0x000000000000253b      0x2fd ./src/timer.o

.debug_line     0x0000000000000000    0x132d0
 *(.debug_line)
 .debug_line    0x0000000000000000      0xd9a ./system/src/stm32f4-hal/stm32f4xx_hal.o
 .debug_line    0x0000000000000d9a     0x10e2 ./system/src/stm32f4-hal/stm32f4xx_hal_cortex.o
 .debug_line    0x0000000000001e7c     0x10b8 ./system/src/stm32f4-hal/stm32f4xx_hal_gpio.o
 .debug_line    0x0000000000002f34     0x147d ./system/src/stm32f4-hal/stm32f4xx_hal_rcc.o
 .debug_line    0x00000000000043b1     0x5bf6 ./system/src/stm32f4-hal/stm32f4xx_hal_tim.o
 .debug_line    0x0000000000009fa7      0x3f7 ./system/src/newlib/sbrk.o
 .debug_line    0x000000000000a39e      0x6ec ./system/src/newlib/startup.o
 .debug_line    0x000000000000aa8a     0x11c4 ./system/src/newlib/syscalls.o
 .debug_line    0x000000000000bc4e      0xc4b ./system/src/diag/trace-impl.o
 .debug_line    0x000000000000c899      0x4ea ./system/src/diag/trace.o
 .debug_line    0x000000000000cd83      0xfb9 ./system/src/cortexm/exception-handlers.o
 .debug_line    0x000000000000dd3c      0xa62 ./system/src/cortexm/initialize-hardware.o
 .debug_line    0x000000000000e79e      0xaf4 ./system/src/cmsis/system_stm32f4xx.o
 .debug_line    0x000000000000f292      0x2fa ./system/src/cmsis/vectors_stm32f407xx.o
 .debug_line    0x000000000000f58c      0xc0f ./src/initialize-hardware.o
 .debug_line    0x000000000001019b      0xb87 ./src/led.o
 .debug_line    0x0000000000010d22     0x103d ./src/main.o
 .debug_line    0x0000000000011d5f      0xa52 ./src/stm32f4xx_hal_msp.o
 .debug_line    0x00000000000127b1      0xb1f ./src/timer.o

.debug_frame    0x0000000000000000     0x2048
 *(.debug_frame)
 .debug_frame   0x0000000000000000      0x1f0 ./system/src/stm32f4-hal/stm32f4xx_hal.o
 .debug_frame   0x00000000000001f0      0x19c ./system/src/stm32f4-hal/stm32f4xx_hal_cortex.o
 .debug_frame   0x000000000000038c       0xfc ./system/src/stm32f4-hal/stm32f4xx_hal_gpio.o
 .debug_frame   0x0000000000000488      0x16c ./system/src/stm32f4-hal/stm32f4xx_hal_rcc.o
 .debug_frame   0x00000000000005f4      0xb14 ./system/src/stm32f4-hal/stm32f4xx_hal_tim.o
 .debug_frame   0x0000000000001108       0x28 ./system/src/newlib/sbrk.o
 .debug_frame   0x0000000000001130       0x7c ./system/src/newlib/startup.o
 .debug_frame   0x00000000000011ac      0x3d8 ./system/src/newlib/syscalls.o
 .debug_frame   0x0000000000001584       0x64 ./system/src/diag/trace-impl.o
 .debug_frame   0x00000000000015e8       0x94 ./system/src/diag/trace.o
 .debug_frame   0x000000000000167c      0x164 ./system/src/cortexm/exception-handlers.o
 .debug_frame   0x00000000000017e0       0x40 ./system/src/cortexm/initialize-hardware.o
 .debug_frame   0x0000000000001820       0x30 ./system/src/cmsis/system_stm32f4xx.o
 .debug_frame   0x0000000000001850       0x20 ./system/src/cmsis/vectors_stm32f407xx.o
 .debug_frame   0x0000000000001870       0x60 ./src/initialize-hardware.o
 .debug_frame   0x00000000000018d0       0x80 ./src/led.o
 .debug_frame   0x0000000000001950      0x108 ./src/main.o
 .debug_frame   0x0000000000001a58       0x50 ./src/stm32f4xx_hal_msp.o
 .debug_frame   0x0000000000001aa8       0x58 ./src/timer.o
 .debug_frame   0x0000000000001b00       0x2c c:/users/simas/appdata/roaming/xpacks/@xpack-dev-tools/arm-none-eabi-gcc/10.2.1-1.1.2/.content/bin/../lib/gcc/arm-none-eabi/10.2.1/thumb/v7e-m/nofp\libgcc.a(_aeabi_uldivmod.o)
 .debug_frame   0x0000000000001b2c       0x34 c:/users/simas/appdata/roaming/xpacks/@xpack-dev-tools/arm-none-eabi-gcc/10.2.1-1.1.2/.content/bin/../lib/gcc/arm-none-eabi/10.2.1/thumb/v7e-m/nofp\libgcc.a(_udivmoddi4.o)
 .debug_frame   0x0000000000001b60       0x20 c:/users/simas/appdata/roaming/xpacks/@xpack-dev-tools/arm-none-eabi-gcc/10.2.1-1.1.2/.content/bin/../lib/gcc/arm-none-eabi/10.2.1/../../../../arm-none-eabi/lib/thumb/v7e-m/nofp\libg_nano.a(lib_a-errno.o)
 .debug_frame   0x0000000000001b80      0x14c c:/users/simas/appdata/roaming/xpacks/@xpack-dev-tools/arm-none-eabi-gcc/10.2.1-1.1.2/.content/bin/../lib/gcc/arm-none-eabi/10.2.1/../../../../arm-none-eabi/lib/thumb/v7e-m/nofp\libg_nano.a(lib_a-findfp.o)
 .debug_frame   0x0000000000001ccc       0xb0 c:/users/simas/appdata/roaming/xpacks/@xpack-dev-tools/arm-none-eabi-gcc/10.2.1-1.1.2/.content/bin/../lib/gcc/arm-none-eabi/10.2.1/../../../../arm-none-eabi/lib/thumb/v7e-m/nofp\libg_nano.a(lib_a-lock.o)
 .debug_frame   0x0000000000001d7c       0x30 c:/users/simas/appdata/roaming/xpacks/@xpack-dev-tools/arm-none-eabi-gcc/10.2.1-1.1.2/.content/bin/../lib/gcc/arm-none-eabi/10.2.1/../../../../arm-none-eabi/lib/thumb/v7e-m/nofp\libg_nano.a(lib_a-nano-mallocr.o)
 .debug_frame   0x0000000000001dac       0x2c c:/users/simas/appdata/roaming/xpacks/@xpack-dev-tools/arm-none-eabi-gcc/10.2.1-1.1.2/.content/bin/../lib/gcc/arm-none-eabi/10.2.1/../../../../arm-none-eabi/lib/thumb/v7e-m/nofp\libg_nano.a(lib_a-sbrkr.o)
 .debug_frame   0x0000000000001dd8       0x20 c:/users/simas/appdata/roaming/xpacks/@xpack-dev-tools/arm-none-eabi-gcc/10.2.1-1.1.2/.content/bin/../lib/gcc/arm-none-eabi/10.2.1/../../../../arm-none-eabi/lib/thumb/v7e-m/nofp\libg_nano.a(lib_a-strcmp.o)
 .debug_frame   0x0000000000001df8       0x4c c:/users/simas/appdata/roaming/xpacks/@xpack-dev-tools/arm-none-eabi-gcc/10.2.1-1.1.2/.content/bin/../lib/gcc/arm-none-eabi/10.2.1/../../../../arm-none-eabi/lib/thumb/v7e-m/nofp\libg_nano.a(lib_a-vsnprintf.o)
 .debug_frame   0x0000000000001e44       0x30 c:/users/simas/appdata/roaming/xpacks/@xpack-dev-tools/arm-none-eabi-gcc/10.2.1-1.1.2/.content/bin/../lib/gcc/arm-none-eabi/10.2.1/../../../../arm-none-eabi/lib/thumb/v7e-m/nofp\libg_nano.a(lib_a-mlock.o)
 .debug_frame   0x0000000000001e74       0x38 c:/users/simas/appdata/roaming/xpacks/@xpack-dev-tools/arm-none-eabi-gcc/10.2.1-1.1.2/.content/bin/../lib/gcc/arm-none-eabi/10.2.1/../../../../arm-none-eabi/lib/thumb/v7e-m/nofp\libg_nano.a(lib_a-nano-freer.o)
 .debug_frame   0x0000000000001eac       0x90 c:/users/simas/appdata/roaming/xpacks/@xpack-dev-tools/arm-none-eabi-gcc/10.2.1-1.1.2/.content/bin/../lib/gcc/arm-none-eabi/10.2.1/../../../../arm-none-eabi/lib/thumb/v7e-m/nofp\libg_nano.a(lib_a-nano-svfprintf.o)
 .debug_frame   0x0000000000001f3c       0x60 c:/users/simas/appdata/roaming/xpacks/@xpack-dev-tools/arm-none-eabi-gcc/10.2.1-1.1.2/.content/bin/../lib/gcc/arm-none-eabi/10.2.1/../../../../arm-none-eabi/lib/thumb/v7e-m/nofp\libg_nano.a(lib_a-nano-vfprintf_i.o)
 .debug_frame   0x0000000000001f9c       0x28 c:/users/simas/appdata/roaming/xpacks/@xpack-dev-tools/arm-none-eabi-gcc/10.2.1-1.1.2/.content/bin/../lib/gcc/arm-none-eabi/10.2.1/../../../../arm-none-eabi/lib/thumb/v7e-m/nofp\libg_nano.a(lib_a-memcpy-stub.o)
 .debug_frame   0x0000000000001fc4       0x28 c:/users/simas/appdata/roaming/xpacks/@xpack-dev-tools/arm-none-eabi-gcc/10.2.1-1.1.2/.content/bin/../lib/gcc/arm-none-eabi/10.2.1/../../../../arm-none-eabi/lib/thumb/v7e-m/nofp\libg_nano.a(lib_a-memmove.o)
 .debug_frame   0x0000000000001fec       0x3c c:/users/simas/appdata/roaming/xpacks/@xpack-dev-tools/arm-none-eabi-gcc/10.2.1-1.1.2/.content/bin/../lib/gcc/arm-none-eabi/10.2.1/../../../../arm-none-eabi/lib/thumb/v7e-m/nofp\libg_nano.a(lib_a-nano-reallocr.o)
 .debug_frame   0x0000000000002028       0x20 c:/users/simas/appdata/roaming/xpacks/@xpack-dev-tools/arm-none-eabi-gcc/10.2.1-1.1.2/.content/bin/../lib/gcc/arm-none-eabi/10.2.1/../../../../arm-none-eabi/lib/thumb/v7e-m/nofp\libg_nano.a(lib_a-nano-msizer.o)

.debug_str      0x0000000000000000    0xfab10
 *(.debug_str)
 .debug_str     0x0000000000000000    0xeebac ./system/src/stm32f4-hal/stm32f4xx_hal.o
                                      0xeef5b (size before relaxing)
 .debug_str     0x00000000000eebac      0x38b ./system/src/stm32f4-hal/stm32f4xx_hal_cortex.o
                                      0xeec9a (size before relaxing)
 .debug_str     0x00000000000eef37      0x251 ./system/src/stm32f4-hal/stm32f4xx_hal_gpio.o
                                      0xee5f7 (size before relaxing)
 .debug_str     0x00000000000ef188      0x3b2 ./system/src/stm32f4-hal/stm32f4xx_hal_rcc.o
                                      0xee814 (size before relaxing)
 .debug_str     0x00000000000ef53a     0x10a4 ./system/src/stm32f4-hal/stm32f4xx_hal_tim.o
                                      0xef517 (size before relaxing)
 .debug_str     0x00000000000f05de     0x3590 ./system/src/newlib/sbrk.o
                                       0x6b48 (size before relaxing)
 .debug_str     0x00000000000f3b6e      0x2cb ./system/src/newlib/startup.o
                                       0x6372 (size before relaxing)
 .debug_str     0x00000000000f3e39     0x3f75 ./system/src/newlib/syscalls.o
                                       0xb5bf (size before relaxing)
 .debug_str     0x00000000000f7dae       0xbd ./system/src/diag/trace-impl.o
                                      0xf162b (size before relaxing)
 .debug_str     0x00000000000f7e6b      0x162 ./system/src/diag/trace.o
                                       0x7eee (size before relaxing)
 .debug_str     0x00000000000f7fcd      0x1dc ./system/src/cortexm/exception-handlers.o
                                      0xf2821 (size before relaxing)
 .debug_str     0x00000000000f81a9       0x5d ./system/src/cortexm/initialize-hardware.o
                                      0xee2fa (size before relaxing)
 .debug_str     0x00000000000f8206       0x46 ./system/src/cmsis/system_stm32f4xx.o
                                      0xee3e8 (size before relaxing)
 .debug_str     0x00000000000f824c       0x59 ./system/src/cmsis/vectors_stm32f407xx.o
                                       0x3ced (size before relaxing)
 .debug_str     0x00000000000f82a5       0x30 ./src/initialize-hardware.o
                                      0xf15c5 (size before relaxing)
 .debug_str     0x00000000000f82d5      0x77c ./src/led.o
                                      0xee8c1 (size before relaxing)
 .debug_str     0x00000000000f8a51     0x2028 ./src/main.o
                                      0xf53ed (size before relaxing)
 .debug_str     0x00000000000faa79       0x3d ./src/stm32f4xx_hal_msp.o
                                      0xee225 (size before relaxing)
 .debug_str     0x00000000000faab6       0x5a ./src/timer.o
                                      0xeed13 (size before relaxing)

.debug_loc      0x0000000000000000     0x68e3
 *(.debug_loc)
 .debug_loc     0x0000000000000000      0x130 ./system/src/stm32f4-hal/stm32f4xx_hal.o
 .debug_loc     0x0000000000000130      0x92e ./system/src/stm32f4-hal/stm32f4xx_hal_cortex.o
 .debug_loc     0x0000000000000a5e      0x66d ./system/src/stm32f4-hal/stm32f4xx_hal_gpio.o
 .debug_loc     0x00000000000010cb      0x56f ./system/src/stm32f4-hal/stm32f4xx_hal_rcc.o
 .debug_loc     0x000000000000163a     0x2d8e ./system/src/stm32f4-hal/stm32f4xx_hal_tim.o
 .debug_loc     0x00000000000043c8       0x97 ./system/src/newlib/sbrk.o
 .debug_loc     0x000000000000445f      0x49b ./system/src/newlib/startup.o
 .debug_loc     0x00000000000048fa     0x1427 ./system/src/newlib/syscalls.o
 .debug_loc     0x0000000000005d21      0x194 ./system/src/diag/trace-impl.o
 .debug_loc     0x0000000000005eb5      0x118 ./system/src/diag/trace.o
 .debug_loc     0x0000000000005fcd      0x524 ./system/src/cortexm/exception-handlers.o
 .debug_loc     0x00000000000064f1      0x158 ./system/src/cmsis/system_stm32f4xx.o
 .debug_loc     0x0000000000006649       0x64 ./src/initialize-hardware.o
 .debug_loc     0x00000000000066ad       0xba ./src/led.o
 .debug_loc     0x0000000000006767      0x119 ./src/main.o
 .debug_loc     0x0000000000006880       0x63 ./src/timer.o

.debug_macinfo
 *(.debug_macinfo)

.debug_weaknames
 *(.debug_weaknames)

.debug_funcnames
 *(.debug_funcnames)

.debug_typenames
 *(.debug_typenames)

.debug_varnames
 *(.debug_varnames)
OUTPUT(Valdikliu_programavimas.elf elf32-littlearm)
LOAD linker stubs

.debug_ranges   0x0000000000000000      0xa40
 .debug_ranges  0x0000000000000000       0xe0 ./system/src/stm32f4-hal/stm32f4xx_hal.o
 .debug_ranges  0x00000000000000e0      0x128 ./system/src/stm32f4-hal/stm32f4xx_hal_cortex.o
 .debug_ranges  0x0000000000000208       0x48 ./system/src/stm32f4-hal/stm32f4xx_hal_gpio.o
 .debug_ranges  0x0000000000000250       0x90 ./system/src/stm32f4-hal/stm32f4xx_hal_rcc.o
 .debug_ranges  0x00000000000002e0      0x398 ./system/src/stm32f4-hal/stm32f4xx_hal_tim.o
 .debug_ranges  0x0000000000000678       0x10 ./system/src/newlib/sbrk.o
 .debug_ranges  0x0000000000000688       0x78 ./system/src/newlib/startup.o
 .debug_ranges  0x0000000000000700      0x128 ./system/src/newlib/syscalls.o
 .debug_ranges  0x0000000000000828       0x38 ./system/src/diag/trace-impl.o
 .debug_ranges  0x0000000000000860       0x28 ./system/src/diag/trace.o
 .debug_ranges  0x0000000000000888       0x80 ./system/src/cortexm/exception-handlers.o
 .debug_ranges  0x0000000000000908       0x18 ./system/src/cortexm/initialize-hardware.o
 .debug_ranges  0x0000000000000920       0x18 ./system/src/cmsis/system_stm32f4xx.o
 .debug_ranges  0x0000000000000938       0x10 ./system/src/cmsis/vectors_stm32f407xx.o
 .debug_ranges  0x0000000000000948       0x20 ./src/initialize-hardware.o
 .debug_ranges  0x0000000000000968       0x38 ./src/led.o
 .debug_ranges  0x00000000000009a0       0x50 ./src/main.o
 .debug_ranges  0x00000000000009f0       0x28 ./src/stm32f4xx_hal_msp.o
 .debug_ranges  0x0000000000000a18       0x28 ./src/timer.o

.debug_macro    0x0000000000000000    0x2acf6
 .debug_macro   0x0000000000000000      0x44c ./system/src/stm32f4-hal/stm32f4xx_hal.o
 .debug_macro   0x000000000000044c      0xa84 ./system/src/stm32f4-hal/stm32f4xx_hal.o
 .debug_macro   0x0000000000000ed0      0x3a2 ./system/src/stm32f4-hal/stm32f4xx_hal.o
 .debug_macro   0x0000000000001272       0x2e ./system/src/stm32f4-hal/stm32f4xx_hal.o
 .debug_macro   0x00000000000012a0       0x2f ./system/src/stm32f4-hal/stm32f4xx_hal.o
 .debug_macro   0x00000000000012cf       0x22 ./system/src/stm32f4-hal/stm32f4xx_hal.o
 .debug_macro   0x00000000000012f1       0x8e ./system/src/stm32f4-hal/stm32f4xx_hal.o
 .debug_macro   0x000000000000137f       0x51 ./system/src/stm32f4-hal/stm32f4xx_hal.o
 .debug_macro   0x00000000000013d0      0x103 ./system/src/stm32f4-hal/stm32f4xx_hal.o
 .debug_macro   0x00000000000014d3       0x6a ./system/src/stm32f4-hal/stm32f4xx_hal.o
 .debug_macro   0x000000000000153d      0x1df ./system/src/stm32f4-hal/stm32f4xx_hal.o
 .debug_macro   0x000000000000171c       0x1c ./system/src/stm32f4-hal/stm32f4xx_hal.o
 .debug_macro   0x0000000000001738       0x22 ./system/src/stm32f4-hal/stm32f4xx_hal.o
 .debug_macro   0x000000000000175a       0xd9 ./system/src/stm32f4-hal/stm32f4xx_hal.o
 .debug_macro   0x0000000000001833     0x102d ./system/src/stm32f4-hal/stm32f4xx_hal.o
 .debug_macro   0x0000000000002860      0x11f ./system/src/stm32f4-hal/stm32f4xx_hal.o
 .debug_macro   0x000000000000297f    0x15e3c ./system/src/stm32f4-hal/stm32f4xx_hal.o
 .debug_macro   0x00000000000187bb       0x43 ./system/src/stm32f4-hal/stm32f4xx_hal.o
 .debug_macro   0x00000000000187fe     0x3659 ./system/src/stm32f4-hal/stm32f4xx_hal.o
 .debug_macro   0x000000000001be57      0x174 ./system/src/stm32f4-hal/stm32f4xx_hal.o
 .debug_macro   0x000000000001bfcb       0x5a ./system/src/stm32f4-hal/stm32f4xx_hal.o
 .debug_macro   0x000000000001c025      0x96b ./system/src/stm32f4-hal/stm32f4xx_hal.o
 .debug_macro   0x000000000001c990      0x9fe ./system/src/stm32f4-hal/stm32f4xx_hal.o
 .debug_macro   0x000000000001d38e      0x117 ./system/src/stm32f4-hal/stm32f4xx_hal.o
 .debug_macro   0x000000000001d4a5      0x13e ./system/src/stm32f4-hal/stm32f4xx_hal.o
 .debug_macro   0x000000000001d5e3       0x27 ./system/src/stm32f4-hal/stm32f4xx_hal.o
 .debug_macro   0x000000000001d60a      0x174 ./system/src/stm32f4-hal/stm32f4xx_hal.o
 .debug_macro   0x000000000001d77e      0x287 ./system/src/stm32f4-hal/stm32f4xx_hal.o
 .debug_macro   0x000000000001da05       0x5f ./system/src/stm32f4-hal/stm32f4xx_hal.o
 .debug_macro   0x000000000001da64      0x236 ./system/src/stm32f4-hal/stm32f4xx_hal.o
 .debug_macro   0x000000000001dc9a      0x391 ./system/src/stm32f4-hal/stm32f4xx_hal.o
 .debug_macro   0x000000000001e02b      0x176 ./system/src/stm32f4-hal/stm32f4xx_hal.o
 .debug_macro   0x000000000001e1a1       0xf9 ./system/src/stm32f4-hal/stm32f4xx_hal.o
 .debug_macro   0x000000000001e29a      0x40f ./system/src/stm32f4-hal/stm32f4xx_hal.o
 .debug_macro   0x000000000001e6a9       0x22 ./system/src/stm32f4-hal/stm32f4xx_hal.o
 .debug_macro   0x000000000001e6cb       0xea ./system/src/stm32f4-hal/stm32f4xx_hal.o
 .debug_macro   0x000000000001e7b5       0xa0 ./system/src/stm32f4-hal/stm32f4xx_hal.o
 .debug_macro   0x000000000001e855       0x3c ./system/src/stm32f4-hal/stm32f4xx_hal.o
 .debug_macro   0x000000000001e891       0x1f ./system/src/stm32f4-hal/stm32f4xx_hal.o
 .debug_macro   0x000000000001e8b0      0x1d2 ./system/src/stm32f4-hal/stm32f4xx_hal.o
 .debug_macro   0x000000000001ea82      0xccf ./system/src/stm32f4-hal/stm32f4xx_hal.o
 .debug_macro   0x000000000001f751      0x12c ./system/src/stm32f4-hal/stm32f4xx_hal.o
 .debug_macro   0x000000000001f87d      0x21e ./system/src/stm32f4-hal/stm32f4xx_hal.o
 .debug_macro   0x000000000001fa9b       0x2e ./system/src/stm32f4-hal/stm32f4xx_hal.o
 .debug_macro   0x000000000001fac9      0x543 ./system/src/stm32f4-hal/stm32f4xx_hal.o
 .debug_macro   0x000000000002000c       0x88 ./system/src/stm32f4-hal/stm32f4xx_hal.o
 .debug_macro   0x0000000000020094       0xea ./system/src/stm32f4-hal/stm32f4xx_hal.o
 .debug_macro   0x000000000002017e      0x184 ./system/src/stm32f4-hal/stm32f4xx_hal.o
 .debug_macro   0x0000000000020302      0x1b5 ./system/src/stm32f4-hal/stm32f4xx_hal.o
 .debug_macro   0x00000000000204b7       0xd6 ./system/src/stm32f4-hal/stm32f4xx_hal.o
 .debug_macro   0x000000000002058d      0x26b ./system/src/stm32f4-hal/stm32f4xx_hal.o
 .debug_macro   0x00000000000207f8      0x1a7 ./system/src/stm32f4-hal/stm32f4xx_hal.o
 .debug_macro   0x000000000002099f       0x46 ./system/src/stm32f4-hal/stm32f4xx_hal.o
 .debug_macro   0x00000000000209e5       0x4a ./system/src/stm32f4-hal/stm32f4xx_hal.o
 .debug_macro   0x0000000000020a2f       0x78 ./system/src/stm32f4-hal/stm32f4xx_hal.o
 .debug_macro   0x0000000000020aa7      0x11a ./system/src/stm32f4-hal/stm32f4xx_hal.o
 .debug_macro   0x0000000000020bc1       0x7e ./system/src/stm32f4-hal/stm32f4xx_hal.o
 .debug_macro   0x0000000000020c3f       0x89 ./system/src/stm32f4-hal/stm32f4xx_hal.o
 .debug_macro   0x0000000000020cc8       0xa4 ./system/src/stm32f4-hal/stm32f4xx_hal.o
 .debug_macro   0x0000000000020d6c      0x31a ./system/src/stm32f4-hal/stm32f4xx_hal.o
 .debug_macro   0x0000000000021086      0x405 ./system/src/stm32f4-hal/stm32f4xx_hal.o
 .debug_macro   0x000000000002148b       0xe4 ./system/src/stm32f4-hal/stm32f4xx_hal.o
 .debug_macro   0x000000000002156f      0x861 ./system/src/stm32f4-hal/stm32f4xx_hal.o
 .debug_macro   0x0000000000021dd0      0x1d5 ./system/src/stm32f4-hal/stm32f4xx_hal.o
 .debug_macro   0x0000000000021fa5      0x225 ./system/src/stm32f4-hal/stm32f4xx_hal.o
 .debug_macro   0x00000000000221ca      0x8a0 ./system/src/stm32f4-hal/stm32f4xx_hal.o
 .debug_macro   0x0000000000022a6a       0x47 ./system/src/stm32f4-hal/stm32f4xx_hal.o
 .debug_macro   0x0000000000022ab1      0x287 ./system/src/stm32f4-hal/stm32f4xx_hal.o
 .debug_macro   0x0000000000022d38      0x217 ./system/src/stm32f4-hal/stm32f4xx_hal.o
 .debug_macro   0x0000000000022f4f      0x1b5 ./system/src/stm32f4-hal/stm32f4xx_hal.o
 .debug_macro   0x0000000000023104      0x2db ./system/src/stm32f4-hal/stm32f4xx_hal.o
 .debug_macro   0x00000000000233df       0x8d ./system/src/stm32f4-hal/stm32f4xx_hal.o
 .debug_macro   0x000000000002346c      0x21e ./system/src/stm32f4-hal/stm32f4xx_hal.o
 .debug_macro   0x000000000002368a       0xba ./system/src/stm32f4-hal/stm32f4xx_hal.o
 .debug_macro   0x0000000000023744       0x6e ./system/src/stm32f4-hal/stm32f4xx_hal.o
 .debug_macro   0x00000000000237b2      0x1e9 ./system/src/stm32f4-hal/stm32f4xx_hal.o
 .debug_macro   0x000000000002399b      0x12d ./system/src/stm32f4-hal/stm32f4xx_hal.o
 .debug_macro   0x0000000000023ac8      0x3ec ./system/src/stm32f4-hal/stm32f4xx_hal_cortex.o
 .debug_macro   0x0000000000023eb4      0x422 ./system/src/stm32f4-hal/stm32f4xx_hal_gpio.o
 .debug_macro   0x00000000000242d6      0x410 ./system/src/stm32f4-hal/stm32f4xx_hal_rcc.o
 .debug_macro   0x00000000000246e6      0x3ed ./system/src/stm32f4-hal/stm32f4xx_hal_tim.o
 .debug_macro   0x0000000000024ad3      0x163 ./system/src/newlib/sbrk.o
 .debug_macro   0x0000000000024c36       0x10 ./system/src/newlib/sbrk.o
 .debug_macro   0x0000000000024c46      0x23b ./system/src/newlib/sbrk.o
 .debug_macro   0x0000000000024e81      0x174 ./system/src/newlib/startup.o
 .debug_macro   0x0000000000024ff5      0xa8a ./system/src/newlib/startup.o
 .debug_macro   0x0000000000025a7f       0x6a ./system/src/newlib/startup.o
 .debug_macro   0x0000000000025ae9      0x2dd ./system/src/newlib/syscalls.o
 .debug_macro   0x0000000000025dc6       0x10 ./system/src/newlib/syscalls.o
 .debug_macro   0x0000000000025dd6       0x10 ./system/src/newlib/syscalls.o
 .debug_macro   0x0000000000025de6       0x10 ./system/src/newlib/syscalls.o
 .debug_macro   0x0000000000025df6       0x35 ./system/src/newlib/syscalls.o
 .debug_macro   0x0000000000025e2b      0x12c ./system/src/newlib/syscalls.o
 .debug_macro   0x0000000000025f57      0x22a ./system/src/newlib/syscalls.o
 .debug_macro   0x0000000000026181       0x10 ./system/src/newlib/syscalls.o
 .debug_macro   0x0000000000026191       0x1c ./system/src/newlib/syscalls.o
 .debug_macro   0x00000000000261ad       0x10 ./system/src/newlib/syscalls.o
 .debug_macro   0x00000000000261bd       0x10 ./system/src/newlib/syscalls.o
 .debug_macro   0x00000000000261cd       0x16 ./system/src/newlib/syscalls.o
 .debug_macro   0x00000000000261e3      0x16f ./system/src/newlib/syscalls.o
 .debug_macro   0x0000000000026352       0x16 ./system/src/newlib/syscalls.o
 .debug_macro   0x0000000000026368       0xce ./system/src/newlib/syscalls.o
 .debug_macro   0x0000000000026436      0x241 ./system/src/newlib/syscalls.o
 .debug_macro   0x0000000000026677       0x16 ./system/src/newlib/syscalls.o
 .debug_macro   0x000000000002668d       0x3a ./system/src/newlib/syscalls.o
 .debug_macro   0x00000000000266c7      0x11f ./system/src/newlib/syscalls.o
 .debug_macro   0x00000000000267e6      0x189 ./system/src/newlib/syscalls.o
 .debug_macro   0x000000000002696f       0x16 ./system/src/newlib/syscalls.o
 .debug_macro   0x0000000000026985       0x22 ./system/src/newlib/syscalls.o
 .debug_macro   0x00000000000269a7      0x522 ./system/src/diag/trace-impl.o
 .debug_macro   0x0000000000026ec9       0x10 ./system/src/diag/trace-impl.o
 .debug_macro   0x0000000000026ed9      0x1f5 ./system/src/diag/trace.o
 .debug_macro   0x00000000000270ce       0x16 ./system/src/diag/trace.o
 .debug_macro   0x00000000000270e4       0x97 ./system/src/diag/trace.o
 .debug_macro   0x000000000002717b       0xfd ./system/src/diag/trace.o
 .debug_macro   0x0000000000027278       0x4c ./system/src/diag/trace.o
 .debug_macro   0x00000000000272c4      0x595 ./system/src/cortexm/exception-handlers.o
 .debug_macro   0x0000000000027859       0x10 ./system/src/cortexm/exception-handlers.o
 .debug_macro   0x0000000000027869      0x3f6 ./system/src/cortexm/initialize-hardware.o
 .debug_macro   0x0000000000027c5f      0x3f2 ./system/src/cmsis/system_stm32f4xx.o
 .debug_macro   0x0000000000028051       0x73 ./system/src/cmsis/vectors_stm32f407xx.o
 .debug_macro   0x00000000000280c4      0x507 ./src/initialize-hardware.o
 .debug_macro   0x00000000000285cb      0x40d ./src/led.o
 .debug_macro   0x00000000000289d8       0x1c ./src/led.o
 .debug_macro   0x00000000000289f4     0x102d ./src/led.o
 .debug_macro   0x0000000000029a21      0x17b ./src/led.o
 .debug_macro   0x0000000000029b9c      0x62a ./src/main.o
 .debug_macro   0x000000000002a1c6       0x97 ./src/main.o
 .debug_macro   0x000000000002a25d      0x104 ./src/main.o
 .debug_macro   0x000000000002a361      0x137 ./src/main.o
 .debug_macro   0x000000000002a498       0x54 ./src/main.o
 .debug_macro   0x000000000002a4ec      0x3ec ./src/stm32f4xx_hal_msp.o
 .debug_macro   0x000000000002a8d8      0x40e ./src/timer.o
 .debug_macro   0x000000000002ace6       0x10 ./src/timer.o
