Archive member included to satisfy reference by file (symbol)

c:/users/simas/appdata/roaming/xpacks/@xpack-dev-tools/arm-none-eabi-gcc/10.2.1-1.1.2/.content/bin/../lib/gcc/arm-none-eabi/10.2.1/thumb/v7e-m/nofp\libgcc.a(_aeabi_uldivmod.o)
                              ./system/src/stm32f4-hal/stm32f4xx_hal_rcc.o (__aeabi_uldivmod)
c:/users/simas/appdata/roaming/xpacks/@xpack-dev-tools/arm-none-eabi-gcc/10.2.1-1.1.2/.content/bin/../lib/gcc/arm-none-eabi/10.2.1/thumb/v7e-m/nofp\libgcc.a(_udivmoddi4.o)
                              c:/users/simas/appdata/roaming/xpacks/@xpack-dev-tools/arm-none-eabi-gcc/10.2.1-1.1.2/.content/bin/../lib/gcc/arm-none-eabi/10.2.1/thumb/v7e-m/nofp\libgcc.a(_aeabi_uldivmod.o) (__udivmoddi4)
c:/users/simas/appdata/roaming/xpacks/@xpack-dev-tools/arm-none-eabi-gcc/10.2.1-1.1.2/.content/bin/../lib/gcc/arm-none-eabi/10.2.1/thumb/v7e-m/nofp\libgcc.a(_dvmd_tls.o)
                              c:/users/simas/appdata/roaming/xpacks/@xpack-dev-tools/arm-none-eabi-gcc/10.2.1-1.1.2/.content/bin/../lib/gcc/arm-none-eabi/10.2.1/thumb/v7e-m/nofp\libgcc.a(_aeabi_uldivmod.o) (__aeabi_ldiv0)
c:/users/simas/appdata/roaming/xpacks/@xpack-dev-tools/arm-none-eabi-gcc/10.2.1-1.1.2/.content/bin/../lib/gcc/arm-none-eabi/10.2.1/../../../../arm-none-eabi/lib/thumb/v7e-m/nofp\libg_nano.a(lib_a-atoi.o)
                              ./src/main.o (atoi)
c:/users/simas/appdata/roaming/xpacks/@xpack-dev-tools/arm-none-eabi-gcc/10.2.1-1.1.2/.content/bin/../lib/gcc/arm-none-eabi/10.2.1/../../../../arm-none-eabi/lib/thumb/v7e-m/nofp\libg_nano.a(lib_a-ctype_.o)
                              ./system/src/newlib/syscalls.o (_ctype_)
c:/users/simas/appdata/roaming/xpacks/@xpack-dev-tools/arm-none-eabi-gcc/10.2.1-1.1.2/.content/bin/../lib/gcc/arm-none-eabi/10.2.1/../../../../arm-none-eabi/lib/thumb/v7e-m/nofp\libg_nano.a(lib_a-errno.o)
                              ./system/src/newlib/sbrk.o (__errno)
c:/users/simas/appdata/roaming/xpacks/@xpack-dev-tools/arm-none-eabi-gcc/10.2.1-1.1.2/.content/bin/../lib/gcc/arm-none-eabi/10.2.1/../../../../arm-none-eabi/lib/thumb/v7e-m/nofp\libg_nano.a(lib_a-findfp.o)
                              ./system/src/newlib/syscalls.o (__sinit)
c:/users/simas/appdata/roaming/xpacks/@xpack-dev-tools/arm-none-eabi-gcc/10.2.1-1.1.2/.content/bin/../lib/gcc/arm-none-eabi/10.2.1/../../../../arm-none-eabi/lib/thumb/v7e-m/nofp\libg_nano.a(lib_a-fwalk.o)
                              c:/users/simas/appdata/roaming/xpacks/@xpack-dev-tools/arm-none-eabi-gcc/10.2.1-1.1.2/.content/bin/../lib/gcc/arm-none-eabi/10.2.1/../../../../arm-none-eabi/lib/thumb/v7e-m/nofp\libg_nano.a(lib_a-findfp.o) (_fwalk)
c:/users/simas/appdata/roaming/xpacks/@xpack-dev-tools/arm-none-eabi-gcc/10.2.1-1.1.2/.content/bin/../lib/gcc/arm-none-eabi/10.2.1/../../../../arm-none-eabi/lib/thumb/v7e-m/nofp\libg_nano.a(lib_a-fwrite.o)
                              ./src/main.o (fwrite)
c:/users/simas/appdata/roaming/xpacks/@xpack-dev-tools/arm-none-eabi-gcc/10.2.1-1.1.2/.content/bin/../lib/gcc/arm-none-eabi/10.2.1/../../../../arm-none-eabi/lib/thumb/v7e-m/nofp\libg_nano.a(lib_a-impure.o)
                              c:/users/simas/appdata/roaming/xpacks/@xpack-dev-tools/arm-none-eabi-gcc/10.2.1-1.1.2/.content/bin/../lib/gcc/arm-none-eabi/10.2.1/../../../../arm-none-eabi/lib/thumb/v7e-m/nofp\libg_nano.a(lib_a-findfp.o) (_global_impure_ptr)
c:/users/simas/appdata/roaming/xpacks/@xpack-dev-tools/arm-none-eabi-gcc/10.2.1-1.1.2/.content/bin/../lib/gcc/arm-none-eabi/10.2.1/../../../../arm-none-eabi/lib/thumb/v7e-m/nofp\libg_nano.a(lib_a-lock.o)
                              c:/users/simas/appdata/roaming/xpacks/@xpack-dev-tools/arm-none-eabi-gcc/10.2.1-1.1.2/.content/bin/../lib/gcc/arm-none-eabi/10.2.1/../../../../arm-none-eabi/lib/thumb/v7e-m/nofp\libg_nano.a(lib_a-findfp.o) (__retarget_lock_init_recursive)
c:/users/simas/appdata/roaming/xpacks/@xpack-dev-tools/arm-none-eabi-gcc/10.2.1-1.1.2/.content/bin/../lib/gcc/arm-none-eabi/10.2.1/../../../../arm-none-eabi/lib/thumb/v7e-m/nofp\libg_nano.a(lib_a-memset.o)
                              ./system/src/newlib/syscalls.o (memset)
c:/users/simas/appdata/roaming/xpacks/@xpack-dev-tools/arm-none-eabi-gcc/10.2.1-1.1.2/.content/bin/../lib/gcc/arm-none-eabi/10.2.1/../../../../arm-none-eabi/lib/thumb/v7e-m/nofp\libg_nano.a(lib_a-nano-mallocr.o)
                              c:/users/simas/appdata/roaming/xpacks/@xpack-dev-tools/arm-none-eabi-gcc/10.2.1-1.1.2/.content/bin/../lib/gcc/arm-none-eabi/10.2.1/../../../../arm-none-eabi/lib/thumb/v7e-m/nofp\libg_nano.a(lib_a-findfp.o) (_malloc_r)
c:/users/simas/appdata/roaming/xpacks/@xpack-dev-tools/arm-none-eabi-gcc/10.2.1-1.1.2/.content/bin/../lib/gcc/arm-none-eabi/10.2.1/../../../../arm-none-eabi/lib/thumb/v7e-m/nofp\libg_nano.a(lib_a-puts.o)
                              ./src/main.o (puts)
[...]
Memory Configuration

Name             Origin             Length             Attributes
RAM              0x0000000020000000 0x0000000000020000 xrw
CCMRAM           0x0000000010000000 0x0000000000010000 xrw
FLASH            0x0000000008000000 0x0000000000100000 xr
FLASHB1          0x0000000000000000 0x0000000000000000 xr
EXTMEMB0         0x0000000000000000 0x0000000000000000 xr
EXTMEMB1         0x0000000000000000 0x0000000000000000 xr
EXTMEMB2         0x0000000000000000 0x0000000000000000 xr
EXTMEMB3         0x0000000000000000 0x0000000000000000 xr
MEMORY_ARRAY     0x0000000020002000 0x0000000000000020 xrw
*default*        0x0000000000000000 0xffffffffffffffff

Linker script and memory map

LOAD ./system/src/stm32f4-hal/stm32f4xx_hal.o
LOAD ./system/src/stm32f4-hal/stm32f4xx_hal_cortex.o
LOAD ./system/src/stm32f4-hal/stm32f4xx_hal_flash.o
LOAD ./system/src/stm32f4-hal/stm32f4xx_hal_flash_ex.o
LOAD ./system/src/stm32f4-hal/stm32f4xx_hal_flash_ramfunc.o
LOAD ./system/src/stm32f4-hal/stm32f4xx_hal_gpio.o
LOAD ./system/src/stm32f4-hal/stm32f4xx_hal_iwdg.o
LOAD ./system/src/stm32f4-hal/stm32f4xx_hal_pwr.o
LOAD ./system/src/stm32f4-hal/stm32f4xx_hal_rcc.o
LOAD ./system/src/stm32f4-hal/stm32f4xx_hal_tim.o
LOAD ./system/src/newlib/assert.o
LOAD ./system/src/newlib/cxx.o
LOAD ./system/src/newlib/exit.o
LOAD ./system/src/newlib/sbrk.o
LOAD ./system/src/newlib/startup.o
LOAD ./system/src/newlib/syscalls.o
LOAD ./system/src/diag/trace-impl.o
LOAD ./system/src/diag/trace.o
LOAD ./system/src/cortexm/exception-handlers.o
LOAD ./system/src/cortexm/initialize-hardware.o
LOAD ./system/src/cortexm/reset-hardware.o
LOAD ./system/src/cmsis/system_stm32f4xx.o
LOAD ./system/src/cmsis/vectors_stm32f407xx.o
LOAD ./src/initialize-hardware.o
LOAD ./src/led.o
LOAD ./src/main.o
LOAD ./src/stm32f4xx_hal_msp.o
LOAD ./src/timer.o
LOAD ./src/write.o
LOAD c:/users/simas/appdata/roaming/xpacks/@xpack-dev-tools/arm-none-eabi-gcc/10.2.1-1.1.2/.content/bin/../lib/gcc/arm-none-eabi/10.2.1/../../../../arm-none-eabi/lib/thumb/v7e-m/nofp\libstdc++_nano.a
LOAD c:/users/simas/appdata/roaming/xpacks/@xpack-dev-tools/arm-none-eabi-gcc/10.2.1-1.1.2/.content/bin/../lib/gcc/arm-none-eabi/10.2.1/../../../../arm-none-eabi/lib/thumb/v7e-m/nofp\libm.a
START GROUP
LOAD c:/users/simas/appdata/roaming/xpacks/@xpack-dev-tools/arm-none-eabi-gcc/10.2.1-1.1.2/.content/bin/../lib/gcc/arm-none-eabi/10.2.1/thumb/v7e-m/nofp\libgcc.a
LOAD c:/users/simas/appdata/roaming/xpacks/@xpack-dev-tools/arm-none-eabi-gcc/10.2.1-1.1.2/.content/bin/../lib/gcc/arm-none-eabi/10.2.1/../../../../arm-none-eabi/lib/thumb/v7e-m/nofp\libg_nano.a
LOAD c:/users/simas/appdata/roaming/xpacks/@xpack-dev-tools/arm-none-eabi-gcc/10.2.1-1.1.2/.content/bin/../lib/gcc/arm-none-eabi/10.2.1/../../../../arm-none-eabi/lib/thumb/v7e-m/nofp\libc_nano.a
END GROUP
START GROUP
LOAD c:/users/simas/appdata/roaming/xpacks/@xpack-dev-tools/arm-none-eabi-gcc/10.2.1-1.1.2/.content/bin/../lib/gcc/arm-none-eabi/10.2.1/thumb/v7e-m/nofp\libgcc.a
LOAD c:/users/simas/appdata/roaming/xpacks/@xpack-dev-tools/arm-none-eabi-gcc/10.2.1-1.1.2/.content/bin/../lib/gcc/arm-none-eabi/10.2.1/../../../../arm-none-eabi/lib/thumb/v7e-m/nofp\libc_nano.a
END GROUP
                0x0000000020020000                __stack = (ORIGIN (RAM) + LENGTH (RAM))
                0x0000000020020000                _estack = __stack
                0x0000000000000400                __Main_Stack_Size = 0x400
                [!provide]                        PROVIDE (_Main_Stack_Size = __Main_Stack_Size)
                0x000000002001fc00                __Main_Stack_Limit = (__stack - __Main_Stack_Size)
                [!provide]                        PROVIDE (_Main_Stack_Limit = __Main_Stack_Limit)
                0x0000000000000100                _Minimum_Stack_Size = 0x100
                0x0000000020000280                PROVIDE (_Heap_Begin = _end_noinit)
                0x000000002001fc00                PROVIDE (_Heap_Limit = (__stack - __Main_Stack_Size))

.isr_vector     0x0000000008000000      0x3e8
 FILL mask 0xff
                0x0000000008000000                __vectors_start = ABSOLUTE (.)
                0x0000000008000000                __vectors_start__ = ABSOLUTE (.)
 *(.isr_vector)
 .isr_vector    0x0000000008000000      0x188 ./system/src/cmsis/vectors_stm32f407xx.o
                0x0000000008000000                __isr_vectors
 *(.cfmconfig)
 *(.after_vectors .after_vectors.*)
 .after_vectors
                0x0000000008000188      0x130 ./system/src/newlib/startup.o
                0x0000000008000188                _start
 .after_vectors
                0x00000000080002b8      0x12c ./system/src/cortexm/exception-handlers.o
                0x00000000080002b8                Reset_Handler
                0x00000000080002be                NMI_Handler
                0x00000000080002c2                HardFault_Handler
                0x00000000080002d6                HardFault_Handler_C
                0x0000000008000334                MemManage_Handler
                0x0000000008000338                BusFault_Handler
                0x000000000800034c                BusFault_Handler_C
                0x0000000008000380                UsageFault_Handler
                0x0000000008000394                UsageFault_Handler_C
                0x00000000080003c8                SVC_Handler
                0x00000000080003cc                DebugMon_Handler
                0x00000000080003d0                PendSV_Handler
 .after_vectors
                0x00000000080003e4        0x4 ./system/src/cmsis/vectors_stm32f407xx.o
                0x00000000080003e4                RTC_Alarm_IRQHandler
                0x00000000080003e4                HASH_RNG_IRQHandler
                0x00000000080003e4                EXTI2_IRQHandler
                0x00000000080003e4                TIM8_CC_IRQHandler
                0x00000000080003e4                TIM1_CC_IRQHandler
                0x00000000080003e4                DMA2_Stream5_IRQHandler
                0x00000000080003e4                DMA1_Stream5_IRQHandler
                0x00000000080003e4                PVD_IRQHandler
                0x00000000080003e4                SDIO_IRQHandler
                0x00000000080003e4                TAMP_STAMP_IRQHandler
                0x00000000080003e4                CAN2_RX1_IRQHandler
                0x00000000080003e4                EXTI3_IRQHandler
                0x00000000080003e4                TIM8_TRG_COM_TIM14_IRQHandler
                0x00000000080003e4                TIM1_UP_TIM10_IRQHandler
                0x00000000080003e4                TIM8_UP_TIM13_IRQHandler
                0x00000000080003e4                I2C3_ER_IRQHandler
                0x00000000080003e4                EXTI0_IRQHandler
                0x00000000080003e4                I2C2_EV_IRQHandler
                0x00000000080003e4                DMA1_Stream2_IRQHandler
                0x00000000080003e4                CAN1_RX0_IRQHandler
                0x00000000080003e4                FPU_IRQHandler
                0x00000000080003e4                OTG_HS_WKUP_IRQHandler
                0x00000000080003e4                CAN2_SCE_IRQHandler
                0x00000000080003e4                DMA2_Stream2_IRQHandler
                0x00000000080003e4                SPI1_IRQHandler
                0x00000000080003e4                TIM6_DAC_IRQHandler
                0x00000000080003e4                TIM1_BRK_TIM9_IRQHandler
                0x00000000080003e4                DCMI_IRQHandler
                0x00000000080003e4                CAN2_RX0_IRQHandler
                0x00000000080003e4                DMA2_Stream3_IRQHandler
                0x00000000080003e4                USART6_IRQHandler
                0x00000000080003e4                USART3_IRQHandler
                0x00000000080003e4                CAN1_RX1_IRQHandler
                0x00000000080003e4                UART5_IRQHandler
                0x00000000080003e4                DMA2_Stream0_IRQHandler
                0x00000000080003e4                TIM4_IRQHandler
                0x00000000080003e4                I2C1_EV_IRQHandler
                0x00000000080003e4                DMA1_Stream6_IRQHandler
                0x00000000080003e4                DMA1_Stream1_IRQHandler
                0x00000000080003e4                UART4_IRQHandler
                0x00000000080003e4                TIM3_IRQHandler
                0x00000000080003e4                RCC_IRQHandler
                0x00000000080003e4                TIM8_BRK_TIM12_IRQHandler
                0x00000000080003e4                Default_Handler
                0x00000000080003e4                EXTI15_10_IRQHandler
                0x00000000080003e4                ADC_IRQHandler
                0x00000000080003e4                DMA1_Stream7_IRQHandler
                0x00000000080003e4                TIM7_IRQHandler
                0x00000000080003e4                CAN2_TX_IRQHandler
                0x00000000080003e4                TIM5_IRQHandler
                0x00000000080003e4                DMA2_Stream7_IRQHandler
                0x00000000080003e4                I2C3_EV_IRQHandler
                0x00000000080003e4                EXTI9_5_IRQHandler
                0x00000000080003e4                RTC_WKUP_IRQHandler
                0x00000000080003e4                ETH_WKUP_IRQHandler
                0x00000000080003e4                SPI2_IRQHandler
                0x00000000080003e4                OTG_HS_EP1_IN_IRQHandler
                0x00000000080003e4                DMA1_Stream0_IRQHandler
                0x00000000080003e4                CAN1_TX_IRQHandler
                0x00000000080003e4                EXTI4_IRQHandler
                0x00000000080003e4                ETH_IRQHandler
                0x00000000080003e4                OTG_HS_EP1_OUT_IRQHandler
                0x00000000080003e4                WWDG_IRQHandler
                0x00000000080003e4                TIM2_IRQHandler
                0x00000000080003e4                OTG_FS_WKUP_IRQHandler
                0x00000000080003e4                TIM1_TRG_COM_TIM11_IRQHandler
                0x00000000080003e4                OTG_HS_IRQHandler
                0x00000000080003e4                EXTI1_IRQHandler
                0x00000000080003e4                USART2_IRQHandler
                0x00000000080003e4                I2C2_ER_IRQHandler
                0x00000000080003e4                DMA2_Stream1_IRQHandler
                0x00000000080003e4                CAN1_SCE_IRQHandler
                0x00000000080003e4                FLASH_IRQHandler
                0x00000000080003e4                DMA2_Stream4_IRQHandler
                0x00000000080003e4                USART1_IRQHandler
                0x00000000080003e4                OTG_FS_IRQHandler
                0x00000000080003e4                SPI3_IRQHandler
                0x00000000080003e4                DMA1_Stream4_IRQHandler
                0x00000000080003e4                I2C1_ER_IRQHandler
                0x00000000080003e4                FMC_IRQHandler
                0x00000000080003e4                DMA2_Stream6_IRQHandler
                0x00000000080003e4                DMA1_Stream3_IRQHandler

.inits          0x00000000080003e8       0x2c
                0x00000000080003e8                __data_regions_array_start = .
                0x00000000080003e8        0x4 LONG 0x80037c8 LOADADDR (.data)
                0x00000000080003ec        0x4 LONG 0x20000000 ADDR (.data)
                0x00000000080003f0        0x4 LONG 0x20000078 (ADDR (.data) + SIZEOF (.data))
                0x00000000080003f4        0x4 LONG 0x80037c8 LOADADDR (.data_CCMRAM)
                0x00000000080003f8        0x4 LONG 0x10000000 ADDR (.data_CCMRAM)
                0x00000000080003fc        0x4 LONG 0x10000000 (ADDR (.data_CCMRAM) + SIZEOF (.data_CCMRAM))
                0x0000000008000400                __data_regions_array_end = .
                0x0000000008000400                __bss_regions_array_start = .
                0x0000000008000400        0x4 LONG 0x20000078 ADDR (.bss)
                0x0000000008000404        0x4 LONG 0x20000280 (ADDR (.bss) + SIZEOF (.bss))
                0x0000000008000408        0x4 LONG 0x10000000 ADDR (.bss_CCMRAM)
                0x000000000800040c        0x4 LONG 0x10000000 (ADDR (.bss_CCMRAM) + SIZEOF (.bss_CCMRAM))
                0x0000000008000410                __bss_regions_array_end = .
 *(.init)
 *(.fini)
                0x0000000008000410                . = ALIGN (0x4)
                0x0000000008000410                PROVIDE (__preinit_array_start = .)
 *(.preinit_array_sysinit .preinit_array_sysinit.*)
 *(.preinit_array_platform .preinit_array_platform.*)
 *(.preinit_array .preinit_array.*)
                0x0000000008000410                PROVIDE (__preinit_array_end = .)
                0x0000000008000410                . = ALIGN (0x4)
                0x0000000008000410                PROVIDE (__init_array_start = .)
 *(SORT_BY_NAME(.init_array.*))
 *(.init_array)
 .init_array    0x0000000008000410        0x4 ./src/main.o
                0x0000000008000414                PROVIDE (__init_array_end = .)
                0x0000000008000414                . = ALIGN (0x4)
                0x0000000008000414                PROVIDE (__fini_array_start = .)
 *(SORT_BY_NAME(.fini_array.*))
 *(.fini_array)
                0x0000000008000414                PROVIDE (__fini_array_end = .)

.flashtext
 *(.flashtext .flashtext.*)

.text           0x0000000008000420     0x339f
 *(.text .text.*)
 .text.HAL_InitTick
                0x0000000008000420       0x4c ./system/src/stm32f4-hal/stm32f4xx_hal.o
                0x0000000008000420                HAL_InitTick
 .text.HAL_Init
                0x000000000800046c       0x34 ./system/src/stm32f4-hal/stm32f4xx_hal.o
                0x000000000800046c                HAL_Init
 .text.HAL_IncTick
                0x00000000080004a0       0x18 ./system/src/stm32f4-hal/stm32f4xx_hal.o
                0x00000000080004a0                HAL_IncTick
 .text.HAL_GetTick
                0x00000000080004b8        0xc ./system/src/stm32f4-hal/stm32f4xx_hal.o
                0x00000000080004b8                HAL_GetTick
 .text.HAL_NVIC_SetPriorityGrouping
                0x00000000080004c4       0x3c ./system/src/stm32f4-hal/stm32f4xx_hal_cortex.o
                0x00000000080004c4                HAL_NVIC_SetPriorityGrouping
 .text.HAL_NVIC_SetPriority
                0x0000000008000500       0x8c ./system/src/stm32f4-hal/stm32f4xx_hal_cortex.o
                0x0000000008000500                HAL_NVIC_SetPriority
 .text.HAL_SYSTICK_Config
                0x000000000800058c       0x28 ./system/src/stm32f4-hal/stm32f4xx_hal_cortex.o
                0x000000000800058c                HAL_SYSTICK_Config
 .text.HAL_SYSTICK_CLKSourceConfig
                0x00000000080005b4       0x3c ./system/src/stm32f4-hal/stm32f4xx_hal_cortex.o
                0x00000000080005b4                HAL_SYSTICK_CLKSourceConfig
 .text.HAL_GPIO_Init
                0x00000000080005f0      0x2f4 ./system/src/stm32f4-hal/stm32f4xx_hal_gpio.o
                0x00000000080005f0                HAL_GPIO_Init
 .text.HAL_RCC_OscConfig
                0x00000000080008e4      0x4f0 ./system/src/stm32f4-hal/stm32f4xx_hal_rcc.o
                0x00000000080008e4                HAL_RCC_OscConfig
 .text.HAL_RCC_GetSysClockFreq
                0x0000000008000dd4       0xd4 ./system/src/stm32f4-hal/stm32f4xx_hal_rcc.o
                0x0000000008000dd4                HAL_RCC_GetSysClockFreq
 .text.HAL_RCC_ClockConfig
                0x0000000008000ea8      0x21c ./system/src/stm32f4-hal/stm32f4xx_hal_rcc.o
                0x0000000008000ea8                HAL_RCC_ClockConfig
 .text.HAL_RCC_GetHCLKFreq
                0x00000000080010c4        0xc ./system/src/stm32f4-hal/stm32f4xx_hal_rcc.o
                0x00000000080010c4                HAL_RCC_GetHCLKFreq
 .text._sbrk    0x00000000080010d0       0x44 ./system/src/newlib/sbrk.o
                0x00000000080010d0                _sbrk
 .text.get_errno
                0x0000000008001114       0x12 ./system/src/newlib/syscalls.o
 .text.error    0x0000000008001126       0x14 ./system/src/newlib/syscalls.o
 .text.checkerror
                0x000000000800113a       0x10 ./system/src/newlib/syscalls.o
 *fill*         0x000000000800114a        0x2 
 .text.findslot
                0x000000000800114c       0x3c ./system/src/newlib/syscalls.o
 .text._exit    0x0000000008001188       0x20 ./system/src/newlib/syscalls.o
                0x0000000008001188                _exit
 .text.initialise_monitor_handles
                0x00000000080011a8       0xa8 ./system/src/newlib/syscalls.o
                0x00000000080011a8                initialise_monitor_handles
 .text.__initialize_args
                0x0000000008001250       0xc0 ./system/src/newlib/syscalls.o
                0x0000000008001250                __initialize_args
 .text._swiread
                0x0000000008001310       0x20 ./system/src/newlib/syscalls.o
                0x0000000008001310                _swiread
 .text._read    0x0000000008001330       0x36 ./system/src/newlib/syscalls.o
                0x0000000008001330                _read
 .text._swilseek
                0x0000000008001366       0x96 ./system/src/newlib/syscalls.o
                0x0000000008001366                _swilseek
 .text._lseek   0x00000000080013fc        0x8 ./system/src/newlib/syscalls.o
                0x00000000080013fc                _lseek
 .text._swiwrite
                0x0000000008001404       0x20 ./system/src/newlib/syscalls.o
                0x0000000008001404                _swiwrite
 .text._write   0x0000000008001424       0x46 ./system/src/newlib/syscalls.o
                0x0000000008001424                _write
 .text._swiclose
                0x000000000800146a       0x1c ./system/src/newlib/syscalls.o
                0x000000000800146a                _swiclose
 *fill*         0x0000000008001486        0x2 
 .text._close   0x0000000008001488       0x48 ./system/src/newlib/syscalls.o
                0x0000000008001488                _close
 .text._swistat
                0x00000000080014d0       0x44 ./system/src/newlib/syscalls.o
                0x00000000080014d0                _swistat
 .text._fstat   0x0000000008001514       0x1a ./system/src/newlib/syscalls.o
                0x0000000008001514                _fstat
 .text._isatty  0x000000000800152e       0x36 ./system/src/newlib/syscalls.o
                0x000000000800152e                _isatty
 .text._trace_write_semihosting_debug
                0x0000000008001564       0x60 ./system/src/diag/trace-impl.o
 .text.trace_write
                0x00000000080015c4        0x8 ./system/src/diag/trace-impl.o
                0x00000000080015c4                trace_write
 .text.trace_printf
                0x00000000080015cc       0x34 ./system/src/diag/trace.o
                0x00000000080015cc                trace_printf
 .text.trace_puts
                0x0000000008001600       0x20 ./system/src/diag/trace.o
                0x0000000008001600                trace_puts
 .text.trace_dump_args
                0x0000000008001620       0x48 ./system/src/diag/trace.o
                0x0000000008001620                trace_dump_args
 .text.dumpExceptionStack
                0x0000000008001668       0xf4 ./system/src/cortexm/exception-handlers.o
                0x0000000008001668                dumpExceptionStack
 .text.isSemihosting
                0x000000000800175c      0x100 ./system/src/cortexm/exception-handlers.o
                0x000000000800175c                isSemihosting
 .text.__initialize_hardware_early
                0x000000000800185c       0x18 ./system/src/cortexm/initialize-hardware.o
                0x000000000800185c                __initialize_hardware_early
 .text.SystemInit
                0x0000000008001874       0x10 ./system/src/cmsis/system_stm32f4xx.o
                0x0000000008001874                SystemInit
 .text.SystemCoreClockUpdate
                0x0000000008001884       0xa0 ./system/src/cmsis/system_stm32f4xx.o
                0x0000000008001884                SystemCoreClockUpdate
 .text.SystemClock_Config
                0x0000000008001924       0xa0 ./src/initialize-hardware.o
                0x0000000008001924                SystemClock_Config
 .text.__initialize_hardware
                0x00000000080019c4       0x10 ./src/initialize-hardware.o
                0x00000000080019c4                __initialize_hardware
 .text.assert_failed
                0x00000000080019d4       0x14 ./src/initialize-hardware.o
                0x00000000080019d4                assert_failed
 .text._ZN3ledC2Ejjb
                0x00000000080019e8       0x10 ./src/led.o
                0x00000000080019e8                led::led(unsigned int, unsigned int, bool)
                0x00000000080019e8                led::led(unsigned int, unsigned int, bool)
 .text._ZN3led7turn_onEv
                0x00000000080019f8       0x2c ./src/led.o
                0x00000000080019f8                led::turn_on()
 .text._ZN3led8turn_offEv
                0x0000000008001a24       0x2c ./src/led.o
                0x0000000008001a24                led::turn_off()
 .text._ZN3led8power_upEv
                0x0000000008001a50       0x40 ./src/led.o
                0x0000000008001a50                led::power_up()
 .text._ZN3led6toggleEv
                0x0000000008001a90       0x24 ./src/led.o
                0x0000000008001a90                led::toggle()
 .text._ZN3led4isOnEv
                0x0000000008001ab4       0x34 ./src/led.o
                0x0000000008001ab4                led::isOn()
 .text._Z41__static_initialization_and_destruction_0ii
                0x0000000008001ae8       0x50 ./src/main.o
 .text.main     0x0000000008001b38      0x15c ./src/main.o
                0x0000000008001b38                main
 .text._GLOBAL__sub_I_blinkLeds
                0x0000000008001c94        0xe ./src/main.o
 .text.HAL_MspInit
                0x0000000008001ca2        0x2 ./src/stm32f4xx_hal_msp.o
                0x0000000008001ca2                HAL_MspInit
 .text._ZN5timer5startEv
                0x0000000008001ca4       0x38 ./src/timer.o
                0x0000000008001ca4                timer::start()
 .text._ZN5timer5sleepEm
                0x0000000008001cdc       0x14 ./src/timer.o
                0x0000000008001cdc                timer::sleep(unsigned long)
 .text._ZN5timer4tickEv
                0x0000000008001cf0       0x14 ./src/timer.o
                0x0000000008001cf0                timer::tick()
 .text.SysTick_Handler
                0x0000000008001d04        0xc ./src/timer.o
                0x0000000008001d04                SysTick_Handler
 .text          0x0000000008001d10       0x30 c:/users/simas/appdata/roaming/xpacks/@xpack-dev-tools/arm-none-eabi-gcc/10.2.1-1.1.2/.content/bin/../lib/gcc/arm-none-eabi/10.2.1/thumb/v7e-m/nofp\libgcc.a(_aeabi_uldivmod.o)
                0x0000000008001d10                __aeabi_uldivmod
 .text.__udivmoddi4
                0x0000000008001d40      0x2d0 c:/users/simas/appdata/roaming/xpacks/@xpack-dev-tools/arm-none-eabi-gcc/10.2.1-1.1.2/.content/bin/../lib/gcc/arm-none-eabi/10.2.1/thumb/v7e-m/nofp\libgcc.a(_udivmoddi4.o)
                0x0000000008001d40                __udivmoddi4
 .text          0x0000000008002010        0x4 c:/users/simas/appdata/roaming/xpacks/@xpack-dev-tools/arm-none-eabi-gcc/10.2.1-1.1.2/.content/bin/../lib/gcc/arm-none-eabi/10.2.1/thumb/v7e-m/nofp\libgcc.a(_dvmd_tls.o)
                0x0000000008002010                __aeabi_idiv0
                0x0000000008002010                __aeabi_ldiv0
 .text.atoi     0x0000000008002014        0x8 c:/users/simas/appdata/roaming/xpacks/@xpack-dev-tools/arm-none-eabi-gcc/10.2.1-1.1.2/.content/bin/../lib/gcc/arm-none-eabi/10.2.1/../../../../arm-none-eabi/lib/thumb/v7e-m/nofp\libg_nano.a(lib_a-atoi.o)
                0x0000000008002014                atoi
 .text.__errno  0x000000000800201c        0xc c:/users/simas/appdata/roaming/xpacks/@xpack-dev-tools/arm-none-eabi-gcc/10.2.1-1.1.2/.content/bin/../lib/gcc/arm-none-eabi/10.2.1/../../../../arm-none-eabi/lib/thumb/v7e-m/nofp\libg_nano.a(lib_a-errno.o)
                0x000000000800201c                __errno
 .text.std      0x0000000008002028       0x48 c:/users/simas/appdata/roaming/xpacks/@xpack-dev-tools/arm-none-eabi-gcc/10.2.1-1.1.2/.content/bin/../lib/gcc/arm-none-eabi/10.2.1/../../../../arm-none-eabi/lib/thumb/v7e-m/nofp\libg_nano.a(lib_a-findfp.o)
 .text._cleanup_r
                0x0000000008002070        0xc c:/users/simas/appdata/roaming/xpacks/@xpack-dev-tools/arm-none-eabi-gcc/10.2.1-1.1.2/.content/bin/../lib/gcc/arm-none-eabi/10.2.1/../../../../arm-none-eabi/lib/thumb/v7e-m/nofp\libg_nano.a(lib_a-findfp.o)
                0x0000000008002070                _cleanup_r
 .text.__sfmoreglue
                0x000000000800207c       0x2c c:/users/simas/appdata/roaming/xpacks/@xpack-dev-tools/arm-none-eabi-gcc/10.2.1-1.1.2/.content/bin/../lib/gcc/arm-none-eabi/10.2.1/../../../../arm-none-eabi/lib/thumb/v7e-m/nofp\libg_nano.a(lib_a-findfp.o)
                0x000000000800207c                __sfmoreglue
 .text.__sfp_lock_acquire
                0x00000000080020a8        0xc c:/users/simas/appdata/roaming/xpacks/@xpack-dev-tools/arm-none-eabi-gcc/10.2.1-1.1.2/.content/bin/../lib/gcc/arm-none-eabi/10.2.1/../../../../arm-none-eabi/lib/thumb/v7e-m/nofp\libg_nano.a(lib_a-findfp.o)
                0x00000000080020a8                __sfp_lock_acquire
 .text.__sfp_lock_release
                0x00000000080020b4        0xc c:/users/simas/appdata/roaming/xpacks/@xpack-dev-tools/arm-none-eabi-gcc/10.2.1-1.1.2/.content/bin/../lib/gcc/arm-none-eabi/10.2.1/../../../../arm-none-eabi/lib/thumb/v7e-m/nofp\libg_nano.a(lib_a-findfp.o)
                0x00000000080020b4                __sfp_lock_release
 .text.__sinit_lock_acquire
                0x00000000080020c0        0xc c:/users/simas/appdata/roaming/xpacks/@xpack-dev-tools/arm-none-eabi-gcc/10.2.1-1.1.2/.content/bin/../lib/gcc/arm-none-eabi/10.2.1/../../../../arm-none-eabi/lib/thumb/v7e-m/nofp\libg_nano.a(lib_a-findfp.o)
                0x00000000080020c0                __sinit_lock_acquire
 .text.__sinit_lock_release
                0x00000000080020cc        0xc c:/users/simas/appdata/roaming/xpacks/@xpack-dev-tools/arm-none-eabi-gcc/10.2.1-1.1.2/.content/bin/../lib/gcc/arm-none-eabi/10.2.1/../../../../arm-none-eabi/lib/thumb/v7e-m/nofp\libg_nano.a(lib_a-findfp.o)
                0x00000000080020cc                __sinit_lock_release
 .text.__sinit  0x00000000080020d8       0x70 c:/users/simas/appdata/roaming/xpacks/@xpack-dev-tools/arm-none-eabi-gcc/10.2.1-1.1.2/.content/bin/../lib/gcc/arm-none-eabi/10.2.1/../../../../arm-none-eabi/lib/thumb/v7e-m/nofp\libg_nano.a(lib_a-findfp.o)
                0x00000000080020d8                __sinit
 .text.__sfp    0x0000000008002148       0x8c c:/users/simas/appdata/roaming/xpacks/@xpack-dev-tools/arm-none-eabi-gcc/10.2.1-1.1.2/.content/bin/../lib/gcc/arm-none-eabi/10.2.1/../../../../arm-none-eabi/lib/thumb/v7e-m/nofp\libg_nano.a(lib_a-findfp.o)
                0x0000000008002148                __sfp
 .text._fwalk_reent
                0x00000000080021d4       0x3e c:/users/simas/appdata/roaming/xpacks/@xpack-dev-tools/arm-none-eabi-gcc/10.2.1-1.1.2/.content/bin/../lib/gcc/arm-none-eabi/10.2.1/../../../../arm-none-eabi/lib/thumb/v7e-m/nofp\libg_nano.a(lib_a-fwalk.o)
                0x00000000080021d4                _fwalk_reent
 *fill*         0x0000000008002212        0x2 
 .text._fwrite_r
                0x0000000008002214       0xc0 c:/users/simas/appdata/roaming/xpacks/@xpack-dev-tools/arm-none-eabi-gcc/10.2.1-1.1.2/.content/bin/../lib/gcc/arm-none-eabi/10.2.1/../../../../arm-none-eabi/lib/thumb/v7e-m/nofp\libg_nano.a(lib_a-fwrite.o)
                0x0000000008002214                _fwrite_r
 .text.fwrite   0x00000000080022d4       0x1c c:/users/simas/appdata/roaming/xpacks/@xpack-dev-tools/arm-none-eabi-gcc/10.2.1-1.1.2/.content/bin/../lib/gcc/arm-none-eabi/10.2.1/../../../../arm-none-eabi/lib/thumb/v7e-m/nofp\libg_nano.a(lib_a-fwrite.o)
                0x00000000080022d4                fwrite
 .text.__retarget_lock_init_recursive
                0x00000000080022f0        0x2 c:/users/simas/appdata/roaming/xpacks/@xpack-dev-tools/arm-none-eabi-gcc/10.2.1-1.1.2/.content/bin/../lib/gcc/arm-none-eabi/10.2.1/../../../../arm-none-eabi/lib/thumb/v7e-m/nofp\libg_nano.a(lib_a-lock.o)
                0x00000000080022f0                __retarget_lock_init_recursive
 .text.__retarget_lock_acquire_recursive
                0x00000000080022f2        0x2 c:/users/simas/appdata/roaming/xpacks/@xpack-dev-tools/arm-none-eabi-gcc/10.2.1-1.1.2/.content/bin/../lib/gcc/arm-none-eabi/10.2.1/../../../../arm-none-eabi/lib/thumb/v7e-m/nofp\libg_nano.a(lib_a-lock.o)
                0x00000000080022f2                __retarget_lock_acquire_recursive
 .text.__retarget_lock_release_recursive
                0x00000000080022f4        0x2 c:/users/simas/appdata/roaming/xpacks/@xpack-dev-tools/arm-none-eabi-gcc/10.2.1-1.1.2/.content/bin/../lib/gcc/arm-none-eabi/10.2.1/../../../../arm-none-eabi/lib/thumb/v7e-m/nofp\libg_nano.a(lib_a-lock.o)
                0x00000000080022f4                __retarget_lock_release_recursive
 .text.memset   0x00000000080022f6       0x10 c:/users/simas/appdata/roaming/xpacks/@xpack-dev-tools/arm-none-eabi-gcc/10.2.1-1.1.2/.content/bin/../lib/gcc/arm-none-eabi/10.2.1/../../../../arm-none-eabi/lib/thumb/v7e-m/nofp\libg_nano.a(lib_a-memset.o)
                0x00000000080022f6                memset
 *fill*         0x0000000008002306        0x2 
 .text._malloc_r
                0x0000000008002308       0xb4 c:/users/simas/appdata/roaming/xpacks/@xpack-dev-tools/arm-none-eabi-gcc/10.2.1-1.1.2/.content/bin/../lib/gcc/arm-none-eabi/10.2.1/../../../../arm-none-eabi/lib/thumb/v7e-m/nofp\libg_nano.a(lib_a-nano-mallocr.o)
                0x0000000008002308                _malloc_r
 .text._puts_r  0x00000000080023bc       0xdc c:/users/simas/appdata/roaming/xpacks/@xpack-dev-tools/arm-none-eabi-gcc/10.2.1-1.1.2/.content/bin/../lib/gcc/arm-none-eabi/10.2.1/../../../../arm-none-eabi/lib/thumb/v7e-m/nofp\libg_nano.a(lib_a-puts.o)
                0x00000000080023bc                _puts_r
 .text.puts     0x0000000008002498       0x10 c:/users/simas/appdata/roaming/xpacks/@xpack-dev-tools/arm-none-eabi-gcc/10.2.1-1.1.2/.content/bin/../lib/gcc/arm-none-eabi/10.2.1/../../../../arm-none-eabi/lib/thumb/v7e-m/nofp\libg_nano.a(lib_a-puts.o)
                0x0000000008002498                puts
 .text._sbrk_r  0x00000000080024a8       0x20 c:/users/simas/appdata/roaming/xpacks/@xpack-dev-tools/arm-none-eabi-gcc/10.2.1-1.1.2/.content/bin/../lib/gcc/arm-none-eabi/10.2.1/../../../../arm-none-eabi/lib/thumb/v7e-m/nofp\libg_nano.a(lib_a-sbrkr.o)
                0x00000000080024a8                _sbrk_r
 .text.__sread  0x00000000080024c8       0x22 c:/users/simas/appdata/roaming/xpacks/@xpack-dev-tools/arm-none-eabi-gcc/10.2.1-1.1.2/.content/bin/../lib/gcc/arm-none-eabi/10.2.1/../../../../arm-none-eabi/lib/thumb/v7e-m/nofp\libg_nano.a(lib_a-stdio.o)
                0x00000000080024c8                __sread
 .text.__swrite
                0x00000000080024ea       0x38 c:/users/simas/appdata/roaming/xpacks/@xpack-dev-tools/arm-none-eabi-gcc/10.2.1-1.1.2/.content/bin/../lib/gcc/arm-none-eabi/10.2.1/../../../../arm-none-eabi/lib/thumb/v7e-m/nofp\libg_nano.a(lib_a-stdio.o)
                0x00000000080024ea                __swrite
 .text.__sseek  0x0000000008002522       0x24 c:/users/simas/appdata/roaming/xpacks/@xpack-dev-tools/arm-none-eabi-gcc/10.2.1-1.1.2/.content/bin/../lib/gcc/arm-none-eabi/10.2.1/../../../../arm-none-eabi/lib/thumb/v7e-m/nofp\libg_nano.a(lib_a-stdio.o)
                0x0000000008002522                __sseek
 .text.__sclose
                0x0000000008002546        0x8 c:/users/simas/appdata/roaming/xpacks/@xpack-dev-tools/arm-none-eabi-gcc/10.2.1-1.1.2/.content/bin/../lib/gcc/arm-none-eabi/10.2.1/../../../../arm-none-eabi/lib/thumb/v7e-m/nofp\libg_nano.a(lib_a-stdio.o)
                0x0000000008002546                __sclose
 .text          0x000000000800254e       0x14 c:/users/simas/appdata/roaming/xpacks/@xpack-dev-tools/arm-none-eabi-gcc/10.2.1-1.1.2/.content/bin/../lib/gcc/arm-none-eabi/10.2.1/../../../../arm-none-eabi/lib/thumb/v7e-m/nofp\libg_nano.a(lib_a-strcmp.o)
                0x000000000800254e                strcmp
 .text          0x0000000008002562       0x10 c:/users/simas/appdata/roaming/xpacks/@xpack-dev-tools/arm-none-eabi-gcc/10.2.1-1.1.2/.content/bin/../lib/gcc/arm-none-eabi/10.2.1/../../../../arm-none-eabi/lib/thumb/v7e-m/nofp\libg_nano.a(lib_a-strlen.o)
                0x0000000008002562                strlen
 *fill*         0x0000000008002572        0x2 
 .text._strtol_l.constprop.0
                0x0000000008002574       0xf8 c:/users/simas/appdata/roaming/xpacks/@xpack-dev-tools/arm-none-eabi-gcc/10.2.1-1.1.2/.content/bin/../lib/gcc/arm-none-eabi/10.2.1/../../../../arm-none-eabi/lib/thumb/v7e-m/nofp\libg_nano.a(lib_a-strtol.o)
 .text.strtol   0x000000000800266c       0x14 c:/users/simas/appdata/roaming/xpacks/@xpack-dev-tools/arm-none-eabi-gcc/10.2.1-1.1.2/.content/bin/../lib/gcc/arm-none-eabi/10.2.1/../../../../arm-none-eabi/lib/thumb/v7e-m/nofp\libg_nano.a(lib_a-strtol.o)
                0x000000000800266c                strtol
 .text._vsnprintf_r
                0x0000000008002680       0x56 c:/users/simas/appdata/roaming/xpacks/@xpack-dev-tools/arm-none-eabi-gcc/10.2.1-1.1.2/.content/bin/../lib/gcc/arm-none-eabi/10.2.1/../../../../arm-none-eabi/lib/thumb/v7e-m/nofp\libg_nano.a(lib_a-vsnprintf.o)
                0x0000000008002680                _vsniprintf_r
                0x0000000008002680                _vsnprintf_r
 *fill*         0x00000000080026d6        0x2 
 .text.vsnprintf
                0x00000000080026d8       0x1c c:/users/simas/appdata/roaming/xpacks/@xpack-dev-tools/arm-none-eabi-gcc/10.2.1-1.1.2/.content/bin/../lib/gcc/arm-none-eabi/10.2.1/../../../../arm-none-eabi/lib/thumb/v7e-m/nofp\libg_nano.a(lib_a-vsnprintf.o)
                0x00000000080026d8                vsniprintf
                0x00000000080026d8                vsnprintf
 .text.__swbuf_r
                0x00000000080026f4       0xa4 c:/users/simas/appdata/roaming/xpacks/@xpack-dev-tools/arm-none-eabi-gcc/10.2.1-1.1.2/.content/bin/../lib/gcc/arm-none-eabi/10.2.1/../../../../arm-none-eabi/lib/thumb/v7e-m/nofp\libg_nano.a(lib_a-wbuf.o)
                0x00000000080026f4                __swbuf_r
 .text._write_r
                0x0000000008002798       0x24 c:/users/simas/appdata/roaming/xpacks/@xpack-dev-tools/arm-none-eabi-gcc/10.2.1-1.1.2/.content/bin/../lib/gcc/arm-none-eabi/10.2.1/../../../../arm-none-eabi/lib/thumb/v7e-m/nofp\libg_nano.a(lib_a-writer.o)
                0x0000000008002798                _write_r
 .text.__swsetup_r
                0x00000000080027bc       0xdc c:/users/simas/appdata/roaming/xpacks/@xpack-dev-tools/arm-none-eabi-gcc/10.2.1-1.1.2/.content/bin/../lib/gcc/arm-none-eabi/10.2.1/../../../../arm-none-eabi/lib/thumb/v7e-m/nofp\libg_nano.a(lib_a-wsetup.o)
                0x00000000080027bc                __swsetup_r
 .text._close_r
                0x0000000008002898       0x20 c:/users/simas/appdata/roaming/xpacks/@xpack-dev-tools/arm-none-eabi-gcc/10.2.1-1.1.2/.content/bin/../lib/gcc/arm-none-eabi/10.2.1/../../../../arm-none-eabi/lib/thumb/v7e-m/nofp\libg_nano.a(lib_a-closer.o)
                0x0000000008002898                _close_r
 .text.__sflush_r
                0x00000000080028b8      0x104 c:/users/simas/appdata/roaming/xpacks/@xpack-dev-tools/arm-none-eabi-gcc/10.2.1-1.1.2/.content/bin/../lib/gcc/arm-none-eabi/10.2.1/../../../../arm-none-eabi/lib/thumb/v7e-m/nofp\libg_nano.a(lib_a-fflush.o)
                0x00000000080028b8                __sflush_r
 .text._fflush_r
                0x00000000080029bc       0x78 c:/users/simas/appdata/roaming/xpacks/@xpack-dev-tools/arm-none-eabi-gcc/10.2.1-1.1.2/.content/bin/../lib/gcc/arm-none-eabi/10.2.1/../../../../arm-none-eabi/lib/thumb/v7e-m/nofp\libg_nano.a(lib_a-fflush.o)
                0x00000000080029bc                _fflush_r
 .text._lseek_r
                0x0000000008002a34       0x24 c:/users/simas/appdata/roaming/xpacks/@xpack-dev-tools/arm-none-eabi-gcc/10.2.1-1.1.2/.content/bin/../lib/gcc/arm-none-eabi/10.2.1/../../../../arm-none-eabi/lib/thumb/v7e-m/nofp\libg_nano.a(lib_a-lseekr.o)
                0x0000000008002a34                _lseek_r
 .text.__swhatbuf_r
                0x0000000008002a58       0x4a c:/users/simas/appdata/roaming/xpacks/@xpack-dev-tools/arm-none-eabi-gcc/10.2.1-1.1.2/.content/bin/../lib/gcc/arm-none-eabi/10.2.1/../../../../arm-none-eabi/lib/thumb/v7e-m/nofp\libg_nano.a(lib_a-makebuf.o)
                0x0000000008002a58                __swhatbuf_r
 *fill*         0x0000000008002aa2        0x2 
 .text.__smakebuf_r
                0x0000000008002aa4       0x80 c:/users/simas/appdata/roaming/xpacks/@xpack-dev-tools/arm-none-eabi-gcc/10.2.1-1.1.2/.content/bin/../lib/gcc/arm-none-eabi/10.2.1/../../../../arm-none-eabi/lib/thumb/v7e-m/nofp\libg_nano.a(lib_a-makebuf.o)
                0x0000000008002aa4                __smakebuf_r
 .text.__malloc_lock
                0x0000000008002b24        0xc c:/users/simas/appdata/roaming/xpacks/@xpack-dev-tools/arm-none-eabi-gcc/10.2.1-1.1.2/.content/bin/../lib/gcc/arm-none-eabi/10.2.1/../../../../arm-none-eabi/lib/thumb/v7e-m/nofp\libg_nano.a(lib_a-mlock.o)
                0x0000000008002b24                __malloc_lock
 .text.__malloc_unlock
                0x0000000008002b30        0xc c:/users/simas/appdata/roaming/xpacks/@xpack-dev-tools/arm-none-eabi-gcc/10.2.1-1.1.2/.content/bin/../lib/gcc/arm-none-eabi/10.2.1/../../../../arm-none-eabi/lib/thumb/v7e-m/nofp\libg_nano.a(lib_a-mlock.o)
                0x0000000008002b30                __malloc_unlock
 .text._free_r  0x0000000008002b3c       0x94 c:/users/simas/appdata/roaming/xpacks/@xpack-dev-tools/arm-none-eabi-gcc/10.2.1-1.1.2/.content/bin/../lib/gcc/arm-none-eabi/10.2.1/../../../../arm-none-eabi/lib/thumb/v7e-m/nofp\libg_nano.a(lib_a-nano-freer.o)
                0x0000000008002b3c                _free_r
 .text.__ssputs_r
                0x0000000008002bd0       0xb6 c:/users/simas/appdata/roaming/xpacks/@xpack-dev-tools/arm-none-eabi-gcc/10.2.1-1.1.2/.content/bin/../lib/gcc/arm-none-eabi/10.2.1/../../../../arm-none-eabi/lib/thumb/v7e-m/nofp\libg_nano.a(lib_a-nano-svfprintf.o)
                0x0000000008002bd0                __ssputs_r
 *fill*         0x0000000008002c86        0x2 
 .text._svfprintf_r
                0x0000000008002c88      0x200 c:/users/simas/appdata/roaming/xpacks/@xpack-dev-tools/arm-none-eabi-gcc/10.2.1-1.1.2/.content/bin/../lib/gcc/arm-none-eabi/10.2.1/../../../../arm-none-eabi/lib/thumb/v7e-m/nofp\libg_nano.a(lib_a-nano-svfprintf.o)
                0x0000000008002c88                _svfiprintf_r
                0x0000000008002c88                _svfprintf_r
 .text._printf_common
                0x0000000008002e88       0xda c:/users/simas/appdata/roaming/xpacks/@xpack-dev-tools/arm-none-eabi-gcc/10.2.1-1.1.2/.content/bin/../lib/gcc/arm-none-eabi/10.2.1/../../../../arm-none-eabi/lib/thumb/v7e-m/nofp\libg_nano.a(lib_a-nano-vfprintf_i.o)
                0x0000000008002e88                _printf_common
 *fill*         0x0000000008002f62        0x2 
 .text._printf_i
                0x0000000008002f64      0x24c c:/users/simas/appdata/roaming/xpacks/@xpack-dev-tools/arm-none-eabi-gcc/10.2.1-1.1.2/.content/bin/../lib/gcc/arm-none-eabi/10.2.1/../../../../arm-none-eabi/lib/thumb/v7e-m/nofp\libg_nano.a(lib_a-nano-vfprintf_i.o)
                0x0000000008002f64                _printf_i
 .text._read_r  0x00000000080031b0       0x24 c:/users/simas/appdata/roaming/xpacks/@xpack-dev-tools/arm-none-eabi-gcc/10.2.1-1.1.2/.content/bin/../lib/gcc/arm-none-eabi/10.2.1/../../../../arm-none-eabi/lib/thumb/v7e-m/nofp\libg_nano.a(lib_a-readr.o)
                0x00000000080031b0                _read_r
 .text._fstat_r
                0x00000000080031d4       0x24 c:/users/simas/appdata/roaming/xpacks/@xpack-dev-tools/arm-none-eabi-gcc/10.2.1-1.1.2/.content/bin/../lib/gcc/arm-none-eabi/10.2.1/../../../../arm-none-eabi/lib/thumb/v7e-m/nofp\libg_nano.a(lib_a-fstatr.o)
                0x00000000080031d4                _fstat_r
 .text._isatty_r
                0x00000000080031f8       0x20 c:/users/simas/appdata/roaming/xpacks/@xpack-dev-tools/arm-none-eabi-gcc/10.2.1-1.1.2/.content/bin/../lib/gcc/arm-none-eabi/10.2.1/../../../../arm-none-eabi/lib/thumb/v7e-m/nofp\libg_nano.a(lib_a-isattyr.o)
                0x00000000080031f8                _isatty_r
 *fill*         0x0000000008003218        0x8 
 .text          0x0000000008003220       0xa0 c:/users/simas/appdata/roaming/xpacks/@xpack-dev-tools/arm-none-eabi-gcc/10.2.1-1.1.2/.content/bin/../lib/gcc/arm-none-eabi/10.2.1/../../../../arm-none-eabi/lib/thumb/v7e-m/nofp\libg_nano.a(lib_a-memchr.o)
                0x0000000008003220                memchr
 .text.memcpy   0x00000000080032c0       0x1c c:/users/simas/appdata/roaming/xpacks/@xpack-dev-tools/arm-none-eabi-gcc/10.2.1-1.1.2/.content/bin/../lib/gcc/arm-none-eabi/10.2.1/../../../../arm-none-eabi/lib/thumb/v7e-m/nofp\libg_nano.a(lib_a-memcpy-stub.o)
                0x00000000080032c0                memcpy
 .text.memmove  0x00000000080032dc       0x34 c:/users/simas/appdata/roaming/xpacks/@xpack-dev-tools/arm-none-eabi-gcc/10.2.1-1.1.2/.content/bin/../lib/gcc/arm-none-eabi/10.2.1/../../../../arm-none-eabi/lib/thumb/v7e-m/nofp\libg_nano.a(lib_a-memmove.o)
                0x00000000080032dc                memmove
 .text._realloc_r
                0x0000000008003310       0x4c c:/users/simas/appdata/roaming/xpacks/@xpack-dev-tools/arm-none-eabi-gcc/10.2.1-1.1.2/.content/bin/../lib/gcc/arm-none-eabi/10.2.1/../../../../arm-none-eabi/lib/thumb/v7e-m/nofp\libg_nano.a(lib_a-nano-reallocr.o)
                0x0000000008003310                _realloc_r
 .text._malloc_usable_size_r
                0x000000000800335c       0x10 c:/users/simas/appdata/roaming/xpacks/@xpack-dev-tools/arm-none-eabi-gcc/10.2.1-1.1.2/.content/bin/../lib/gcc/arm-none-eabi/10.2.1/../../../../arm-none-eabi/lib/thumb/v7e-m/nofp\libg_nano.a(lib_a-nano-msizer.o)
                0x000000000800335c                _malloc_usable_size_r
 *(.rodata .rodata.* .constdata .constdata.*)
 .rodata.HAL_NVIC_SetPriorityGrouping.str1.4
                0x000000000800336c       0x31 ./system/src/stm32f4-hal/stm32f4xx_hal_cortex.o
 *fill*         0x000000000800339d        0x3 
 .rodata.HAL_GPIO_Init.str1.4
                0x00000000080033a0       0x2f ./system/src/stm32f4-hal/stm32f4xx_hal_gpio.o
 *fill*         0x00000000080033cf        0x1 
 .rodata.HAL_RCC_OscConfig.str1.4
                0x00000000080033d0       0x2e ./system/src/stm32f4-hal/stm32f4xx_hal_rcc.o
 *fill*         0x00000000080033fe        0x2 
 .rodata.initialise_monitor_handles.str1.4
                0x0000000008003400        0x4 ./system/src/newlib/syscalls.o
 .rodata.trace_puts.str1.4
                0x0000000008003404        0x4 ./system/src/diag/trace.o
                                          0x2 (size before relaxing)
 .rodata.trace_dump_args.str1.4
                0x0000000008003404       0x29 ./system/src/diag/trace.o
 *fill*         0x000000000800342d        0x3 
 .rodata.dumpExceptionStack.str1.4
                0x0000000008003430      0x11a ./system/src/cortexm/exception-handlers.o
 .rodata.isSemihosting.str1.4
                0x000000000800354a        0x4 ./system/src/cortexm/exception-handlers.o
 *fill*         0x000000000800354a        0x2 
 .rodata.str1.4
                0x000000000800354c       0x2a ./system/src/cortexm/exception-handlers.o
 *fill*         0x0000000008003576        0x2 
 .rodata.AHBPrescTable
                0x0000000008003578       0x10 ./system/src/cmsis/system_stm32f4xx.o
                0x0000000008003578                AHBPrescTable
 .rodata.assert_failed.str1.4
                0x0000000008003588       0x2d ./src/initialize-hardware.o
 *fill*         0x00000000080035b5        0x3 
 .rodata.main.str1.4
                0x00000000080035b8       0x6f ./src/main.o
 .rodata._ctype_
                0x0000000008003627      0x101 c:/users/simas/appdata/roaming/xpacks/@xpack-dev-tools/arm-none-eabi-gcc/10.2.1-1.1.2/.content/bin/../lib/gcc/arm-none-eabi/10.2.1/../../../../arm-none-eabi/lib/thumb/v7e-m/nofp\libg_nano.a(lib_a-ctype_.o)
                0x0000000008003627                _ctype_
 .rodata.__sf_fake_stderr
                0x0000000008003728       0x20 c:/users/simas/appdata/roaming/xpacks/@xpack-dev-tools/arm-none-eabi-gcc/10.2.1-1.1.2/.content/bin/../lib/gcc/arm-none-eabi/10.2.1/../../../../arm-none-eabi/lib/thumb/v7e-m/nofp\libg_nano.a(lib_a-findfp.o)
                0x0000000008003728                __sf_fake_stderr
 .rodata.__sf_fake_stdin
                0x0000000008003748       0x20 c:/users/simas/appdata/roaming/xpacks/@xpack-dev-tools/arm-none-eabi-gcc/10.2.1-1.1.2/.content/bin/../lib/gcc/arm-none-eabi/10.2.1/../../../../arm-none-eabi/lib/thumb/v7e-m/nofp\libg_nano.a(lib_a-findfp.o)
                0x0000000008003748                __sf_fake_stdin
 .rodata.__sf_fake_stdout
                0x0000000008003768       0x20 c:/users/simas/appdata/roaming/xpacks/@xpack-dev-tools/arm-none-eabi-gcc/10.2.1-1.1.2/.content/bin/../lib/gcc/arm-none-eabi/10.2.1/../../../../arm-none-eabi/lib/thumb/v7e-m/nofp\libg_nano.a(lib_a-findfp.o)
                0x0000000008003768                __sf_fake_stdout
 .rodata._global_impure_ptr
                0x0000000008003788        0x4 c:/users/simas/appdata/roaming/xpacks/@xpack-dev-tools/arm-none-eabi-gcc/10.2.1-1.1.2/.content/bin/../lib/gcc/arm-none-eabi/10.2.1/../../../../arm-none-eabi/lib/thumb/v7e-m/nofp\libg_nano.a(lib_a-impure.o)
                0x0000000008003788                _global_impure_ptr
 .rodata._svfprintf_r.str1.1
                0x000000000800378c       0x11 c:/users/simas/appdata/roaming/xpacks/@xpack-dev-tools/arm-none-eabi-gcc/10.2.1-1.1.2/.content/bin/../lib/gcc/arm-none-eabi/10.2.1/../../../../arm-none-eabi/lib/thumb/v7e-m/nofp\libg_nano.a(lib_a-nano-svfprintf.o)
 .rodata._printf_i.str1.1
                0x000000000800379d       0x22 c:/users/simas/appdata/roaming/xpacks/@xpack-dev-tools/arm-none-eabi-gcc/10.2.1-1.1.2/.content/bin/../lib/gcc/arm-none-eabi/10.2.1/../../../../arm-none-eabi/lib/thumb/v7e-m/nofp\libg_nano.a(lib_a-nano-vfprintf_i.o)
 *(vtable)
 *(.eh_frame*)
 *(.glue_7)
 .glue_7        0x00000000080037bf        0x0 linker stubs
 *(.glue_7t)
 .glue_7t       0x00000000080037bf        0x0 linker stubs

.vfp11_veneer   0x00000000080037c0        0x0
 .vfp11_veneer  0x00000000080037c0        0x0 linker stubs

.v4_bx          0x00000000080037c0        0x0
 .v4_bx         0x00000000080037c0        0x0 linker stubs

.iplt           0x00000000080037c0        0x0
 .iplt          0x00000000080037c0        0x0 ./system/src/stm32f4-hal/stm32f4xx_hal.o

.ARM.extab
 *(.ARM.extab* .gnu.linkonce.armextab.*)
                0x00000000080037c0                . = ALIGN (0x4)
                0x00000000080037c0                __exidx_start = .

.ARM.exidx      0x00000000080037c0        0x8
 *(.ARM.exidx* .gnu.linkonce.armexidx.*)
 .ARM.exidx.text.__udivmoddi4
                0x00000000080037c0        0x8 c:/users/simas/appdata/roaming/xpacks/@xpack-dev-tools/arm-none-eabi-gcc/10.2.1-1.1.2/.content/bin/../lib/gcc/arm-none-eabi/10.2.1/thumb/v7e-m/nofp\libgcc.a(_udivmoddi4.o)
                0x00000000080037c8                __exidx_end = .

.rel.dyn        0x00000000080037c8        0x0
 .rel.iplt      0x00000000080037c8        0x0 ./system/src/stm32f4-hal/stm32f4xx_hal.o
                0x00000000080037c8                . = ALIGN (0x4)
                0x00000000080037c8                _etext = .
                0x00000000080037c8                __etext = .

.data_CCMRAM    0x0000000010000000        0x0 load address 0x00000000080037c8
 FILL mask 0xff
 *(.data.CCMRAM .data.CCMRAM.*)
                0x0000000010000000                . = ALIGN (0x4)
                0x00000000080037c8                _sidata = LOADADDR (.data)

.data           0x0000000020000000       0x78 load address 0x00000000080037c8
 FILL mask 0xff
                0x0000000020000000                _sdata = .
                0x0000000020000000                __data_start__ = .
 *(.data_begin .data_begin.*)
 .data_begin    0x0000000020000000        0x4 ./system/src/newlib/startup.o
 *(.data .data.*)
 .data.uwTickFreq
                0x0000000020000004        0x1 ./system/src/stm32f4-hal/stm32f4xx_hal.o
                0x0000000020000004                uwTickFreq
 *fill*         0x0000000020000005        0x3 ff
 .data.uwTickPrio
                0x0000000020000008        0x4 ./system/src/stm32f4-hal/stm32f4xx_hal.o
                0x0000000020000008                uwTickPrio
 .data.SystemCoreClock
                0x000000002000000c        0x4 ./system/src/cmsis/system_stm32f4xx.o
                0x000000002000000c                SystemCoreClock
 .data._impure_ptr
                0x0000000020000010        0x4 c:/users/simas/appdata/roaming/xpacks/@xpack-dev-tools/arm-none-eabi-gcc/10.2.1-1.1.2/.content/bin/../lib/gcc/arm-none-eabi/10.2.1/../../../../arm-none-eabi/lib/thumb/v7e-m/nofp\libg_nano.a(lib_a-impure.o)
                0x0000000020000010                _impure_ptr
 .data.impure_data
                0x0000000020000014       0x60 c:/users/simas/appdata/roaming/xpacks/@xpack-dev-tools/arm-none-eabi-gcc/10.2.1-1.1.2/.content/bin/../lib/gcc/arm-none-eabi/10.2.1/../../../../arm-none-eabi/lib/thumb/v7e-m/nofp\libg_nano.a(lib_a-impure.o)
 *(.data_end .data_end.*)
 .data_end      0x0000000020000074        0x4 ./system/src/newlib/startup.o
                0x0000000020000078                . = ALIGN (0x4)
                0x0000000020000078                _edata = .
                0x0000000020000078                __data_end__ = .

.igot.plt       0x0000000020000078        0x0 load address 0x0000000008003840
 .igot.plt      0x0000000020000078        0x0 ./system/src/stm32f4-hal/stm32f4xx_hal.o

.bss_CCMRAM     0x0000000010000000        0x0
 *(.bss.CCMRAM .bss.CCMRAM.*)

.bss            0x0000000020000078      0x208
                0x0000000020000078                __bss_start__ = .
                0x0000000020000078                _sbss = .
 *(.bss_begin .bss_begin.*)
 .bss_begin     0x0000000020000078        0x4 ./system/src/newlib/startup.o
 *(.bss .bss.*)
 .bss.uwTick    0x000000002000007c        0x4 ./system/src/stm32f4-hal/stm32f4xx_hal.o
                0x000000002000007c                uwTick
 .bss.current_heap_end.0
                0x0000000020000080        0x4 ./system/src/newlib/sbrk.o
 .bss.args_buf.1
                0x0000000020000084       0x50 ./system/src/newlib/syscalls.o
 .bss.argv_buf.0
                0x00000000200000d4       0x28 ./system/src/newlib/syscalls.o
 .bss.errno     0x00000000200000fc        0x4 ./system/src/newlib/syscalls.o
                0x00000000200000fc                errno
 .bss.monitor_stderr
                0x0000000020000100        0x4 ./system/src/newlib/syscalls.o
 .bss.monitor_stdin
                0x0000000020000104        0x4 ./system/src/newlib/syscalls.o
 .bss.monitor_stdout
                0x0000000020000108        0x4 ./system/src/newlib/syscalls.o
 .bss.openfiles
                0x000000002000010c       0xa0 ./system/src/newlib/syscalls.o
 .bss.buf.0     0x00000000200001ac       0x80 ./system/src/diag/trace.o
 .bss.blinkLeds
                0x000000002000022c       0x40 ./src/main.o
                0x000000002000022c                blinkLeds
 .bss._ZN5timer13ms_delayCountE
                0x000000002000026c        0x4 ./src/timer.o
                0x000000002000026c                timer::ms_delayCount
 .bss.__lock___malloc_recursive_mutex
                0x0000000020000270        0x1 c:/users/simas/appdata/roaming/xpacks/@xpack-dev-tools/arm-none-eabi-gcc/10.2.1-1.1.2/.content/bin/../lib/gcc/arm-none-eabi/10.2.1/../../../../arm-none-eabi/lib/thumb/v7e-m/nofp\libg_nano.a(lib_a-lock.o)
                0x0000000020000270                __lock___malloc_recursive_mutex
 .bss.__lock___sfp_recursive_mutex
                0x0000000020000271        0x1 c:/users/simas/appdata/roaming/xpacks/@xpack-dev-tools/arm-none-eabi-gcc/10.2.1-1.1.2/.content/bin/../lib/gcc/arm-none-eabi/10.2.1/../../../../arm-none-eabi/lib/thumb/v7e-m/nofp\libg_nano.a(lib_a-lock.o)
                0x0000000020000271                __lock___sfp_recursive_mutex
 .bss.__lock___sinit_recursive_mutex
                0x0000000020000272        0x1 c:/users/simas/appdata/roaming/xpacks/@xpack-dev-tools/arm-none-eabi-gcc/10.2.1-1.1.2/.content/bin/../lib/gcc/arm-none-eabi/10.2.1/../../../../arm-none-eabi/lib/thumb/v7e-m/nofp\libg_nano.a(lib_a-lock.o)
                0x0000000020000272                __lock___sinit_recursive_mutex
 *fill*         0x0000000020000273        0x1 
 .bss.__malloc_free_list
                0x0000000020000274        0x4 c:/users/simas/appdata/roaming/xpacks/@xpack-dev-tools/arm-none-eabi-gcc/10.2.1-1.1.2/.content/bin/../lib/gcc/arm-none-eabi/10.2.1/../../../../arm-none-eabi/lib/thumb/v7e-m/nofp\libg_nano.a(lib_a-nano-mallocr.o)
                0x0000000020000274                __malloc_free_list
 .bss.__malloc_sbrk_start
                0x0000000020000278        0x4 c:/users/simas/appdata/roaming/xpacks/@xpack-dev-tools/arm-none-eabi-gcc/10.2.1-1.1.2/.content/bin/../lib/gcc/arm-none-eabi/10.2.1/../../../../arm-none-eabi/lib/thumb/v7e-m/nofp\libg_nano.a(lib_a-nano-mallocr.o)
                0x0000000020000278                __malloc_sbrk_start
 *(COMMON)
 *(.bss_end .bss_end.*)
 .bss_end       0x000000002000027c        0x4 ./system/src/newlib/startup.o
                0x0000000020000280                . = ALIGN (0x4)
                0x0000000020000280                __bss_end__ = .
                0x0000000020000280                _ebss = .

.noinit_CCMRAM
 *(.noinit.CCMRAM .noinit.CCMRAM.*)

.noinit         0x0000000020000280        0x0
                0x0000000020000280                _noinit = .
 *(.noinit .noinit.*)
                0x0000000020000280                . = ALIGN (0x4)
                0x0000000020000280                _end_noinit = .
                [!provide]                        PROVIDE (end = _end_noinit)
                [!provide]                        PROVIDE (_end = _end_noinit)
                [!provide]                        PROVIDE (__end = _end_noinit)
                [!provide]                        PROVIDE (__end__ = _end_noinit)

._check_stack   0x0000000020000280      0x100
                0x0000000020000380                . = (. + _Minimum_Stack_Size)
 *fill*         0x0000000020000280      0x100 

.b1text
 *(.b1text)
 *(.b1rodata)
 *(.b1rodata.*)

.eb0text
 *(.eb0text)
 *(.eb0rodata)
 *(.eb0rodata.*)

.eb1text
 *(.eb1text)
 *(.eb1rodata)
 *(.eb1rodata.*)

.eb2text
 *(.eb2text)
 *(.eb2rodata)
 *(.eb2rodata.*)

.eb3text
 *(.eb3text)
 *(.eb3rodata)
 *(.eb3rodata.*)

.stab
 *(.stab)

.stabstr
 *(.stabstr)

.stab.excl
 *(.stab.excl)

.stab.exclstr
 *(.stab.exclstr)

.stab.index
 *(.stab.index)

.stab.indexstr
 *(.stab.indexstr)

.comment        0x0000000000000000       0x44
 *(.comment)
 .comment       0x0000000000000000       0x44 ./system/src/stm32f4-hal/stm32f4xx_hal.o
                                         0x45 (size before relaxing)
 .comment       0x0000000000000044       0x45 ./system/src/stm32f4-hal/stm32f4xx_hal_cortex.o
 .comment       0x0000000000000044       0x45 ./system/src/stm32f4-hal/stm32f4xx_hal_gpio.o
 .comment       0x0000000000000044       0x45 ./system/src/stm32f4-hal/stm32f4xx_hal_rcc.o
 .comment       0x0000000000000044       0x45 ./system/src/newlib/sbrk.o
 .comment       0x0000000000000044       0x45 ./system/src/newlib/startup.o
 .comment       0x0000000000000044       0x45 ./system/src/newlib/syscalls.o
 .comment       0x0000000000000044       0x45 ./system/src/diag/trace-impl.o
 .comment       0x0000000000000044       0x45 ./system/src/diag/trace.o
 .comment       0x0000000000000044       0x45 ./system/src/cortexm/exception-handlers.o
 .comment       0x0000000000000044       0x45 ./system/src/cortexm/initialize-hardware.o
 .comment       0x0000000000000044       0x45 ./system/src/cmsis/system_stm32f4xx.o
 .comment       0x0000000000000044       0x45 ./system/src/cmsis/vectors_stm32f407xx.o
 .comment       0x0000000000000044       0x45 ./src/initialize-hardware.o
 .comment       0x0000000000000044       0x45 ./src/led.o
 .comment       0x0000000000000044       0x45 ./src/main.o
 .comment       0x0000000000000044       0x45 ./src/stm32f4xx_hal_msp.o
 .comment       0x0000000000000044       0x45 ./src/timer.o

.ARM.attributes
                0x0000000000000000       0x2c
 .ARM.attributes
                0x0000000000000000       0x2e ./system/src/stm32f4-hal/stm32f4xx_hal.o
 .ARM.attributes
                0x000000000000002e       0x2e ./system/src/stm32f4-hal/stm32f4xx_hal_cortex.o
 .ARM.attributes
                0x000000000000005c       0x2e ./system/src/stm32f4-hal/stm32f4xx_hal_gpio.o
 .ARM.attributes
                0x000000000000008a       0x2e ./system/src/stm32f4-hal/stm32f4xx_hal_rcc.o
 .ARM.attributes
                0x00000000000000b8       0x2e ./system/src/newlib/sbrk.o
 .ARM.attributes
                0x00000000000000e6       0x2e ./system/src/newlib/startup.o
 .ARM.attributes
                0x0000000000000114       0x2e ./system/src/newlib/syscalls.o
 .ARM.attributes
                0x0000000000000142       0x2e ./system/src/diag/trace-impl.o
 .ARM.attributes
                0x0000000000000170       0x2e ./system/src/diag/trace.o
 .ARM.attributes
                0x000000000000019e       0x2e ./system/src/cortexm/exception-handlers.o
 .ARM.attributes
                0x00000000000001cc       0x2e ./system/src/cortexm/initialize-hardware.o
 .ARM.attributes
                0x00000000000001fa       0x2e ./system/src/cmsis/system_stm32f4xx.o
 .ARM.attributes
                0x0000000000000228       0x2e ./system/src/cmsis/vectors_stm32f407xx.o
 .ARM.attributes
                0x0000000000000256       0x2e ./src/initialize-hardware.o
 .ARM.attributes
                0x0000000000000284       0x2e ./src/led.o
 .ARM.attributes
                0x00000000000002b2       0x2e ./src/main.o
 .ARM.attributes
                0x00000000000002e0       0x2e ./src/stm32f4xx_hal_msp.o
 .ARM.attributes
                0x000000000000030e       0x2e ./src/timer.o
 .ARM.attributes
                0x000000000000033c       0x1e c:/users/simas/appdata/roaming/xpacks/@xpack-dev-tools/arm-none-eabi-gcc/10.2.1-1.1.2/.content/bin/../lib/gcc/arm-none-eabi/10.2.1/thumb/v7e-m/nofp\libgcc.a(_aeabi_uldivmod.o)
 .ARM.attributes
                0x000000000000035a       0x2e c:/users/simas/appdata/roaming/xpacks/@xpack-dev-tools/arm-none-eabi-gcc/10.2.1-1.1.2/.content/bin/../lib/gcc/arm-none-eabi/10.2.1/thumb/v7e-m/nofp\libgcc.a(_udivmoddi4.o)
 .ARM.attributes
                0x0000000000000388       0x1e c:/users/simas/appdata/roaming/xpacks/@xpack-dev-tools/arm-none-eabi-gcc/10.2.1-1.1.2/.content/bin/../lib/gcc/arm-none-eabi/10.2.1/thumb/v7e-m/nofp\libgcc.a(_dvmd_tls.o)
 .ARM.attributes
                0x00000000000003a6       0x2e c:/users/simas/appdata/roaming/xpacks/@xpack-dev-tools/arm-none-eabi-gcc/10.2.1-1.1.2/.content/bin/../lib/gcc/arm-none-eabi/10.2.1/../../../../arm-none-eabi/lib/thumb/v7e-m/nofp\libg_nano.a(lib_a-atoi.o)
 .ARM.attributes
                0x00000000000003d4       0x2e c:/users/simas/appdata/roaming/xpacks/@xpack-dev-tools/arm-none-eabi-gcc/10.2.1-1.1.2/.content/bin/../lib/gcc/arm-none-eabi/10.2.1/../../../../arm-none-eabi/lib/thumb/v7e-m/nofp\libg_nano.a(lib_a-ctype_.o)
 .ARM.attributes
                0x0000000000000402       0x2e c:/users/simas/appdata/roaming/xpacks/@xpack-dev-tools/arm-none-eabi-gcc/10.2.1-1.1.2/.content/bin/../lib/gcc/arm-none-eabi/10.2.1/../../../../arm-none-eabi/lib/thumb/v7e-m/nofp\libg_nano.a(lib_a-errno.o)
 .ARM.attributes
                0x0000000000000430       0x2e c:/users/simas/appdata/roaming/xpacks/@xpack-dev-tools/arm-none-eabi-gcc/10.2.1-1.1.2/.content/bin/../lib/gcc/arm-none-eabi/10.2.1/../../../../arm-none-eabi/lib/thumb/v7e-m/nofp\libg_nano.a(lib_a-findfp.o)
 .ARM.attributes
                0x000000000000045e       0x2e c:/users/simas/appdata/roaming/xpacks/@xpack-dev-tools/arm-none-eabi-gcc/10.2.1-1.1.2/.content/bin/../lib/gcc/arm-none-eabi/10.2.1/../../../../arm-none-eabi/lib/thumb/v7e-m/nofp\libg_nano.a(lib_a-fwalk.o)
 .ARM.attributes
                0x000000000000048c       0x2e c:/users/simas/appdata/roaming/xpacks/@xpack-dev-tools/arm-none-eabi-gcc/10.2.1-1.1.2/.content/bin/../lib/gcc/arm-none-eabi/10.2.1/../../../../arm-none-eabi/lib/thumb/v7e-m/nofp\libg_nano.a(lib_a-fwrite.o)
 .ARM.attributes
                0x00000000000004ba       0x2e c:/users/simas/appdata/roaming/xpacks/@xpack-dev-tools/arm-none-eabi-gcc/10.2.1-1.1.2/.content/bin/../lib/gcc/arm-none-eabi/10.2.1/../../../../arm-none-eabi/lib/thumb/v7e-m/nofp\libg_nano.a(lib_a-impure.o)
 .ARM.attributes
                0x00000000000004e8       0x2e c:/users/simas/appdata/roaming/xpacks/@xpack-dev-tools/arm-none-eabi-gcc/10.2.1-1.1.2/.content/bin/../lib/gcc/arm-none-eabi/10.2.1/../../../../arm-none-eabi/lib/thumb/v7e-m/nofp\libg_nano.a(lib_a-lock.o)
 .ARM.attributes
                0x0000000000000516       0x2e c:/users/simas/appdata/roaming/xpacks/@xpack-dev-tools/arm-none-eabi-gcc/10.2.1-1.1.2/.content/bin/../lib/gcc/arm-none-eabi/10.2.1/../../../../arm-none-eabi/lib/thumb/v7e-m/nofp\libg_nano.a(lib_a-memset.o)
 .ARM.attributes
                0x0000000000000544       0x2e c:/users/simas/appdata/roaming/xpacks/@xpack-dev-tools/arm-none-eabi-gcc/10.2.1-1.1.2/.content/bin/../lib/gcc/arm-none-eabi/10.2.1/../../../../arm-none-eabi/lib/thumb/v7e-m/nofp\libg_nano.a(lib_a-nano-mallocr.o)
 .ARM.attributes
                0x0000000000000572       0x2e c:/users/simas/appdata/roaming/xpacks/@xpack-dev-tools/arm-none-eabi-gcc/10.2.1-1.1.2/.content/bin/../lib/gcc/arm-none-eabi/10.2.1/../../../../arm-none-eabi/lib/thumb/v7e-m/nofp\libg_nano.a(lib_a-puts.o)
 .ARM.attributes
                0x00000000000005a0       0x2e c:/users/simas/appdata/roaming/xpacks/@xpack-dev-tools/arm-none-eabi-gcc/10.2.1-1.1.2/.content/bin/../lib/gcc/arm-none-eabi/10.2.1/../../../../arm-none-eabi/lib/thumb/v7e-m/nofp\libg_nano.a(lib_a-sbrkr.o)
 .ARM.attributes
                0x00000000000005ce       0x2e c:/users/simas/appdata/roaming/xpacks/@xpack-dev-tools/arm-none-eabi-gcc/10.2.1-1.1.2/.content/bin/../lib/gcc/arm-none-eabi/10.2.1/../../../../arm-none-eabi/lib/thumb/v7e-m/nofp\libg_nano.a(lib_a-stdio.o)
 .ARM.attributes
                0x00000000000005fc       0x1c c:/users/simas/appdata/roaming/xpacks/@xpack-dev-tools/arm-none-eabi-gcc/10.2.1-1.1.2/.content/bin/../lib/gcc/arm-none-eabi/10.2.1/../../../../arm-none-eabi/lib/thumb/v7e-m/nofp\libg_nano.a(lib_a-strcmp.o)
 .ARM.attributes
                0x0000000000000618       0x17 c:/users/simas/appdata/roaming/xpacks/@xpack-dev-tools/arm-none-eabi-gcc/10.2.1-1.1.2/.content/bin/../lib/gcc/arm-none-eabi/10.2.1/../../../../arm-none-eabi/lib/thumb/v7e-m/nofp\libg_nano.a(lib_a-strlen.o)
 .ARM.attributes
                0x000000000000062f       0x2e c:/users/simas/appdata/roaming/xpacks/@xpack-dev-tools/arm-none-eabi-gcc/10.2.1-1.1.2/.content/bin/../lib/gcc/arm-none-eabi/10.2.1/../../../../arm-none-eabi/lib/thumb/v7e-m/nofp\libg_nano.a(lib_a-strtol.o)
 .ARM.attributes
                0x000000000000065d       0x2e c:/users/simas/appdata/roaming/xpacks/@xpack-dev-tools/arm-none-eabi-gcc/10.2.1-1.1.2/.content/bin/../lib/gcc/arm-none-eabi/10.2.1/../../../../arm-none-eabi/lib/thumb/v7e-m/nofp\libg_nano.a(lib_a-vsnprintf.o)
 .ARM.attributes
                0x000000000000068b       0x2e c:/users/simas/appdata/roaming/xpacks/@xpack-dev-tools/arm-none-eabi-gcc/10.2.1-1.1.2/.content/bin/../lib/gcc/arm-none-eabi/10.2.1/../../../../arm-none-eabi/lib/thumb/v7e-m/nofp\libg_nano.a(lib_a-wbuf.o)
 .ARM.attributes
                0x00000000000006b9       0x2e c:/users/simas/appdata/roaming/xpacks/@xpack-dev-tools/arm-none-eabi-gcc/10.2.1-1.1.2/.content/bin/../lib/gcc/arm-none-eabi/10.2.1/../../../../arm-none-eabi/lib/thumb/v7e-m/nofp\libg_nano.a(lib_a-writer.o)
 .ARM.attributes
                0x00000000000006e7       0x2e c:/users/simas/appdata/roaming/xpacks/@xpack-dev-tools/arm-none-eabi-gcc/10.2.1-1.1.2/.content/bin/../lib/gcc/arm-none-eabi/10.2.1/../../../../arm-none-eabi/lib/thumb/v7e-m/nofp\libg_nano.a(lib_a-wsetup.o)
 .ARM.attributes
                0x0000000000000715       0x2e c:/users/simas/appdata/roaming/xpacks/@xpack-dev-tools/arm-none-eabi-gcc/10.2.1-1.1.2/.content/bin/../lib/gcc/arm-none-eabi/10.2.1/../../../../arm-none-eabi/lib/thumb/v7e-m/nofp\libg_nano.a(lib_a-closer.o)
 .ARM.attributes
                0x0000000000000743       0x2e c:/users/simas/appdata/roaming/xpacks/@xpack-dev-tools/arm-none-eabi-gcc/10.2.1-1.1.2/.content/bin/../lib/gcc/arm-none-eabi/10.2.1/../../../../arm-none-eabi/lib/thumb/v7e-m/nofp\libg_nano.a(lib_a-fflush.o)
 .ARM.attributes
                0x0000000000000771       0x2e c:/users/simas/appdata/roaming/xpacks/@xpack-dev-tools/arm-none-eabi-gcc/10.2.1-1.1.2/.content/bin/../lib/gcc/arm-none-eabi/10.2.1/../../../../arm-none-eabi/lib/thumb/v7e-m/nofp\libg_nano.a(lib_a-lseekr.o)
 .ARM.attributes
                0x000000000000079f       0x2e c:/users/simas/appdata/roaming/xpacks/@xpack-dev-tools/arm-none-eabi-gcc/10.2.1-1.1.2/.content/bin/../lib/gcc/arm-none-eabi/10.2.1/../../../../arm-none-eabi/lib/thumb/v7e-m/nofp\libg_nano.a(lib_a-makebuf.o)
 .ARM.attributes
                0x00000000000007cd       0x2e c:/users/simas/appdata/roaming/xpacks/@xpack-dev-tools/arm-none-eabi-gcc/10.2.1-1.1.2/.content/bin/../lib/gcc/arm-none-eabi/10.2.1/../../../../arm-none-eabi/lib/thumb/v7e-m/nofp\libg_nano.a(lib_a-mlock.o)
 .ARM.attributes
                0x00000000000007fb       0x2e c:/users/simas/appdata/roaming/xpacks/@xpack-dev-tools/arm-none-eabi-gcc/10.2.1-1.1.2/.content/bin/../lib/gcc/arm-none-eabi/10.2.1/../../../../arm-none-eabi/lib/thumb/v7e-m/nofp\libg_nano.a(lib_a-nano-freer.o)
 .ARM.attributes
                0x0000000000000829       0x2e c:/users/simas/appdata/roaming/xpacks/@xpack-dev-tools/arm-none-eabi-gcc/10.2.1-1.1.2/.content/bin/../lib/gcc/arm-none-eabi/10.2.1/../../../../arm-none-eabi/lib/thumb/v7e-m/nofp\libg_nano.a(lib_a-nano-svfprintf.o)
 .ARM.attributes
                0x0000000000000857       0x2e c:/users/simas/appdata/roaming/xpacks/@xpack-dev-tools/arm-none-eabi-gcc/10.2.1-1.1.2/.content/bin/../lib/gcc/arm-none-eabi/10.2.1/../../../../arm-none-eabi/lib/thumb/v7e-m/nofp\libg_nano.a(lib_a-nano-vfprintf_i.o)
 .ARM.attributes
                0x0000000000000885       0x2e c:/users/simas/appdata/roaming/xpacks/@xpack-dev-tools/arm-none-eabi-gcc/10.2.1-1.1.2/.content/bin/../lib/gcc/arm-none-eabi/10.2.1/../../../../arm-none-eabi/lib/thumb/v7e-m/nofp\libg_nano.a(lib_a-readr.o)
 .ARM.attributes
                0x00000000000008b3       0x2e c:/users/simas/appdata/roaming/xpacks/@xpack-dev-tools/arm-none-eabi-gcc/10.2.1-1.1.2/.content/bin/../lib/gcc/arm-none-eabi/10.2.1/../../../../arm-none-eabi/lib/thumb/v7e-m/nofp\libg_nano.a(lib_a-fstatr.o)
 .ARM.attributes
                0x00000000000008e1       0x2e c:/users/simas/appdata/roaming/xpacks/@xpack-dev-tools/arm-none-eabi-gcc/10.2.1-1.1.2/.content/bin/../lib/gcc/arm-none-eabi/10.2.1/../../../../arm-none-eabi/lib/thumb/v7e-m/nofp\libg_nano.a(lib_a-isattyr.o)
 .ARM.attributes
                0x000000000000090f       0x1c c:/users/simas/appdata/roaming/xpacks/@xpack-dev-tools/arm-none-eabi-gcc/10.2.1-1.1.2/.content/bin/../lib/gcc/arm-none-eabi/10.2.1/../../../../arm-none-eabi/lib/thumb/v7e-m/nofp\libg_nano.a(lib_a-memchr.o)
 .ARM.attributes
                0x000000000000092b       0x2e c:/users/simas/appdata/roaming/xpacks/@xpack-dev-tools/arm-none-eabi-gcc/10.2.1-1.1.2/.content/bin/../lib/gcc/arm-none-eabi/10.2.1/../../../../arm-none-eabi/lib/thumb/v7e-m/nofp\libg_nano.a(lib_a-memcpy-stub.o)
 .ARM.attributes
                0x0000000000000959       0x2e c:/users/simas/appdata/roaming/xpacks/@xpack-dev-tools/arm-none-eabi-gcc/10.2.1-1.1.2/.content/bin/../lib/gcc/arm-none-eabi/10.2.1/../../../../arm-none-eabi/lib/thumb/v7e-m/nofp\libg_nano.a(lib_a-memmove.o)
 .ARM.attributes
                0x0000000000000987       0x2e c:/users/simas/appdata/roaming/xpacks/@xpack-dev-tools/arm-none-eabi-gcc/10.2.1-1.1.2/.content/bin/../lib/gcc/arm-none-eabi/10.2.1/../../../../arm-none-eabi/lib/thumb/v7e-m/nofp\libg_nano.a(lib_a-nano-reallocr.o)
 .ARM.attributes
                0x00000000000009b5       0x2e c:/users/simas/appdata/roaming/xpacks/@xpack-dev-tools/arm-none-eabi-gcc/10.2.1-1.1.2/.content/bin/../lib/gcc/arm-none-eabi/10.2.1/../../../../arm-none-eabi/lib/thumb/v7e-m/nofp\libg_nano.a(lib_a-nano-msizer.o)

.debug
 *(.debug)

.line
 *(.line)

.debug_srcinfo
 *(.debug_srcinfo)

.debug_sfnames
 *(.debug_sfnames)

.debug_aranges  0x0000000000000000      0x6a8
 *(.debug_aranges)
 .debug_aranges
                0x0000000000000000       0xf0 ./system/src/stm32f4-hal/stm32f4xx_hal.o
 .debug_aranges
                0x00000000000000f0       0xa8 ./system/src/stm32f4-hal/stm32f4xx_hal_cortex.o
 .debug_aranges
                0x0000000000000198       0x58 ./system/src/stm32f4-hal/stm32f4xx_hal_gpio.o
 .debug_aranges
                0x00000000000001f0       0x88 ./system/src/stm32f4-hal/stm32f4xx_hal_rcc.o
 .debug_aranges
                0x0000000000000278       0x20 ./system/src/newlib/sbrk.o
 .debug_aranges
                0x0000000000000298       0x40 ./system/src/newlib/startup.o
 .debug_aranges
                0x00000000000002d8      0x120 ./system/src/newlib/syscalls.o
 .debug_aranges
                0x00000000000003f8       0x30 ./system/src/diag/trace-impl.o
 .debug_aranges
                0x0000000000000428       0x38 ./system/src/diag/trace.o
 .debug_aranges
                0x0000000000000460       0x90 ./system/src/cortexm/exception-handlers.o
 .debug_aranges
                0x00000000000004f0       0x28 ./system/src/cortexm/initialize-hardware.o
 .debug_aranges
                0x0000000000000518       0x28 ./system/src/cmsis/system_stm32f4xx.o
 .debug_aranges
                0x0000000000000540       0x20 ./system/src/cmsis/vectors_stm32f407xx.o
 .debug_aranges
                0x0000000000000560       0x30 ./src/initialize-hardware.o
 .debug_aranges
                0x0000000000000590       0x48 ./src/led.o
 .debug_aranges
                0x00000000000005d8       0x60 ./src/main.o
 .debug_aranges
                0x0000000000000638       0x38 ./src/stm32f4xx_hal_msp.o
 .debug_aranges
                0x0000000000000670       0x38 ./src/timer.o

.debug_pubnames
 *(.debug_pubnames)

.debug_info     0x0000000000000000     0xadba
 *(.debug_info .gnu.linkonce.wi.*)
 .debug_info    0x0000000000000000      0xa37 ./system/src/stm32f4-hal/stm32f4xx_hal.o
 .debug_info    0x0000000000000a37     0x1340 ./system/src/stm32f4-hal/stm32f4xx_hal_cortex.o
 .debug_info    0x0000000000001d77      0x930 ./system/src/stm32f4-hal/stm32f4xx_hal_gpio.o
 .debug_info    0x00000000000026a7      0xda2 ./system/src/stm32f4-hal/stm32f4xx_hal_rcc.o
 .debug_info    0x0000000000003449      0x112 ./system/src/newlib/sbrk.o
 .debug_info    0x000000000000355b      0x57f ./system/src/newlib/startup.o
 .debug_info    0x0000000000003ada     0x22f4 ./system/src/newlib/syscalls.o
 .debug_info    0x0000000000005dce      0x320 ./system/src/diag/trace-impl.o
 .debug_info    0x00000000000060ee      0x30b ./system/src/diag/trace.o
 .debug_info    0x00000000000063f9      0xa4f ./system/src/cortexm/exception-handlers.o
 .debug_info    0x0000000000006e48      0x2cb ./system/src/cortexm/initialize-hardware.o
 .debug_info    0x0000000000007113      0x53c ./system/src/cmsis/system_stm32f4xx.o
 .debug_info    0x000000000000764f       0xce ./system/src/cmsis/vectors_stm32f407xx.o
 .debug_info    0x000000000000771d      0x59b ./src/initialize-hardware.o
 .debug_info    0x0000000000007cb8      0x60a ./src/led.o
 .debug_info    0x00000000000082c2     0x21fc ./src/main.o
 .debug_info    0x000000000000a4be       0xbf ./src/stm32f4xx_hal_msp.o
 .debug_info    0x000000000000a57d      0x83d ./src/timer.o

.debug_abbrev   0x0000000000000000     0x2716
 *(.debug_abbrev)
 .debug_abbrev  0x0000000000000000      0x209 ./system/src/stm32f4-hal/stm32f4xx_hal.o
 .debug_abbrev  0x0000000000000209      0x38a ./system/src/stm32f4-hal/stm32f4xx_hal_cortex.o
 .debug_abbrev  0x0000000000000593      0x22e ./system/src/stm32f4-hal/stm32f4xx_hal_gpio.o
 .debug_abbrev  0x00000000000007c1      0x2a0 ./system/src/stm32f4-hal/stm32f4xx_hal_rcc.o
 .debug_abbrev  0x0000000000000a61       0xcd ./system/src/newlib/sbrk.o
 .debug_abbrev  0x0000000000000b2e      0x1fa ./system/src/newlib/startup.o
 .debug_abbrev  0x0000000000000d28      0x499 ./system/src/newlib/syscalls.o
 .debug_abbrev  0x00000000000011c1      0x1eb ./system/src/diag/trace-impl.o
 .debug_abbrev  0x00000000000013ac      0x173 ./system/src/diag/trace.o
 .debug_abbrev  0x000000000000151f      0x2ba ./system/src/cortexm/exception-handlers.o
 .debug_abbrev  0x00000000000017d9       0xe9 ./system/src/cortexm/initialize-hardware.o
 .debug_abbrev  0x00000000000018c2      0x11c ./system/src/cmsis/system_stm32f4xx.o
 .debug_abbrev  0x00000000000019de       0xa5 ./system/src/cmsis/vectors_stm32f407xx.o
 .debug_abbrev  0x0000000000001a83      0x170 ./src/initialize-hardware.o
 .debug_abbrev  0x0000000000001bf3      0x235 ./src/led.o
 .debug_abbrev  0x0000000000001e28      0x5aa ./src/main.o
 .debug_abbrev  0x00000000000023d2       0x47 ./src/stm32f4xx_hal_msp.o
 .debug_abbrev  0x0000000000002419      0x2fd ./src/timer.o

.debug_line     0x0000000000000000     0xd865
 *(.debug_line)
 .debug_line    0x0000000000000000      0xd9a ./system/src/stm32f4-hal/stm32f4xx_hal.o
 .debug_line    0x0000000000000d9a     0x10e2 ./system/src/stm32f4-hal/stm32f4xx_hal_cortex.o
 .debug_line    0x0000000000001e7c     0x10b8 ./system/src/stm32f4-hal/stm32f4xx_hal_gpio.o
 .debug_line    0x0000000000002f34     0x147d ./system/src/stm32f4-hal/stm32f4xx_hal_rcc.o
 .debug_line    0x00000000000043b1      0x3f7 ./system/src/newlib/sbrk.o
 .debug_line    0x00000000000047a8      0x6ec ./system/src/newlib/startup.o
 .debug_line    0x0000000000004e94     0x11c4 ./system/src/newlib/syscalls.o
 .debug_line    0x0000000000006058      0xc4b ./system/src/diag/trace-impl.o
 .debug_line    0x0000000000006ca3      0x4ea ./system/src/diag/trace.o
 .debug_line    0x000000000000718d      0xfb9 ./system/src/cortexm/exception-handlers.o
 .debug_line    0x0000000000008146      0xa62 ./system/src/cortexm/initialize-hardware.o
 .debug_line    0x0000000000008ba8      0xaf4 ./system/src/cmsis/system_stm32f4xx.o
 .debug_line    0x000000000000969c      0x2fa ./system/src/cmsis/vectors_stm32f407xx.o
 .debug_line    0x0000000000009996      0xc0f ./src/initialize-hardware.o
 .debug_line    0x000000000000a5a5      0xb87 ./src/led.o
 .debug_line    0x000000000000b12c     0x11c8 ./src/main.o
 .debug_line    0x000000000000c2f4      0xa52 ./src/stm32f4xx_hal_msp.o
 .debug_line    0x000000000000cd46      0xb1f ./src/timer.o

.debug_frame    0x0000000000000000     0x1980
 *(.debug_frame)
 .debug_frame   0x0000000000000000      0x1f0 ./system/src/stm32f4-hal/stm32f4xx_hal.o
 .debug_frame   0x00000000000001f0      0x19c ./system/src/stm32f4-hal/stm32f4xx_hal_cortex.o
 .debug_frame   0x000000000000038c       0xfc ./system/src/stm32f4-hal/stm32f4xx_hal_gpio.o
 .debug_frame   0x0000000000000488      0x16c ./system/src/stm32f4-hal/stm32f4xx_hal_rcc.o
 .debug_frame   0x00000000000005f4       0x28 ./system/src/newlib/sbrk.o
 .debug_frame   0x000000000000061c       0x7c ./system/src/newlib/startup.o
 .debug_frame   0x0000000000000698      0x3d8 ./system/src/newlib/syscalls.o
 .debug_frame   0x0000000000000a70       0x64 ./system/src/diag/trace-impl.o
 .debug_frame   0x0000000000000ad4       0x94 ./system/src/diag/trace.o
 .debug_frame   0x0000000000000b68      0x164 ./system/src/cortexm/exception-handlers.o
 .debug_frame   0x0000000000000ccc       0x40 ./system/src/cortexm/initialize-hardware.o
 .debug_frame   0x0000000000000d0c       0x30 ./system/src/cmsis/system_stm32f4xx.o
 .debug_frame   0x0000000000000d3c       0x20 ./system/src/cmsis/vectors_stm32f407xx.o
 .debug_frame   0x0000000000000d5c       0x60 ./src/initialize-hardware.o
 .debug_frame   0x0000000000000dbc       0x80 ./src/led.o
 .debug_frame   0x0000000000000e3c      0x114 ./src/main.o
 .debug_frame   0x0000000000000f50       0x50 ./src/stm32f4xx_hal_msp.o
 .debug_frame   0x0000000000000fa0       0x58 ./src/timer.o
 .debug_frame   0x0000000000000ff8       0x2c c:/users/simas/appdata/roaming/xpacks/@xpack-dev-tools/arm-none-eabi-gcc/10.2.1-1.1.2/.content/bin/../lib/gcc/arm-none-eabi/10.2.1/thumb/v7e-m/nofp\libgcc.a(_aeabi_uldivmod.o)
 .debug_frame   0x0000000000001024       0x34 c:/users/simas/appdata/roaming/xpacks/@xpack-dev-tools/arm-none-eabi-gcc/10.2.1-1.1.2/.content/bin/../lib/gcc/arm-none-eabi/10.2.1/thumb/v7e-m/nofp\libgcc.a(_udivmoddi4.o)
 .debug_frame   0x0000000000001058       0x30 c:/users/simas/appdata/roaming/xpacks/@xpack-dev-tools/arm-none-eabi-gcc/10.2.1-1.1.2/.content/bin/../lib/gcc/arm-none-eabi/10.2.1/../../../../arm-none-eabi/lib/thumb/v7e-m/nofp\libg_nano.a(lib_a-atoi.o)
 .debug_frame   0x0000000000001088       0x20 c:/users/simas/appdata/roaming/xpacks/@xpack-dev-tools/arm-none-eabi-gcc/10.2.1-1.1.2/.content/bin/../lib/gcc/arm-none-eabi/10.2.1/../../../../arm-none-eabi/lib/thumb/v7e-m/nofp\libg_nano.a(lib_a-errno.o)
 .debug_frame   0x00000000000010a8      0x14c c:/users/simas/appdata/roaming/xpacks/@xpack-dev-tools/arm-none-eabi-gcc/10.2.1-1.1.2/.content/bin/../lib/gcc/arm-none-eabi/10.2.1/../../../../arm-none-eabi/lib/thumb/v7e-m/nofp\libg_nano.a(lib_a-findfp.o)
 .debug_frame   0x00000000000011f4       0x54 c:/users/simas/appdata/roaming/xpacks/@xpack-dev-tools/arm-none-eabi-gcc/10.2.1-1.1.2/.content/bin/../lib/gcc/arm-none-eabi/10.2.1/../../../../arm-none-eabi/lib/thumb/v7e-m/nofp\libg_nano.a(lib_a-fwalk.o)
 .debug_frame   0x0000000000001248       0x4c c:/users/simas/appdata/roaming/xpacks/@xpack-dev-tools/arm-none-eabi-gcc/10.2.1-1.1.2/.content/bin/../lib/gcc/arm-none-eabi/10.2.1/../../../../arm-none-eabi/lib/thumb/v7e-m/nofp\libg_nano.a(lib_a-fwrite.o)
 .debug_frame   0x0000000000001294       0xb0 c:/users/simas/appdata/roaming/xpacks/@xpack-dev-tools/arm-none-eabi-gcc/10.2.1-1.1.2/.content/bin/../lib/gcc/arm-none-eabi/10.2.1/../../../../arm-none-eabi/lib/thumb/v7e-m/nofp\libg_nano.a(lib_a-lock.o)
 .debug_frame   0x0000000000001344       0x20 c:/users/simas/appdata/roaming/xpacks/@xpack-dev-tools/arm-none-eabi-gcc/10.2.1-1.1.2/.content/bin/../lib/gcc/arm-none-eabi/10.2.1/../../../../arm-none-eabi/lib/thumb/v7e-m/nofp\libg_nano.a(lib_a-memset.o)
 .debug_frame   0x0000000000001364       0x30 c:/users/simas/appdata/roaming/xpacks/@xpack-dev-tools/arm-none-eabi-gcc/10.2.1-1.1.2/.content/bin/../lib/gcc/arm-none-eabi/10.2.1/../../../../arm-none-eabi/lib/thumb/v7e-m/nofp\libg_nano.a(lib_a-nano-mallocr.o)
 .debug_frame   0x0000000000001394       0x3c c:/users/simas/appdata/roaming/xpacks/@xpack-dev-tools/arm-none-eabi-gcc/10.2.1-1.1.2/.content/bin/../lib/gcc/arm-none-eabi/10.2.1/../../../../arm-none-eabi/lib/thumb/v7e-m/nofp\libg_nano.a(lib_a-puts.o)
 .debug_frame   0x00000000000013d0       0x2c c:/users/simas/appdata/roaming/xpacks/@xpack-dev-tools/arm-none-eabi-gcc/10.2.1-1.1.2/.content/bin/../lib/gcc/arm-none-eabi/10.2.1/../../../../arm-none-eabi/lib/thumb/v7e-m/nofp\libg_nano.a(lib_a-sbrkr.o)
 .debug_frame   0x00000000000013fc       0x88 c:/users/simas/appdata/roaming/xpacks/@xpack-dev-tools/arm-none-eabi-gcc/10.2.1-1.1.2/.content/bin/../lib/gcc/arm-none-eabi/10.2.1/../../../../arm-none-eabi/lib/thumb/v7e-m/nofp\libg_nano.a(lib_a-stdio.o)
 .debug_frame   0x0000000000001484       0x20 c:/users/simas/appdata/roaming/xpacks/@xpack-dev-tools/arm-none-eabi-gcc/10.2.1-1.1.2/.content/bin/../lib/gcc/arm-none-eabi/10.2.1/../../../../arm-none-eabi/lib/thumb/v7e-m/nofp\libg_nano.a(lib_a-strcmp.o)
 .debug_frame   0x00000000000014a4       0x64 c:/users/simas/appdata/roaming/xpacks/@xpack-dev-tools/arm-none-eabi-gcc/10.2.1-1.1.2/.content/bin/../lib/gcc/arm-none-eabi/10.2.1/../../../../arm-none-eabi/lib/thumb/v7e-m/nofp\libg_nano.a(lib_a-strtol.o)
 .debug_frame   0x0000000000001508       0x4c c:/users/simas/appdata/roaming/xpacks/@xpack-dev-tools/arm-none-eabi-gcc/10.2.1-1.1.2/.content/bin/../lib/gcc/arm-none-eabi/10.2.1/../../../../arm-none-eabi/lib/thumb/v7e-m/nofp\libg_nano.a(lib_a-vsnprintf.o)
 .debug_frame   0x0000000000001554       0x40 c:/users/simas/appdata/roaming/xpacks/@xpack-dev-tools/arm-none-eabi-gcc/10.2.1-1.1.2/.content/bin/../lib/gcc/arm-none-eabi/10.2.1/../../../../arm-none-eabi/lib/thumb/v7e-m/nofp\libg_nano.a(lib_a-wbuf.o)
 .debug_frame   0x0000000000001594       0x2c c:/users/simas/appdata/roaming/xpacks/@xpack-dev-tools/arm-none-eabi-gcc/10.2.1-1.1.2/.content/bin/../lib/gcc/arm-none-eabi/10.2.1/../../../../arm-none-eabi/lib/thumb/v7e-m/nofp\libg_nano.a(lib_a-writer.o)
 .debug_frame   0x00000000000015c0       0x2c c:/users/simas/appdata/roaming/xpacks/@xpack-dev-tools/arm-none-eabi-gcc/10.2.1-1.1.2/.content/bin/../lib/gcc/arm-none-eabi/10.2.1/../../../../arm-none-eabi/lib/thumb/v7e-m/nofp\libg_nano.a(lib_a-wsetup.o)
 .debug_frame   0x00000000000015ec       0x2c c:/users/simas/appdata/roaming/xpacks/@xpack-dev-tools/arm-none-eabi-gcc/10.2.1-1.1.2/.content/bin/../lib/gcc/arm-none-eabi/10.2.1/../../../../arm-none-eabi/lib/thumb/v7e-m/nofp\libg_nano.a(lib_a-closer.o)
 .debug_frame   0x0000000000001618       0x5c c:/users/simas/appdata/roaming/xpacks/@xpack-dev-tools/arm-none-eabi-gcc/10.2.1-1.1.2/.content/bin/../lib/gcc/arm-none-eabi/10.2.1/../../../../arm-none-eabi/lib/thumb/v7e-m/nofp\libg_nano.a(lib_a-fflush.o)
 .debug_frame   0x0000000000001674       0x2c c:/users/simas/appdata/roaming/xpacks/@xpack-dev-tools/arm-none-eabi-gcc/10.2.1-1.1.2/.content/bin/../lib/gcc/arm-none-eabi/10.2.1/../../../../arm-none-eabi/lib/thumb/v7e-m/nofp\libg_nano.a(lib_a-lseekr.o)
 .debug_frame   0x00000000000016a0       0x58 c:/users/simas/appdata/roaming/xpacks/@xpack-dev-tools/arm-none-eabi-gcc/10.2.1-1.1.2/.content/bin/../lib/gcc/arm-none-eabi/10.2.1/../../../../arm-none-eabi/lib/thumb/v7e-m/nofp\libg_nano.a(lib_a-makebuf.o)
 .debug_frame   0x00000000000016f8       0x30 c:/users/simas/appdata/roaming/xpacks/@xpack-dev-tools/arm-none-eabi-gcc/10.2.1-1.1.2/.content/bin/../lib/gcc/arm-none-eabi/10.2.1/../../../../arm-none-eabi/lib/thumb/v7e-m/nofp\libg_nano.a(lib_a-mlock.o)
 .debug_frame   0x0000000000001728       0x38 c:/users/simas/appdata/roaming/xpacks/@xpack-dev-tools/arm-none-eabi-gcc/10.2.1-1.1.2/.content/bin/../lib/gcc/arm-none-eabi/10.2.1/../../../../arm-none-eabi/lib/thumb/v7e-m/nofp\libg_nano.a(lib_a-nano-freer.o)
 .debug_frame   0x0000000000001760       0x90 c:/users/simas/appdata/roaming/xpacks/@xpack-dev-tools/arm-none-eabi-gcc/10.2.1-1.1.2/.content/bin/../lib/gcc/arm-none-eabi/10.2.1/../../../../arm-none-eabi/lib/thumb/v7e-m/nofp\libg_nano.a(lib_a-nano-svfprintf.o)
 .debug_frame   0x00000000000017f0       0x60 c:/users/simas/appdata/roaming/xpacks/@xpack-dev-tools/arm-none-eabi-gcc/10.2.1-1.1.2/.content/bin/../lib/gcc/arm-none-eabi/10.2.1/../../../../arm-none-eabi/lib/thumb/v7e-m/nofp\libg_nano.a(lib_a-nano-vfprintf_i.o)
 .debug_frame   0x0000000000001850       0x2c c:/users/simas/appdata/roaming/xpacks/@xpack-dev-tools/arm-none-eabi-gcc/10.2.1-1.1.2/.content/bin/../lib/gcc/arm-none-eabi/10.2.1/../../../../arm-none-eabi/lib/thumb/v7e-m/nofp\libg_nano.a(lib_a-readr.o)
 .debug_frame   0x000000000000187c       0x2c c:/users/simas/appdata/roaming/xpacks/@xpack-dev-tools/arm-none-eabi-gcc/10.2.1-1.1.2/.content/bin/../lib/gcc/arm-none-eabi/10.2.1/../../../../arm-none-eabi/lib/thumb/v7e-m/nofp\libg_nano.a(lib_a-fstatr.o)
 .debug_frame   0x00000000000018a8       0x2c c:/users/simas/appdata/roaming/xpacks/@xpack-dev-tools/arm-none-eabi-gcc/10.2.1-1.1.2/.content/bin/../lib/gcc/arm-none-eabi/10.2.1/../../../../arm-none-eabi/lib/thumb/v7e-m/nofp\libg_nano.a(lib_a-isattyr.o)
 .debug_frame   0x00000000000018d4       0x28 c:/users/simas/appdata/roaming/xpacks/@xpack-dev-tools/arm-none-eabi-gcc/10.2.1-1.1.2/.content/bin/../lib/gcc/arm-none-eabi/10.2.1/../../../../arm-none-eabi/lib/thumb/v7e-m/nofp\libg_nano.a(lib_a-memcpy-stub.o)
 .debug_frame   0x00000000000018fc       0x28 c:/users/simas/appdata/roaming/xpacks/@xpack-dev-tools/arm-none-eabi-gcc/10.2.1-1.1.2/.content/bin/../lib/gcc/arm-none-eabi/10.2.1/../../../../arm-none-eabi/lib/thumb/v7e-m/nofp\libg_nano.a(lib_a-memmove.o)
 .debug_frame   0x0000000000001924       0x3c c:/users/simas/appdata/roaming/xpacks/@xpack-dev-tools/arm-none-eabi-gcc/10.2.1-1.1.2/.content/bin/../lib/gcc/arm-none-eabi/10.2.1/../../../../arm-none-eabi/lib/thumb/v7e-m/nofp\libg_nano.a(lib_a-nano-reallocr.o)
 .debug_frame   0x0000000000001960       0x20 c:/users/simas/appdata/roaming/xpacks/@xpack-dev-tools/arm-none-eabi-gcc/10.2.1-1.1.2/.content/bin/../lib/gcc/arm-none-eabi/10.2.1/../../../../arm-none-eabi/lib/thumb/v7e-m/nofp\libg_nano.a(lib_a-nano-msizer.o)

.debug_str      0x0000000000000000    0xf9e6c
 *(.debug_str)
 .debug_str     0x0000000000000000    0xeebac ./system/src/stm32f4-hal/stm32f4xx_hal.o
                                      0xeef5b (size before relaxing)
 .debug_str     0x00000000000eebac      0x38b ./system/src/stm32f4-hal/stm32f4xx_hal_cortex.o
                                      0xeec9a (size before relaxing)
 .debug_str     0x00000000000eef37      0x25f ./system/src/stm32f4-hal/stm32f4xx_hal_gpio.o
                                      0xee5f7 (size before relaxing)
 .debug_str     0x00000000000ef196      0x3b2 ./system/src/stm32f4-hal/stm32f4xx_hal_rcc.o
                                      0xee814 (size before relaxing)
 .debug_str     0x00000000000ef548     0x3590 ./system/src/newlib/sbrk.o
                                       0x6b48 (size before relaxing)
 .debug_str     0x00000000000f2ad8      0x2cb ./system/src/newlib/startup.o
                                       0x6372 (size before relaxing)
 .debug_str     0x00000000000f2da3     0x3f6a ./system/src/newlib/syscalls.o
                                       0xb5bf (size before relaxing)
 .debug_str     0x00000000000f6d0d       0xbd ./system/src/diag/trace-impl.o
                                      0xf162b (size before relaxing)
 .debug_str     0x00000000000f6dca      0x162 ./system/src/diag/trace.o
                                       0x7eee (size before relaxing)
 .debug_str     0x00000000000f6f2c      0x1dc ./system/src/cortexm/exception-handlers.o
                                      0xf2821 (size before relaxing)
 .debug_str     0x00000000000f7108       0x5d ./system/src/cortexm/initialize-hardware.o
                                      0xee2fa (size before relaxing)
 .debug_str     0x00000000000f7165       0x46 ./system/src/cmsis/system_stm32f4xx.o
                                      0xee3e8 (size before relaxing)
 .debug_str     0x00000000000f71ab       0x59 ./system/src/cmsis/vectors_stm32f407xx.o
                                       0x3ced (size before relaxing)
 .debug_str     0x00000000000f7204       0x30 ./src/initialize-hardware.o
                                      0xf15c5 (size before relaxing)
 .debug_str     0x00000000000f7234      0x77c ./src/led.o
                                      0xee8c1 (size before relaxing)
 .debug_str     0x00000000000f79b0     0x2425 ./src/main.o
                                      0xf57ee (size before relaxing)
 .debug_str     0x00000000000f9dd5       0x3d ./src/stm32f4xx_hal_msp.o
                                      0xee225 (size before relaxing)
 .debug_str     0x00000000000f9e12       0x5a ./src/timer.o
                                      0xeed13 (size before relaxing)

.debug_loc      0x0000000000000000     0x3c8a
 *(.debug_loc)
 .debug_loc     0x0000000000000000      0x130 ./system/src/stm32f4-hal/stm32f4xx_hal.o
 .debug_loc     0x0000000000000130      0x92e ./system/src/stm32f4-hal/stm32f4xx_hal_cortex.o
 .debug_loc     0x0000000000000a5e      0x66d ./system/src/stm32f4-hal/stm32f4xx_hal_gpio.o
 .debug_loc     0x00000000000010cb      0x56f ./system/src/stm32f4-hal/stm32f4xx_hal_rcc.o
 .debug_loc     0x000000000000163a       0x97 ./system/src/newlib/sbrk.o
 .debug_loc     0x00000000000016d1      0x49b ./system/src/newlib/startup.o
 .debug_loc     0x0000000000001b6c     0x1427 ./system/src/newlib/syscalls.o
 .debug_loc     0x0000000000002f93      0x194 ./system/src/diag/trace-impl.o
 .debug_loc     0x0000000000003127      0x118 ./system/src/diag/trace.o
 .debug_loc     0x000000000000323f      0x524 ./system/src/cortexm/exception-handlers.o
 .debug_loc     0x0000000000003763      0x158 ./system/src/cmsis/system_stm32f4xx.o
 .debug_loc     0x00000000000038bb       0x64 ./src/initialize-hardware.o
 .debug_loc     0x000000000000391f       0xba ./src/led.o
 .debug_loc     0x00000000000039d9      0x24e ./src/main.o
 .debug_loc     0x0000000000003c27       0x63 ./src/timer.o

.debug_macinfo
 *(.debug_macinfo)

.debug_weaknames
 *(.debug_weaknames)

.debug_funcnames
 *(.debug_funcnames)

.debug_typenames
 *(.debug_typenames)

.debug_varnames
 *(.debug_varnames)
OUTPUT(Valdikliu_programavimas.elf elf32-littlearm)
LOAD linker stubs

.debug_ranges   0x0000000000000000      0x6c0
 .debug_ranges  0x0000000000000000       0xe0 ./system/src/stm32f4-hal/stm32f4xx_hal.o
 .debug_ranges  0x00000000000000e0      0x128 ./system/src/stm32f4-hal/stm32f4xx_hal_cortex.o
 .debug_ranges  0x0000000000000208       0x48 ./system/src/stm32f4-hal/stm32f4xx_hal_gpio.o
 .debug_ranges  0x0000000000000250       0x90 ./system/src/stm32f4-hal/stm32f4xx_hal_rcc.o
 .debug_ranges  0x00000000000002e0       0x10 ./system/src/newlib/sbrk.o
 .debug_ranges  0x00000000000002f0       0x78 ./system/src/newlib/startup.o
 .debug_ranges  0x0000000000000368      0x128 ./system/src/newlib/syscalls.o
 .debug_ranges  0x0000000000000490       0x38 ./system/src/diag/trace-impl.o
 .debug_ranges  0x00000000000004c8       0x28 ./system/src/diag/trace.o
 .debug_ranges  0x00000000000004f0       0x80 ./system/src/cortexm/exception-handlers.o
 .debug_ranges  0x0000000000000570       0x18 ./system/src/cortexm/initialize-hardware.o
 .debug_ranges  0x0000000000000588       0x18 ./system/src/cmsis/system_stm32f4xx.o
 .debug_ranges  0x00000000000005a0       0x10 ./system/src/cmsis/vectors_stm32f407xx.o
 .debug_ranges  0x00000000000005b0       0x20 ./src/initialize-hardware.o
 .debug_ranges  0x00000000000005d0       0x38 ./src/led.o
 .debug_ranges  0x0000000000000608       0x68 ./src/main.o
 .debug_ranges  0x0000000000000670       0x28 ./src/stm32f4xx_hal_msp.o
 .debug_ranges  0x0000000000000698       0x28 ./src/timer.o

.debug_macro    0x0000000000000000    0x2a910
 .debug_macro   0x0000000000000000      0x44c ./system/src/stm32f4-hal/stm32f4xx_hal.o
 .debug_macro   0x000000000000044c      0xa84 ./system/src/stm32f4-hal/stm32f4xx_hal.o
 .debug_macro   0x0000000000000ed0      0x3a2 ./system/src/stm32f4-hal/stm32f4xx_hal.o
 .debug_macro   0x0000000000001272       0x2e ./system/src/stm32f4-hal/stm32f4xx_hal.o
 .debug_macro   0x00000000000012a0       0x2f ./system/src/stm32f4-hal/stm32f4xx_hal.o
 .debug_macro   0x00000000000012cf       0x22 ./system/src/stm32f4-hal/stm32f4xx_hal.o
 .debug_macro   0x00000000000012f1       0x8e ./system/src/stm32f4-hal/stm32f4xx_hal.o
 .debug_macro   0x000000000000137f       0x51 ./system/src/stm32f4-hal/stm32f4xx_hal.o
 .debug_macro   0x00000000000013d0      0x103 ./system/src/stm32f4-hal/stm32f4xx_hal.o
 .debug_macro   0x00000000000014d3       0x6a ./system/src/stm32f4-hal/stm32f4xx_hal.o
 .debug_macro   0x000000000000153d      0x1df ./system/src/stm32f4-hal/stm32f4xx_hal.o
 .debug_macro   0x000000000000171c       0x1c ./system/src/stm32f4-hal/stm32f4xx_hal.o
 .debug_macro   0x0000000000001738       0x22 ./system/src/stm32f4-hal/stm32f4xx_hal.o
 .debug_macro   0x000000000000175a       0xd9 ./system/src/stm32f4-hal/stm32f4xx_hal.o
 .debug_macro   0x0000000000001833     0x102d ./system/src/stm32f4-hal/stm32f4xx_hal.o
 .debug_macro   0x0000000000002860      0x11f ./system/src/stm32f4-hal/stm32f4xx_hal.o
 .debug_macro   0x000000000000297f    0x15e3c ./system/src/stm32f4-hal/stm32f4xx_hal.o
 .debug_macro   0x00000000000187bb       0x43 ./system/src/stm32f4-hal/stm32f4xx_hal.o
 .debug_macro   0x00000000000187fe     0x3659 ./system/src/stm32f4-hal/stm32f4xx_hal.o
 .debug_macro   0x000000000001be57      0x174 ./system/src/stm32f4-hal/stm32f4xx_hal.o
 .debug_macro   0x000000000001bfcb       0x5a ./system/src/stm32f4-hal/stm32f4xx_hal.o
 .debug_macro   0x000000000001c025      0x96b ./system/src/stm32f4-hal/stm32f4xx_hal.o
 .debug_macro   0x000000000001c990      0x9fe ./system/src/stm32f4-hal/stm32f4xx_hal.o
 .debug_macro   0x000000000001d38e      0x117 ./system/src/stm32f4-hal/stm32f4xx_hal.o
 .debug_macro   0x000000000001d4a5      0x13e ./system/src/stm32f4-hal/stm32f4xx_hal.o
 .debug_macro   0x000000000001d5e3       0x27 ./system/src/stm32f4-hal/stm32f4xx_hal.o
 .debug_macro   0x000000000001d60a      0x174 ./system/src/stm32f4-hal/stm32f4xx_hal.o
 .debug_macro   0x000000000001d77e      0x287 ./system/src/stm32f4-hal/stm32f4xx_hal.o
 .debug_macro   0x000000000001da05       0x5f ./system/src/stm32f4-hal/stm32f4xx_hal.o
 .debug_macro   0x000000000001da64      0x236 ./system/src/stm32f4-hal/stm32f4xx_hal.o
 .debug_macro   0x000000000001dc9a      0x391 ./system/src/stm32f4-hal/stm32f4xx_hal.o
 .debug_macro   0x000000000001e02b      0x176 ./system/src/stm32f4-hal/stm32f4xx_hal.o
 .debug_macro   0x000000000001e1a1       0xf9 ./system/src/stm32f4-hal/stm32f4xx_hal.o
 .debug_macro   0x000000000001e29a      0x40f ./system/src/stm32f4-hal/stm32f4xx_hal.o
 .debug_macro   0x000000000001e6a9       0x22 ./system/src/stm32f4-hal/stm32f4xx_hal.o
 .debug_macro   0x000000000001e6cb       0xea ./system/src/stm32f4-hal/stm32f4xx_hal.o
 .debug_macro   0x000000000001e7b5       0xa0 ./system/src/stm32f4-hal/stm32f4xx_hal.o
 .debug_macro   0x000000000001e855       0x3c ./system/src/stm32f4-hal/stm32f4xx_hal.o
 .debug_macro   0x000000000001e891       0x1f ./system/src/stm32f4-hal/stm32f4xx_hal.o
 .debug_macro   0x000000000001e8b0      0x1d2 ./system/src/stm32f4-hal/stm32f4xx_hal.o